Using pre-set license
Built from '6000.1/staging' branch; Version is '6000.1.7f1 (13a8ffad9172) revision 1288447'; Using compiler version '194234433'; Build Type 'Release'
OS: 'Windows 11  (10.0.26100) 64bit Core' Language: 'en' Physical Memory: 32491 MB
BatchMode: 1, IsHumanControllingUs: 0, StartBugReporterOnCrash: 0, Is64bit: 1, IsPro: 1
Date: 2025-07-29T10:23:28Z

COMMAND LINE ARGUMENTS:
C:\Program Files\Unity\Hub\Editor\6000.1.7f1\Editor\Unity.exe
-adb2
-batchMode
-noUpm
-name
AssetImportWorker26
-projectPath
D:/Projects/Unity/White Screen Test
-logFile
Logs/AssetImportWorker26.log
-srvPort
58004
-job-worker-count
15
-background-job-worker-count
8
-gc-helper-count
1
-name
AssetImport
Successfully changed project path to: D:/Projects/Unity/White Screen Test
D:/Projects/Unity/White Screen Test
[UnityMemory] Configuration Parameters - Can be set up in boot.config
    "memorysetup-allocator-temp-initial-block-size-main=262144"
    "memorysetup-allocator-temp-initial-block-size-worker=262144"
    "memorysetup-bucket-allocator-granularity=16"
    "memorysetup-bucket-allocator-bucket-count=8"
    "memorysetup-bucket-allocator-block-size=33554432"
    "memorysetup-bucket-allocator-block-count=8"
    "memorysetup-main-allocator-block-size=16777216"
    "memorysetup-thread-allocator-block-size=16777216"
    "memorysetup-gfx-main-allocator-block-size=16777216"
    "memorysetup-gfx-thread-allocator-block-size=16777216"
    "memorysetup-cache-allocator-block-size=4194304"
    "memorysetup-typetree-allocator-block-size=2097152"
    "memorysetup-profiler-bucket-allocator-granularity=16"
    "memorysetup-profiler-bucket-allocator-bucket-count=8"
    "memorysetup-profiler-bucket-allocator-block-size=33554432"
    "memorysetup-profiler-bucket-allocator-block-count=8"
    "memorysetup-profiler-allocator-block-size=16777216"
    "memorysetup-profiler-editor-allocator-block-size=1048576"
    "memorysetup-temp-allocator-size-main=16777216"
    "memorysetup-job-temp-allocator-block-size=2097152"
    "memorysetup-job-temp-allocator-block-size-background=1048576"
    "memorysetup-job-temp-allocator-reduction-small-platforms=262144"
    "memorysetup-temp-allocator-size-background-worker=32768"
    "memorysetup-temp-allocator-size-job-worker=262144"
    "memorysetup-temp-allocator-size-preload-manager=33554432"
    "memorysetup-temp-allocator-size-nav-mesh-worker=65536"
    "memorysetup-temp-allocator-size-audio-worker=65536"
    "memorysetup-temp-allocator-size-cloud-worker=32768"
    "memorysetup-temp-allocator-size-gi-baking-worker=262144"
    "memorysetup-temp-allocator-size-gi-baking-worker=262144"
    "memorysetup-temp-allocator-size-gi-baking-worker=262144"
    "memorysetup-temp-allocator-size-gi-baking-worker=262144"
    "memorysetup-temp-allocator-size-gi-baking-worker=262144"
    "memorysetup-temp-allocator-size-gfx=262144"
Player connection [46264]  Target information:

Player connection [46264]  * "[IP] 192.168.31.102 [Port] 0 [Flags] 2 [Guid] 1008573614 [EditorId] 1008573614 [Version] 1048832 [Id] WindowsEditor(7,Roman-PC) [Debug] 1 [PackageName] WindowsEditor [ProjectName] Editor" 

Player connection [46264] Host joined multi-casting on [225.0.0.222:54997]...
Player connection [46264] Host joined alternative multi-casting on [225.0.0.222:34997]...
JobSystem: Creating JobQueue using job-worker-count value 15
Input System module state changed to: Initialized.
[Physics::Module] Initialized fallback backend.
[Physics::Module] Id: 0xdecafbad
Library Redirect Path: Library/
[Physics::Module] Selected backend.
[Physics::Module] Name: PhysX
[Physics::Module] Id: 0xf2b8ea05
[Physics::Module] SDK Version: 4.1.2
[Physics::Module] Integration Version: 1.0.0
[Physics::Module] Threading Mode: Multi-Threaded
Refreshing native plugins compatible for Editor in 3.09 ms, found 4 plugins.
Preloading 0 native plugins for Editor in 0.00 ms.
Initialize engine version: 6000.1.7f1 (13a8ffad9172)
[Subsystems] Discovering subsystems at path C:/Program Files/Unity/Hub/Editor/6000.1.7f1/Editor/Data/Resources/UnitySubsystems
[Subsystems] Discovering subsystems at path D:/Projects/Unity/White Screen Test/Assets
GfxDevice: creating device client; kGfxThreadingModeNonThreaded
Direct3D:
    Version:  Direct3D 11.0 [level 11.1]
    Renderer: NVIDIA GeForce RTX 4080 Laptop GPU (ID=0x27e0)
    Vendor:   NVIDIA
    VRAM:     11997 MB
    Driver:   32.0.15.6094
Initialize mono
Mono path[0] = 'C:/Program Files/Unity/Hub/Editor/6000.1.7f1/Editor/Data/Managed'
Mono path[1] = 'C:/Program Files/Unity/Hub/Editor/6000.1.7f1/Editor/Data/MonoBleedingEdge/lib/mono/unityjit-win32'
Mono config path = 'C:/Program Files/Unity/Hub/Editor/6000.1.7f1/Editor/Data/MonoBleedingEdge/etc'
Using monoOptions --debugger-agent=transport=dt_socket,embedding=1,server=y,suspend=n,address=127.0.0.1:56768
Begin MonoManager ReloadAssembly
Registering precompiled unity dll's ...
Register platform support module: C:/Program Files/Unity/Hub/Editor/6000.1.7f1/Editor/Data/PlaybackEngines/WebGLSupport/UnityEditor.WebGL.Extensions.dll
Register platform support module: C:/Program Files/Unity/Hub/Editor/6000.1.7f1/Editor/Data/PlaybackEngines/WindowsStandaloneSupport/UnityEditor.WindowsStandalone.Extensions.dll
Register platform support module: C:/Program Files/Unity/Hub/Editor/6000.1.7f1/Editor/Data/PlaybackEngines/iOSSupport/UnityEditor.iOS.Extensions.dll
Registered in 0.002158 seconds.
- Loaded All Assemblies, in  0.409 seconds
[usbmuxd] Start listen thread
[usbmuxd] Listen thread started
[usbmuxd] Send listen message
Native extension for iOS target not found
Native extension for WindowsStandalone target not found
Native extension for WebGL target not found
Mono: successfully reloaded assembly
- Finished resetting the current domain, in  0.416 seconds
Domain Reload Profiling: 824ms
	BeginReloadAssembly (129ms)
		ExecutionOrderSort (0ms)
		DisableScriptedObjects (0ms)
		BackupInstance (0ms)
		ReleaseScriptingObjects (0ms)
		CreateAndSetChildDomain (1ms)
	RebuildCommonClasses (41ms)
	RebuildNativeTypeToScriptingClass (13ms)
	initialDomainReloadingComplete (56ms)
	LoadAllAssembliesAndSetupDomain (169ms)
		LoadAssemblies (127ms)
		RebuildTransferFunctionScriptingTraits (0ms)
		AnalyzeDomain (165ms)
			TypeCache.Refresh (163ms)
				TypeCache.ScanAssembly (151ms)
			BuildScriptInfoCaches (0ms)
			ResolveRequiredComponents (0ms)
	FinalizeReload (416ms)
		ReleaseScriptCaches (0ms)
		RebuildScriptCaches (0ms)
		SetupLoadedEditorAssemblies (367ms)
			LogAssemblyErrors (0ms)
			InitializePlatformSupportModulesInManaged (91ms)
			SetLoadedEditorAssemblies (6ms)
			BeforeProcessingInitializeOnLoad (83ms)
			ProcessInitializeOnLoadAttributes (142ms)
			ProcessInitializeOnLoadMethodAttributes (45ms)
			AfterProcessingInitializeOnLoad (0ms)
			EditorAssembliesLoaded (0ms)
		ExecutionOrderSort2 (0ms)
		AwakeInstancesAfterBackupRestoration (0ms)
========================================================================
Worker process is ready to serve import requests
Import Worker Mode flag is 0x00
Begin MonoManager ReloadAssembly
- Loaded All Assemblies, in  0.637 seconds
Refreshing native plugins compatible for Editor in 1.94 ms, found 4 plugins.
Native extension for iOS target not found
Native extension for WindowsStandalone target not found
Native extension for WebGL target not found
Mono: successfully reloaded assembly
- Finished resetting the current domain, in  0.832 seconds
Domain Reload Profiling: 1468ms
	BeginReloadAssembly (124ms)
		ExecutionOrderSort (0ms)
		DisableScriptedObjects (4ms)
		BackupInstance (0ms)
		ReleaseScriptingObjects (0ms)
		CreateAndSetChildDomain (22ms)
	RebuildCommonClasses (27ms)
	RebuildNativeTypeToScriptingClass (9ms)
	initialDomainReloadingComplete (29ms)
	LoadAllAssembliesAndSetupDomain (446ms)
		LoadAssemblies (320ms)
		RebuildTransferFunctionScriptingTraits (0ms)
		AnalyzeDomain (195ms)
			TypeCache.Refresh (143ms)
				TypeCache.ScanAssembly (131ms)
			BuildScriptInfoCaches (42ms)
			ResolveRequiredComponents (8ms)
	FinalizeReload (833ms)
		ReleaseScriptCaches (0ms)
		RebuildScriptCaches (0ms)
		SetupLoadedEditorAssemblies (707ms)
			LogAssemblyErrors (0ms)
			InitializePlatformSupportModulesInManaged (7ms)
			SetLoadedEditorAssemblies (5ms)
			BeforeProcessingInitializeOnLoad (171ms)
			ProcessInitializeOnLoadAttributes (426ms)
			ProcessInitializeOnLoadMethodAttributes (94ms)
			AfterProcessingInitializeOnLoad (4ms)
			EditorAssembliesLoaded (0ms)
		ExecutionOrderSort2 (0ms)
		AwakeInstancesAfterBackupRestoration (6ms)
Launched and connected shader compiler UnityShaderCompiler.exe after 0.01 seconds
Refreshing native plugins compatible for Editor in 0.74 ms, found 4 plugins.
Preloading 0 native plugins for Editor in 0.00 ms.
Unloading 233 Unused Serialized files (Serialized files now loaded: 0)
Unloading 6650 unused Assets / (7.1 MB). Loaded Objects now: 7350.
Memory consumption went from 182.7 MB to 175.6 MB.
Total: 12.174600 ms (FindLiveObjects: 0.957500 ms CreateObjectMapping: 0.487300 ms MarkObjects: 6.648600 ms  DeleteObjects: 4.080100 ms)

========================================================================
Received Import Request.
  Time since last request: 341049.564095 seconds.
  path: Assets/Resources/Art/Image (131).png
  artifactKey: Guid(78c69e52d8b94e90ae35eb47aad97e0a) Importer(815301076,1909f56bfc062723c751e8b465ee728b)
Start importing Assets/Resources/Art/Image (131).png using Guid(78c69e52d8b94e90ae35eb47aad97e0a) Importer(815301076,1909f56bfc062723c751e8b465ee728b) (PreviewImporter) -> (artifact id: 'd906b0cb18bba265b81d847b6824c8f3') in 0.1397781 seconds
Number of updated asset objects reloaded before import = 0Number of asset objects unloaded after import = 3

========================================================================
Received Import Request.
  Time since last request: 0.000021 seconds.
  path: Assets/Resources/Art/Image (106).png
  artifactKey: Guid(7dcfabb56f5d4116a584d404bb2467e9) Importer(815301076,1909f56bfc062723c751e8b465ee728b)
Start importing Assets/Resources/Art/Image (106).png using Guid(7dcfabb56f5d4116a584d404bb2467e9) Importer(815301076,1909f56bfc062723c751e8b465ee728b) (PreviewImporter) -> (artifact id: '58a732d83f2da508474f623432901727') in 0.0360902 seconds
Number of updated asset objects reloaded before import = 0Number of asset objects unloaded after import = 3

========================================================================
Received Import Request.
  Time since last request: 0.000024 seconds.
  path: Assets/Resources/Art/Image (109).png
  artifactKey: Guid(6edc91cd6c984c66ae04ade655aca462) Importer(815301076,1909f56bfc062723c751e8b465ee728b)
Start importing Assets/Resources/Art/Image (109).png using Guid(6edc91cd6c984c66ae04ade655aca462) Importer(815301076,1909f56bfc062723c751e8b465ee728b) (PreviewImporter) -> (artifact id: '6085e0c9e3f1d1dfcbab6d2aa6df9bff') in 0.0270604 seconds
Number of updated asset objects reloaded before import = 0Number of asset objects unloaded after import = 3

========================================================================
Received Import Request.
  Time since last request: 0.000031 seconds.
  path: Assets/Resources/Art/Image (127).png
  artifactKey: Guid(f6e7b8318f2c421393a5293e22ac9083) Importer(815301076,1909f56bfc062723c751e8b465ee728b)
Start importing Assets/Resources/Art/Image (127).png using Guid(f6e7b8318f2c421393a5293e22ac9083) Importer(815301076,1909f56bfc062723c751e8b465ee728b) (PreviewImporter) -> (artifact id: '1b3325e1ed9f5cf46fcdff49cdeff51c') in 0.0499387 seconds
Number of updated asset objects reloaded before import = 0Number of asset objects unloaded after import = 3

========================================================================
Received Import Request.
  Time since last request: 0.000014 seconds.
  path: Assets/Resources/Art/Image (121).png
  artifactKey: Guid(cb8acbca12a84c23af08ca759c554a38) Importer(815301076,1909f56bfc062723c751e8b465ee728b)
Start importing Assets/Resources/Art/Image (121).png using Guid(cb8acbca12a84c23af08ca759c554a38) Importer(815301076,1909f56bfc062723c751e8b465ee728b) (PreviewImporter) -> (artifact id: '9df467ad83a427bafb2c5690729df28e') in 0.0253664 seconds
Number of updated asset objects reloaded before import = 0Number of asset objects unloaded after import = 3

========================================================================
Received Import Request.
  Time since last request: 0.000026 seconds.
  path: Assets/Resources/Art/Image (115).png
  artifactKey: Guid(0d9c5cb8f0844f66989924343372c6fc) Importer(815301076,1909f56bfc062723c751e8b465ee728b)
Start importing Assets/Resources/Art/Image (115).png using Guid(0d9c5cb8f0844f66989924343372c6fc) Importer(815301076,1909f56bfc062723c751e8b465ee728b) (PreviewImporter) -> (artifact id: '8cb890d91d4a574d2e0017a232ee26a6') in 0.0276655 seconds
Number of updated asset objects reloaded before import = 0Number of asset objects unloaded after import = 3

========================================================================
Received Import Request.
  Time since last request: 0.000021 seconds.
  path: Assets/Resources/Art/Image (130).png
  artifactKey: Guid(78c2f826da5f4116a469c46d1054fa61) Importer(815301076,1909f56bfc062723c751e8b465ee728b)
Start importing Assets/Resources/Art/Image (130).png using Guid(78c2f826da5f4116a469c46d1054fa61) Importer(815301076,1909f56bfc062723c751e8b465ee728b) (PreviewImporter) -> (artifact id: '8fb7631717cfcd86b000f32caeaf2d95') in 0.018656 seconds
Number of updated asset objects reloaded before import = 0Number of asset objects unloaded after import = 3

========================================================================
Received Import Request.
  Time since last request: 0.000036 seconds.
  path: Assets/Resources/Art/Image (110).png
  artifactKey: Guid(93c4b7bb889f4fc585bd71986ffb0036) Importer(815301076,1909f56bfc062723c751e8b465ee728b)
Start importing Assets/Resources/Art/Image (110).png using Guid(93c4b7bb889f4fc585bd71986ffb0036) Importer(815301076,1909f56bfc062723c751e8b465ee728b) (PreviewImporter) -> (artifact id: 'a59dda5dd5930b6e3d25c760fd3d4b8b') in 0.018962 seconds
Number of updated asset objects reloaded before import = 0Number of asset objects unloaded after import = 3

========================================================================
Received Import Request.
  Time since last request: 0.000023 seconds.
  path: Assets/Resources/Art/Image (137).png
  artifactKey: Guid(5ea445ef4e7a4ecc86a6866d829f4858) Importer(815301076,1909f56bfc062723c751e8b465ee728b)
Start importing Assets/Resources/Art/Image (137).png using Guid(5ea445ef4e7a4ecc86a6866d829f4858) Importer(815301076,1909f56bfc062723c751e8b465ee728b) (PreviewImporter) -> (artifact id: 'ae87c247577716ebccb2fc2506e44069') in 0.0199811 seconds
Number of updated asset objects reloaded before import = 0Number of asset objects unloaded after import = 3

========================================================================
Received Import Request.
  Time since last request: 0.000014 seconds.
  path: Assets/Resources/Art/Image (134).png
  artifactKey: Guid(ac868ce0d64d48c48b1a875a79d36d6c) Importer(815301076,1909f56bfc062723c751e8b465ee728b)
Start importing Assets/Resources/Art/Image (134).png using Guid(ac868ce0d64d48c48b1a875a79d36d6c) Importer(815301076,1909f56bfc062723c751e8b465ee728b) (PreviewImporter) -> (artifact id: '0a577c77f27e7ce927236c6f9b49c734') in 0.0227222 seconds
Number of updated asset objects reloaded before import = 0Number of asset objects unloaded after import = 3

========================================================================
Received Import Request.
  Time since last request: 0.000022 seconds.
  path: Assets/Resources/Art/Image (111).png
  artifactKey: Guid(15053accc27449bcbd6e50b16125dfa2) Importer(815301076,1909f56bfc062723c751e8b465ee728b)
Start importing Assets/Resources/Art/Image (111).png using Guid(15053accc27449bcbd6e50b16125dfa2) Importer(815301076,1909f56bfc062723c751e8b465ee728b) (PreviewImporter) -> (artifact id: 'd2b8c92eea8355ea2bcb98bd9db0187f') in 0.0190976 seconds
Number of updated asset objects reloaded before import = 0Number of asset objects unloaded after import = 3

========================================================================
Received Import Request.
  Time since last request: 0.000022 seconds.
  path: Assets/Resources/Art/Image (126).png
  artifactKey: Guid(fd214556a0574775b5a77657aee5bde0) Importer(815301076,1909f56bfc062723c751e8b465ee728b)
Start importing Assets/Resources/Art/Image (126).png using Guid(fd214556a0574775b5a77657aee5bde0) Importer(815301076,1909f56bfc062723c751e8b465ee728b) (PreviewImporter) -> (artifact id: '22823d7b1fd6c67ba5ba90641647eae0') in 0.0194118 seconds
Number of updated asset objects reloaded before import = 0Number of asset objects unloaded after import = 3

========================================================================
Received Import Request.
  Time since last request: 0.000018 seconds.
  path: Assets/Resources/Art/Image (139).png
  artifactKey: Guid(1bdaa18d213f4997a58dd39912d77fa6) Importer(815301076,1909f56bfc062723c751e8b465ee728b)
Start importing Assets/Resources/Art/Image (139).png using Guid(1bdaa18d213f4997a58dd39912d77fa6) Importer(815301076,1909f56bfc062723c751e8b465ee728b) (PreviewImporter) -> (artifact id: 'a46851ae2794d6c176b67c528421e052') in 0.0190222 seconds
Number of updated asset objects reloaded before import = 0Number of asset objects unloaded after import = 3

========================================================================
Received Import Request.
  Time since last request: 0.000024 seconds.
  path: Assets/Resources/Art/Image (129).png
  artifactKey: Guid(3a0ee2fbaa404976af9e4bfc6e8e29d2) Importer(815301076,1909f56bfc062723c751e8b465ee728b)
Start importing Assets/Resources/Art/Image (129).png using Guid(3a0ee2fbaa404976af9e4bfc6e8e29d2) Importer(815301076,1909f56bfc062723c751e8b465ee728b) (PreviewImporter) -> (artifact id: '88c199f6e100401d970c4f6c88abcf7d') in 0.0210509 seconds
Number of updated asset objects reloaded before import = 0Number of asset objects unloaded after import = 3

========================================================================
Received Import Request.
  Time since last request: 0.000024 seconds.
  path: Assets/Resources/Art/Image (124).png
  artifactKey: Guid(0571c08fc7664a14a199783ce65a5a2e) Importer(815301076,1909f56bfc062723c751e8b465ee728b)
Start importing Assets/Resources/Art/Image (124).png using Guid(0571c08fc7664a14a199783ce65a5a2e) Importer(815301076,1909f56bfc062723c751e8b465ee728b) (PreviewImporter) -> (artifact id: '9f9fd24d8251ea8f3f43ceecc6844ee3') in 0.0196791 seconds
Number of updated asset objects reloaded before import = 0Number of asset objects unloaded after import = 3

========================================================================
Received Import Request.
  Time since last request: 0.000017 seconds.
  path: Assets/Resources/Art/Image (116).png
  artifactKey: Guid(9996b596679f416a992e4a6b9f5fda4a) Importer(815301076,1909f56bfc062723c751e8b465ee728b)
Start importing Assets/Resources/Art/Image (116).png using Guid(9996b596679f416a992e4a6b9f5fda4a) Importer(815301076,1909f56bfc062723c751e8b465ee728b) (PreviewImporter) -> (artifact id: 'a5d67181bddc8a6a14a2e30f71a05e54') in 0.0176269 seconds
Number of updated asset objects reloaded before import = 0Number of asset objects unloaded after import = 3

========================================================================
Received Import Request.
  Time since last request: 0.000023 seconds.
  path: Assets/Resources/Art/Image (118).png
  artifactKey: Guid(445aa28a55f944e18151613b5a6c2518) Importer(815301076,1909f56bfc062723c751e8b465ee728b)
Start importing Assets/Resources/Art/Image (118).png using Guid(445aa28a55f944e18151613b5a6c2518) Importer(815301076,1909f56bfc062723c751e8b465ee728b) (PreviewImporter) -> (artifact id: 'a9cdb4a32032c1a11a782381020db077') in 0.0172865 seconds
Number of updated asset objects reloaded before import = 0Number of asset objects unloaded after import = 3

========================================================================
Received Import Request.
  Time since last request: 0.000021 seconds.
  path: Assets/Resources/Art/Image (135).png
  artifactKey: Guid(f6b35481449d47aca2605155537a6736) Importer(815301076,1909f56bfc062723c751e8b465ee728b)
Start importing Assets/Resources/Art/Image (135).png using Guid(f6b35481449d47aca2605155537a6736) Importer(815301076,1909f56bfc062723c751e8b465ee728b) (PreviewImporter) -> (artifact id: 'bb2d67ced80e61e60c159cae5fac3dab') in 0.0188951 seconds
Number of updated asset objects reloaded before import = 0Number of asset objects unloaded after import = 3

========================================================================
Received Import Request.
  Time since last request: 0.000018 seconds.
  path: Assets/Resources/Art/Image (108).png
  artifactKey: Guid(fbe7a2fdbd7f4b15b5462435b8476c7d) Importer(815301076,1909f56bfc062723c751e8b465ee728b)
Start importing Assets/Resources/Art/Image (108).png using Guid(fbe7a2fdbd7f4b15b5462435b8476c7d) Importer(815301076,1909f56bfc062723c751e8b465ee728b) (PreviewImporter) -> (artifact id: '101541e648e5fd6b2ced3903992955e7') in 0.0172849 seconds
Number of updated asset objects reloaded before import = 0Number of asset objects unloaded after import = 3

========================================================================
Received Import Request.
  Time since last request: 0.000026 seconds.
  path: Assets/Resources/Art/Image (92).png
  artifactKey: Guid(f30b3d1ad9a04c0d8103bbb8e7a80390) Importer(815301076,1909f56bfc062723c751e8b465ee728b)
Start importing Assets/Resources/Art/Image (92).png using Guid(f30b3d1ad9a04c0d8103bbb8e7a80390) Importer(815301076,1909f56bfc062723c751e8b465ee728b) (PreviewImporter) -> (artifact id: 'afa3995c39e2c00f335e1c3107575714') in 0.0186728 seconds
Number of updated asset objects reloaded before import = 0Number of asset objects unloaded after import = 3

========================================================================
Received Import Request.
  Time since last request: 0.000021 seconds.
  path: Assets/Resources/Art/Image (100).png
  artifactKey: Guid(4ca0e5c982b443b69abf91219c263ac7) Importer(815301076,1909f56bfc062723c751e8b465ee728b)
Start importing Assets/Resources/Art/Image (100).png using Guid(4ca0e5c982b443b69abf91219c263ac7) Importer(815301076,1909f56bfc062723c751e8b465ee728b) (PreviewImporter) -> (artifact id: '289734b43faaafd8599b10f8063acbd7') in 0.0189358 seconds
Number of updated asset objects reloaded before import = 0Number of asset objects unloaded after import = 3

========================================================================
Received Import Request.
  Time since last request: 0.000015 seconds.
  path: Assets/Resources/Art/Image (67).png
  artifactKey: Guid(80a3f20b97944584913404ec7d15dd3e) Importer(815301076,1909f56bfc062723c751e8b465ee728b)
Start importing Assets/Resources/Art/Image (67).png using Guid(80a3f20b97944584913404ec7d15dd3e) Importer(815301076,1909f56bfc062723c751e8b465ee728b) (PreviewImporter) -> (artifact id: '2a298eb7284278ee7c91f59b9a3aecfe') in 0.0220752 seconds
Number of updated asset objects reloaded before import = 0Number of asset objects unloaded after import = 3

========================================================================
Received Import Request.
  Time since last request: 0.000032 seconds.
  path: Assets/Resources/Art/Image (90).png
  artifactKey: Guid(485cce6e240a479792d8ada590917ae6) Importer(815301076,1909f56bfc062723c751e8b465ee728b)
Start importing Assets/Resources/Art/Image (90).png using Guid(485cce6e240a479792d8ada590917ae6) Importer(815301076,1909f56bfc062723c751e8b465ee728b) (PreviewImporter) -> (artifact id: '7cb3a6ec8d97bd6023538b4c341ab3d3') in 0.0195539 seconds
Number of updated asset objects reloaded before import = 0Number of asset objects unloaded after import = 3

========================================================================
Received Import Request.
  Time since last request: 0.000023 seconds.
  path: Assets/Resources/Art/Image (69).png
  artifactKey: Guid(64e6760005e74263bdfd3bdbe4401081) Importer(815301076,1909f56bfc062723c751e8b465ee728b)
Start importing Assets/Resources/Art/Image (69).png using Guid(64e6760005e74263bdfd3bdbe4401081) Importer(815301076,1909f56bfc062723c751e8b465ee728b) (PreviewImporter) -> (artifact id: '572ecd81126caff0ed7bebdda3160c48') in 0.022409 seconds
Number of updated asset objects reloaded before import = 0Number of asset objects unloaded after import = 3

========================================================================
Received Import Request.
  Time since last request: 0.000025 seconds.
  path: Assets/Resources/Art/Image (55).png
  artifactKey: Guid(f9bbdaec0ef8482dbc1711b5c41021f7) Importer(815301076,1909f56bfc062723c751e8b465ee728b)
Start importing Assets/Resources/Art/Image (55).png using Guid(f9bbdaec0ef8482dbc1711b5c41021f7) Importer(815301076,1909f56bfc062723c751e8b465ee728b) (PreviewImporter) -> (artifact id: '934c7bb58cce3d6622915e91ce8aacab') in 0.0207763 seconds
Number of updated asset objects reloaded before import = 0Number of asset objects unloaded after import = 3

========================================================================
Received Import Request.
  Time since last request: 0.000021 seconds.
  path: Assets/Resources/Art/Image (99).png
  artifactKey: Guid(b700f0756e684951a7ff98aad239a9db) Importer(815301076,1909f56bfc062723c751e8b465ee728b)
Start importing Assets/Resources/Art/Image (99).png using Guid(b700f0756e684951a7ff98aad239a9db) Importer(815301076,1909f56bfc062723c751e8b465ee728b) (PreviewImporter) -> (artifact id: 'aa7eaa637e33d902eb4ef6c3e46230a2') in 0.0184584 seconds
Number of updated asset objects reloaded before import = 0Number of asset objects unloaded after import = 3

========================================================================
Received Import Request.
  Time since last request: 0.000020 seconds.
  path: Assets/Resources/Art/Image (60).png
  artifactKey: Guid(35c12bc6c76a462ca00da63607604e79) Importer(815301076,1909f56bfc062723c751e8b465ee728b)
Start importing Assets/Resources/Art/Image (60).png using Guid(35c12bc6c76a462ca00da63607604e79) Importer(815301076,1909f56bfc062723c751e8b465ee728b) (PreviewImporter) -> (artifact id: '0ab01d4517a2bb4ba1e1ddfbd7632829') in 0.0186464 seconds
Number of updated asset objects reloaded before import = 0Number of asset objects unloaded after import = 3

========================================================================
Received Import Request.
  Time since last request: 0.000023 seconds.
  path: Assets/Resources/Art/Image (81).png
  artifactKey: Guid(c70110896c794dc5a4e7fdf4a39198ae) Importer(815301076,1909f56bfc062723c751e8b465ee728b)
Start importing Assets/Resources/Art/Image (81).png using Guid(c70110896c794dc5a4e7fdf4a39198ae) Importer(815301076,1909f56bfc062723c751e8b465ee728b) (PreviewImporter) -> (artifact id: 'c4c826b3a90687811857f080957ec09e') in 0.0195774 seconds
Number of updated asset objects reloaded before import = 0Number of asset objects unloaded after import = 3

========================================================================
Received Import Request.
  Time since last request: 0.000017 seconds.
  path: Assets/Resources/Art/Image (98).png
  artifactKey: Guid(3442d266dd92497fb32a8dc9e891e912) Importer(815301076,1909f56bfc062723c751e8b465ee728b)
Start importing Assets/Resources/Art/Image (98).png using Guid(3442d266dd92497fb32a8dc9e891e912) Importer(815301076,1909f56bfc062723c751e8b465ee728b) (PreviewImporter) -> (artifact id: 'aa4f6db7ba382413e428855133708a6f') in 0.0178806 seconds
Number of updated asset objects reloaded before import = 0Number of asset objects unloaded after import = 3

========================================================================
Received Import Request.
  Time since last request: 0.000022 seconds.
  path: Assets/Resources/Art/Image (103).png
  artifactKey: Guid(965cc945b30b422c97af8eed65817bb7) Importer(815301076,1909f56bfc062723c751e8b465ee728b)
Start importing Assets/Resources/Art/Image (103).png using Guid(965cc945b30b422c97af8eed65817bb7) Importer(815301076,1909f56bfc062723c751e8b465ee728b) (PreviewImporter) -> (artifact id: '6f3ae3396297d35be10afe11e68939ce') in 0.0207063 seconds
Number of updated asset objects reloaded before import = 0Number of asset objects unloaded after import = 3

========================================================================
Received Import Request.
  Time since last request: 0.000020 seconds.
  path: Assets/Resources/Art/Image (64).png
  artifactKey: Guid(5edb8e9e948a4b99a627c54eef1f6091) Importer(815301076,1909f56bfc062723c751e8b465ee728b)
Start importing Assets/Resources/Art/Image (64).png using Guid(5edb8e9e948a4b99a627c54eef1f6091) Importer(815301076,1909f56bfc062723c751e8b465ee728b) (PreviewImporter) -> (artifact id: 'dc3ded31ff07a7fa3cd6c22887cd1af4') in 0.0173236 seconds
Number of updated asset objects reloaded before import = 0Number of asset objects unloaded after import = 3

========================================================================
Received Import Request.
  Time since last request: 0.000013 seconds.
  path: Assets/Resources/Art/Image (88).png
  artifactKey: Guid(a1fefc33249a41eb8400e9503280ebad) Importer(815301076,1909f56bfc062723c751e8b465ee728b)
Start importing Assets/Resources/Art/Image (88).png using Guid(a1fefc33249a41eb8400e9503280ebad) Importer(815301076,1909f56bfc062723c751e8b465ee728b) (PreviewImporter) -> (artifact id: '5ffbf14271f671cf3ae8a124457c4388') in 0.0171058 seconds
Number of updated asset objects reloaded before import = 0Number of asset objects unloaded after import = 3

========================================================================
Received Import Request.
  Time since last request: 0.000015 seconds.
  path: Assets/Resources/Art/Image (97).png
  artifactKey: Guid(2a3295e4978148fb8519b0a74c6ba7b6) Importer(815301076,1909f56bfc062723c751e8b465ee728b)
Start importing Assets/Resources/Art/Image (97).png using Guid(2a3295e4978148fb8519b0a74c6ba7b6) Importer(815301076,1909f56bfc062723c751e8b465ee728b) (PreviewImporter) -> (artifact id: 'dee123580345248f674d3592d1e357cf') in 0.0142757 seconds
Number of updated asset objects reloaded before import = 0Number of asset objects unloaded after import = 3

========================================================================
Received Import Request.
  Time since last request: 0.000015 seconds.
  path: Assets/Resources/Art/Image (91).png
  artifactKey: Guid(62279355713647c49a0e822000d6582a) Importer(815301076,1909f56bfc062723c751e8b465ee728b)
Start importing Assets/Resources/Art/Image (91).png using Guid(62279355713647c49a0e822000d6582a) Importer(815301076,1909f56bfc062723c751e8b465ee728b) (PreviewImporter) -> (artifact id: '81829055aaf874761f94d15dc175ae65') in 0.0184489 seconds
Number of updated asset objects reloaded before import = 0Number of asset objects unloaded after import = 3

========================================================================
Received Import Request.
  Time since last request: 0.000021 seconds.
  path: Assets/Resources/Art/Image (3).png
  artifactKey: Guid(ff864f4545f9404694175f87ec75b036) Importer(815301076,1909f56bfc062723c751e8b465ee728b)
Start importing Assets/Resources/Art/Image (3).png using Guid(ff864f4545f9404694175f87ec75b036) Importer(815301076,1909f56bfc062723c751e8b465ee728b) (PreviewImporter) -> (artifact id: 'aa49166d6c06f5ac3f2ad84e50cb75ec') in 0.0153212 seconds
Number of updated asset objects reloaded before import = 0Number of asset objects unloaded after import = 3

========================================================================
Received Import Request.
  Time since last request: 0.000021 seconds.
  path: Assets/Resources/Art/Image (44).png
  artifactKey: Guid(5a8c5e96c0df48b5b1d9ed53893f27a9) Importer(815301076,1909f56bfc062723c751e8b465ee728b)
Start importing Assets/Resources/Art/Image (44).png using Guid(5a8c5e96c0df48b5b1d9ed53893f27a9) Importer(815301076,1909f56bfc062723c751e8b465ee728b) (PreviewImporter) -> (artifact id: 'f227d5723073d972d833639268af35f0') in 0.0205304 seconds
Number of updated asset objects reloaded before import = 0Number of asset objects unloaded after import = 3

========================================================================
Received Import Request.
  Time since last request: 0.000036 seconds.
  path: Assets/Resources/Art/Image (8).png
  artifactKey: Guid(b38f2339524b46578432b3457c2b3c7f) Importer(815301076,1909f56bfc062723c751e8b465ee728b)
Start importing Assets/Resources/Art/Image (8).png using Guid(b38f2339524b46578432b3457c2b3c7f) Importer(815301076,1909f56bfc062723c751e8b465ee728b) (PreviewImporter) -> (artifact id: '81925ad41f358ee092e3f5746d1ed0d2') in 0.0184252 seconds
Number of updated asset objects reloaded before import = 0Number of asset objects unloaded after import = 3

========================================================================
Received Import Request.
  Time since last request: 0.000031 seconds.
  path: Assets/Resources/Art/Image (40).png
  artifactKey: Guid(f1b93c98c21b4314932a188331a49d79) Importer(815301076,1909f56bfc062723c751e8b465ee728b)
Start importing Assets/Resources/Art/Image (40).png using Guid(f1b93c98c21b4314932a188331a49d79) Importer(815301076,1909f56bfc062723c751e8b465ee728b) (PreviewImporter) -> (artifact id: '18c7802c7b2bf2e4f8a509ee08fee561') in 0.0173015 seconds
Number of updated asset objects reloaded before import = 0Number of asset objects unloaded after import = 3

========================================================================
Received Import Request.
  Time since last request: 0.000017 seconds.
  path: Assets/Resources/Art/Image (10).png
  artifactKey: Guid(1dcf1a03f15a46bba9fbeba45c496782) Importer(815301076,1909f56bfc062723c751e8b465ee728b)
Start importing Assets/Resources/Art/Image (10).png using Guid(1dcf1a03f15a46bba9fbeba45c496782) Importer(815301076,1909f56bfc062723c751e8b465ee728b) (PreviewImporter) -> (artifact id: 'fcb0740b06676e0bb921576a0b7a5e7f') in 0.0176275 seconds
Number of updated asset objects reloaded before import = 0Number of asset objects unloaded after import = 3

========================================================================
Received Import Request.
  Time since last request: 0.000023 seconds.
  path: Assets/Resources/Art/Image (14).png
  artifactKey: Guid(fed4895c069545a4b3e8a47b16aa2ec0) Importer(815301076,1909f56bfc062723c751e8b465ee728b)
Start importing Assets/Resources/Art/Image (14).png using Guid(fed4895c069545a4b3e8a47b16aa2ec0) Importer(815301076,1909f56bfc062723c751e8b465ee728b) (PreviewImporter) -> (artifact id: 'b53d03757072a0cca9d8b8ecc812a0ae') in 0.0190002 seconds
Number of updated asset objects reloaded before import = 0Number of asset objects unloaded after import = 3

========================================================================
Received Import Request.
  Time since last request: 0.000017 seconds.
  path: Assets/Resources/Art/Image (28).png
  artifactKey: Guid(548aaa93a9d0408395eefd301c099847) Importer(815301076,1909f56bfc062723c751e8b465ee728b)
Start importing Assets/Resources/Art/Image (28).png using Guid(548aaa93a9d0408395eefd301c099847) Importer(815301076,1909f56bfc062723c751e8b465ee728b) (PreviewImporter) -> (artifact id: '3614e3c80244b3556cd80c5df0bead10') in 0.0179931 seconds
Number of updated asset objects reloaded before import = 0Number of asset objects unloaded after import = 3

========================================================================
Received Import Request.
  Time since last request: 0.000020 seconds.
  path: Assets/Resources/Art/Image (12).png
  artifactKey: Guid(f0b30497f4bc455790a64726ca2067c6) Importer(815301076,1909f56bfc062723c751e8b465ee728b)
Start importing Assets/Resources/Art/Image (12).png using Guid(f0b30497f4bc455790a64726ca2067c6) Importer(815301076,1909f56bfc062723c751e8b465ee728b) (PreviewImporter) -> (artifact id: 'd7b58c30cc80212efcf6d86c029b9c0c') in 0.0224441 seconds
Number of updated asset objects reloaded before import = 0Number of asset objects unloaded after import = 3

========================================================================
Received Import Request.
  Time since last request: 0.000018 seconds.
  path: Assets/Resources/Art/Image (27).png
  artifactKey: Guid(f76d06f3f07e4ae5b93eb36cc0f53a18) Importer(815301076,1909f56bfc062723c751e8b465ee728b)
Start importing Assets/Resources/Art/Image (27).png using Guid(f76d06f3f07e4ae5b93eb36cc0f53a18) Importer(815301076,1909f56bfc062723c751e8b465ee728b) (PreviewImporter) -> (artifact id: 'be29e3f5d3fce5f71fffb4c7e4241b29') in 0.0198336 seconds
Number of updated asset objects reloaded before import = 0Number of asset objects unloaded after import = 3

========================================================================
Received Import Request.
  Time since last request: 0.000025 seconds.
  path: Assets/Resources/Art/Image (33).png
  artifactKey: Guid(ee085ecef7d4429c96ba1c0d9f842302) Importer(815301076,1909f56bfc062723c751e8b465ee728b)
Start importing Assets/Resources/Art/Image (33).png using Guid(ee085ecef7d4429c96ba1c0d9f842302) Importer(815301076,1909f56bfc062723c751e8b465ee728b) (PreviewImporter) -> (artifact id: '385608094bf565f0fee0d9f611c52099') in 0.0185247 seconds
Number of updated asset objects reloaded before import = 0Number of asset objects unloaded after import = 3

========================================================================
Received Import Request.
  Time since last request: 0.000023 seconds.
  path: Assets/Resources/Art/Image (29).png
  artifactKey: Guid(7344837484b94c4bab48fce1a56c3171) Importer(815301076,1909f56bfc062723c751e8b465ee728b)
Start importing Assets/Resources/Art/Image (29).png using Guid(7344837484b94c4bab48fce1a56c3171) Importer(815301076,1909f56bfc062723c751e8b465ee728b) (PreviewImporter) -> (artifact id: '773fc42a6e447294a906a1951b9dc143') in 0.0201454 seconds
Number of updated asset objects reloaded before import = 0Number of asset objects unloaded after import = 3

========================================================================
Received Import Request.
  Time since last request: 0.000022 seconds.
  path: Assets/Resources/Art/Image (38).png
  artifactKey: Guid(3ae7a23b06a342e88378e8a83c061edb) Importer(815301076,1909f56bfc062723c751e8b465ee728b)
Start importing Assets/Resources/Art/Image (38).png using Guid(3ae7a23b06a342e88378e8a83c061edb) Importer(815301076,1909f56bfc062723c751e8b465ee728b) (PreviewImporter) -> (artifact id: '5fb786425d9e0313abf77343d78041ee') in 0.0194792 seconds
Number of updated asset objects reloaded before import = 0Number of asset objects unloaded after import = 3

========================================================================
Received Import Request.
  Time since last request: 0.000022 seconds.
  path: Assets/Resources/Art/Image (41).png
  artifactKey: Guid(457b9ba0d0104205b162276b8dd86cda) Importer(815301076,1909f56bfc062723c751e8b465ee728b)
Start importing Assets/Resources/Art/Image (41).png using Guid(457b9ba0d0104205b162276b8dd86cda) Importer(815301076,1909f56bfc062723c751e8b465ee728b) (PreviewImporter) -> (artifact id: 'f425233bb8b1af0e5a15e9bd09871398') in 0.0189738 seconds
Number of updated asset objects reloaded before import = 0Number of asset objects unloaded after import = 3

========================================================================
Received Import Request.
  Time since last request: 0.000021 seconds.
  path: Assets/Resources/Art/Image (43).png
  artifactKey: Guid(3af6b6324dbd47e4885ff89bba49aa70) Importer(815301076,1909f56bfc062723c751e8b465ee728b)
Start importing Assets/Resources/Art/Image (43).png using Guid(3af6b6324dbd47e4885ff89bba49aa70) Importer(815301076,1909f56bfc062723c751e8b465ee728b) (PreviewImporter) -> (artifact id: '869f23bf1122955702ca3b2a29fd94e7') in 0.0189246 seconds
Number of updated asset objects reloaded before import = 0Number of asset objects unloaded after import = 3

========================================================================
Received Import Request.
  Time since last request: 0.000018 seconds.
  path: Assets/Resources/Art/Image (86).png
  artifactKey: Guid(54bc99341d274ead84aa4d6327538562) Importer(815301076,1909f56bfc062723c751e8b465ee728b)
Start importing Assets/Resources/Art/Image (86).png using Guid(54bc99341d274ead84aa4d6327538562) Importer(815301076,1909f56bfc062723c751e8b465ee728b) (PreviewImporter) -> (artifact id: 'a623a8856c6689621ed79eb7bf1ad1ac') in 0.0176916 seconds
Number of updated asset objects reloaded before import = 0Number of asset objects unloaded after import = 3

========================================================================
Received Import Request.
  Time since last request: 0.000038 seconds.
  path: Assets/Resources/Art/Image (75).png
  artifactKey: Guid(d5b3b8ec688c4a1f89a3000865a88723) Importer(815301076,1909f56bfc062723c751e8b465ee728b)
Start importing Assets/Resources/Art/Image (75).png using Guid(d5b3b8ec688c4a1f89a3000865a88723) Importer(815301076,1909f56bfc062723c751e8b465ee728b) (PreviewImporter) -> (artifact id: '91adc80753e28ea7d551216b8cf608bf') in 0.0183224 seconds
Number of updated asset objects reloaded before import = 0Number of asset objects unloaded after import = 3

========================================================================
Received Import Request.
  Time since last request: 0.000017 seconds.
  path: Assets/Resources/Art/Image (6).png
  artifactKey: Guid(ace85bb8a815422ba4d0b90a3a637b6e) Importer(815301076,1909f56bfc062723c751e8b465ee728b)
Start importing Assets/Resources/Art/Image (6).png using Guid(ace85bb8a815422ba4d0b90a3a637b6e) Importer(815301076,1909f56bfc062723c751e8b465ee728b) (PreviewImporter) -> (artifact id: 'e9a1bcd8505d9c0d325dcfd6b3c5af14') in 0.0173455 seconds
Number of updated asset objects reloaded before import = 0Number of asset objects unloaded after import = 3

========================================================================
Received Import Request.
  Time since last request: 0.000018 seconds.
  path: Assets/Resources/Art/Image (45).png
  artifactKey: Guid(6191c5c58d9a47ceb040c49c41a35ebc) Importer(815301076,1909f56bfc062723c751e8b465ee728b)
Start importing Assets/Resources/Art/Image (45).png using Guid(6191c5c58d9a47ceb040c49c41a35ebc) Importer(815301076,1909f56bfc062723c751e8b465ee728b) (PreviewImporter) -> (artifact id: 'a6238095b8e9111294eb99d847097d3a') in 0.0194291 seconds
Number of updated asset objects reloaded before import = 0Number of asset objects unloaded after import = 3

========================================================================
Received Import Request.
  Time since last request: 0.000020 seconds.
  path: Assets/Resources/Art/Image (89).png
  artifactKey: Guid(adca18bd594e489ca16092c0874d6d2b) Importer(815301076,1909f56bfc062723c751e8b465ee728b)
Start importing Assets/Resources/Art/Image (89).png using Guid(adca18bd594e489ca16092c0874d6d2b) Importer(815301076,1909f56bfc062723c751e8b465ee728b) (PreviewImporter) -> (artifact id: '861a7bbeef50966b3e9df5ca4de02232') in 0.0168111 seconds
Number of updated asset objects reloaded before import = 0Number of asset objects unloaded after import = 3

========================================================================
Received Import Request.
  Time since last request: 0.000021 seconds.
  path: Assets/Resources/Art/Image (49).png
  artifactKey: Guid(7ff20ddf9e7c4b6b83321a0f4692f924) Importer(815301076,1909f56bfc062723c751e8b465ee728b)
Start importing Assets/Resources/Art/Image (49).png using Guid(7ff20ddf9e7c4b6b83321a0f4692f924) Importer(815301076,1909f56bfc062723c751e8b465ee728b) (PreviewImporter) -> (artifact id: 'd0ac63a03ca1dce8b3fae401f98f5082') in 0.0185152 seconds
Number of updated asset objects reloaded before import = 0Number of asset objects unloaded after import = 3

========================================================================
Received Import Request.
  Time since last request: 0.000017 seconds.
  path: Assets/Resources/Art/Image (19).png
  artifactKey: Guid(906a09e67920491dbefa063ffdf0ebbd) Importer(815301076,1909f56bfc062723c751e8b465ee728b)
Start importing Assets/Resources/Art/Image (19).png using Guid(906a09e67920491dbefa063ffdf0ebbd) Importer(815301076,1909f56bfc062723c751e8b465ee728b) (PreviewImporter) -> (artifact id: 'a7eedc395c69811fe5f84c7f2097d125') in 0.0190488 seconds
Number of updated asset objects reloaded before import = 0Number of asset objects unloaded after import = 3

========================================================================
Received Import Request.
  Time since last request: 0.000027 seconds.
  path: Assets/Resources/Art/Image (1).png
  artifactKey: Guid(5dba82fab6ce9244db2cd211a62e3ca9) Importer(815301076,1909f56bfc062723c751e8b465ee728b)
Start importing Assets/Resources/Art/Image (1).png using Guid(5dba82fab6ce9244db2cd211a62e3ca9) Importer(815301076,1909f56bfc062723c751e8b465ee728b) (PreviewImporter) -> (artifact id: 'f2aae23de17955908e3122a1536554bc') in 0.0190392 seconds
Number of updated asset objects reloaded before import = 0Number of asset objects unloaded after import = 3

========================================================================
Received Import Request.
  Time since last request: 0.000015 seconds.
  path: Assets/Resources/Art/Image (32).png
  artifactKey: Guid(526ccd4d373b452cb5dc7db93e46fbe9) Importer(815301076,1909f56bfc062723c751e8b465ee728b)
Start importing Assets/Resources/Art/Image (32).png using Guid(526ccd4d373b452cb5dc7db93e46fbe9) Importer(815301076,1909f56bfc062723c751e8b465ee728b) (PreviewImporter) -> (artifact id: '090c718e362ac6e79006d7e50ac87938') in 0.0184519 seconds
Number of updated asset objects reloaded before import = 0Number of asset objects unloaded after import = 3

========================================================================
Received Import Request.
  Time since last request: 0.000021 seconds.
  path: Assets/Resources/Art/Image (34).png
  artifactKey: Guid(56a178a20da045aab14b96c2c2b48d3a) Importer(815301076,1909f56bfc062723c751e8b465ee728b)
Start importing Assets/Resources/Art/Image (34).png using Guid(56a178a20da045aab14b96c2c2b48d3a) Importer(815301076,1909f56bfc062723c751e8b465ee728b) (PreviewImporter) -> (artifact id: 'f5c2864df32c537a6bf05196c2433586') in 0.0181606 seconds
Number of updated asset objects reloaded before import = 0Number of asset objects unloaded after import = 3

========================================================================
Received Import Request.
  Time since last request: 0.000022 seconds.
  path: Assets/Resources/Art/Image (73).png
  artifactKey: Guid(71a18e39261746d590faada3d0e83917) Importer(815301076,1909f56bfc062723c751e8b465ee728b)
Start importing Assets/Resources/Art/Image (73).png using Guid(71a18e39261746d590faada3d0e83917) Importer(815301076,1909f56bfc062723c751e8b465ee728b) (PreviewImporter) -> (artifact id: '62658778533934f60078fb6432978d09') in 0.0176555 seconds
Number of updated asset objects reloaded before import = 0Number of asset objects unloaded after import = 3

========================================================================
Received Import Request.
  Time since last request: 0.000021 seconds.
  path: Assets/Resources/Art/Image (58).png
  artifactKey: Guid(68a2646181a240ccb22f3ee54eee413f) Importer(815301076,1909f56bfc062723c751e8b465ee728b)
Start importing Assets/Resources/Art/Image (58).png using Guid(68a2646181a240ccb22f3ee54eee413f) Importer(815301076,1909f56bfc062723c751e8b465ee728b) (PreviewImporter) -> (artifact id: '26f54b1cdce9e7d385e2de26eaf735cb') in 0.0191803 seconds
Number of updated asset objects reloaded before import = 0Number of asset objects unloaded after import = 3

========================================================================
Received Import Request.
  Time since last request: 0.000025 seconds.
  path: Assets/Resources/Art/Image (76).png
  artifactKey: Guid(fb122c3394454ad8b51f6bfa5579bca1) Importer(815301076,1909f56bfc062723c751e8b465ee728b)
Start importing Assets/Resources/Art/Image (76).png using Guid(fb122c3394454ad8b51f6bfa5579bca1) Importer(815301076,1909f56bfc062723c751e8b465ee728b) (PreviewImporter) -> (artifact id: 'c4200aee9c5dcd2219bc4d5d35b4cea7') in 0.0160425 seconds
Number of updated asset objects reloaded before import = 0Number of asset objects unloaded after import = 3

========================================================================
Received Import Request.
  Time since last request: 0.000030 seconds.
  path: Assets/Resources/Art/Image (5).png
  artifactKey: Guid(e67b652bc9294272b345bc6832af17b9) Importer(815301076,1909f56bfc062723c751e8b465ee728b)
Start importing Assets/Resources/Art/Image (5).png using Guid(e67b652bc9294272b345bc6832af17b9) Importer(815301076,1909f56bfc062723c751e8b465ee728b) (PreviewImporter) -> (artifact id: '37d2ee83c48e4103ae30cf4458531244') in 0.0207028 seconds
Number of updated asset objects reloaded before import = 0Number of asset objects unloaded after import = 3

========================================================================
Received Import Request.
  Time since last request: 0.000016 seconds.
  path: Assets/Resources/Art/Image (37).png
  artifactKey: Guid(0a806027cb374e518be895f98c23d6df) Importer(815301076,1909f56bfc062723c751e8b465ee728b)
Start importing Assets/Resources/Art/Image (37).png using Guid(0a806027cb374e518be895f98c23d6df) Importer(815301076,1909f56bfc062723c751e8b465ee728b) (PreviewImporter) -> (artifact id: 'a16ea01acf956cf9364a48e4d7708b1d') in 0.0202857 seconds
Number of updated asset objects reloaded before import = 0Number of asset objects unloaded after import = 3

========================================================================
Received Import Request.
  Time since last request: 0.000021 seconds.
  path: Assets/Resources/Art/Image (11).png
  artifactKey: Guid(804e7a6895114435befda3aab9882833) Importer(815301076,1909f56bfc062723c751e8b465ee728b)
Start importing Assets/Resources/Art/Image (11).png using Guid(804e7a6895114435befda3aab9882833) Importer(815301076,1909f56bfc062723c751e8b465ee728b) (PreviewImporter) -> (artifact id: 'f2d2c7962444e058363c30d69e926cca') in 0.0198477 seconds
Number of updated asset objects reloaded before import = 0Number of asset objects unloaded after import = 3

========================================================================
Received Import Request.
  Time since last request: 0.000021 seconds.
  path: Assets/Resources/Art/Image (54).png
  artifactKey: Guid(f95b6f6db7f446d8b9a76a19175d1349) Importer(815301076,1909f56bfc062723c751e8b465ee728b)
Start importing Assets/Resources/Art/Image (54).png using Guid(f95b6f6db7f446d8b9a76a19175d1349) Importer(815301076,1909f56bfc062723c751e8b465ee728b) (PreviewImporter) -> (artifact id: '1deec29c9758e7c160b2cfc1ba1ae27c') in 0.0227639 seconds
Number of updated asset objects reloaded before import = 0Number of asset objects unloaded after import = 3

========================================================================
Received Import Request.
  Time since last request: 0.000019 seconds.
  path: Assets/Resources/Art/Image (46).png
  artifactKey: Guid(65204672020540bbbaa96585284f3e6e) Importer(815301076,1909f56bfc062723c751e8b465ee728b)
Start importing Assets/Resources/Art/Image (46).png using Guid(65204672020540bbbaa96585284f3e6e) Importer(815301076,1909f56bfc062723c751e8b465ee728b) (PreviewImporter) -> (artifact id: '77a355359071bc54ac32b6ae08c04483') in 0.0214989 seconds
Number of updated asset objects reloaded before import = 0Number of asset objects unloaded after import = 3

========================================================================
Received Import Request.
  Time since last request: 0.000017 seconds.
  path: Assets/Resources/Art/Image (80).png
  artifactKey: Guid(3bead81818c7481e8fae8bbfc63d4a3e) Importer(815301076,1909f56bfc062723c751e8b465ee728b)
Start importing Assets/Resources/Art/Image (80).png using Guid(3bead81818c7481e8fae8bbfc63d4a3e) Importer(815301076,1909f56bfc062723c751e8b465ee728b) (PreviewImporter) -> (artifact id: '100b56f5e5e27a0d55de21b1abb62bd3') in 0.0203463 seconds
Number of updated asset objects reloaded before import = 0Number of asset objects unloaded after import = 3

========================================================================
Received Import Request.
  Time since last request: 0.000035 seconds.
  path: Assets/Resources/Art/Image (47).png
  artifactKey: Guid(b60d89f888294d548ddb25deeed97fb1) Importer(815301076,1909f56bfc062723c751e8b465ee728b)
Start importing Assets/Resources/Art/Image (47).png using Guid(b60d89f888294d548ddb25deeed97fb1) Importer(815301076,1909f56bfc062723c751e8b465ee728b) (PreviewImporter) -> (artifact id: 'c233da110753fe6ffa7cac58995efb96') in 0.0222072 seconds
Number of updated asset objects reloaded before import = 0Number of asset objects unloaded after import = 3

========================================================================
Received Import Request.
  Time since last request: 0.000015 seconds.
  path: Assets/Resources/Art/Image (74).png
  artifactKey: Guid(e735acbb9b53467e91be8c82ceea3fb3) Importer(815301076,1909f56bfc062723c751e8b465ee728b)
Start importing Assets/Resources/Art/Image (74).png using Guid(e735acbb9b53467e91be8c82ceea3fb3) Importer(815301076,1909f56bfc062723c751e8b465ee728b) (PreviewImporter) -> (artifact id: 'a09fe928b1e5b2f064e2f2c92dd649ee') in 0.0213464 seconds
Number of updated asset objects reloaded before import = 0Number of asset objects unloaded after import = 3

========================================================================
Received Import Request.
  Time since last request: 0.000023 seconds.
  path: Assets/Resources/Art/Image (31).png
  artifactKey: Guid(0e590567255047f193024056fd5b1935) Importer(815301076,1909f56bfc062723c751e8b465ee728b)
Start importing Assets/Resources/Art/Image (31).png using Guid(0e590567255047f193024056fd5b1935) Importer(815301076,1909f56bfc062723c751e8b465ee728b) (PreviewImporter) -> (artifact id: '2e9252165a643110d82440a7dae85692') in 0.0241507 seconds
Number of updated asset objects reloaded before import = 0Number of asset objects unloaded after import = 3

========================================================================
Received Import Request.
  Time since last request: 0.000026 seconds.
  path: Assets/Resources/Art/Image (56).png
  artifactKey: Guid(0585189629b94962894d8bd4e766788b) Importer(815301076,1909f56bfc062723c751e8b465ee728b)
Start importing Assets/Resources/Art/Image (56).png using Guid(0585189629b94962894d8bd4e766788b) Importer(815301076,1909f56bfc062723c751e8b465ee728b) (PreviewImporter) -> (artifact id: 'f95591aa3e78ec992b8c729429c2469e') in 0.0244728 seconds
Number of updated asset objects reloaded before import = 0Number of asset objects unloaded after import = 3

========================================================================
Received Import Request.
  Time since last request: 0.000021 seconds.
  path: Assets/Resources/Art/Image (102).png
  artifactKey: Guid(28c12599250242b5beeed6dff7a3eb41) Importer(815301076,1909f56bfc062723c751e8b465ee728b)
Start importing Assets/Resources/Art/Image (102).png using Guid(28c12599250242b5beeed6dff7a3eb41) Importer(815301076,1909f56bfc062723c751e8b465ee728b) (PreviewImporter) -> (artifact id: '615ef35ff7063c33ce8b02feb15c89c1') in 0.021373 seconds
Number of updated asset objects reloaded before import = 0Number of asset objects unloaded after import = 3

========================================================================
Received Import Request.
  Time since last request: 0.227432 seconds.
  path: Assets/Resources/Art/Image (197).png
  artifactKey: Guid(7974e466d7f44c10be95b6829424cf2c) Importer(815301076,1909f56bfc062723c751e8b465ee728b)
Start importing Assets/Resources/Art/Image (197).png using Guid(7974e466d7f44c10be95b6829424cf2c) Importer(815301076,1909f56bfc062723c751e8b465ee728b) (PreviewImporter) -> (artifact id: '4fef45444e1d55c17ba0b5573babe9c4') in 0.0300541 seconds
Number of updated asset objects reloaded before import = 0Number of asset objects unloaded after import = 3

========================================================================
Received Import Request.
  Time since last request: 0.000022 seconds.
  path: Assets/Resources/Art/Image (199).png
  artifactKey: Guid(7203c46cd5a247a3872e0573810cde51) Importer(815301076,1909f56bfc062723c751e8b465ee728b)
Start importing Assets/Resources/Art/Image (199).png using Guid(7203c46cd5a247a3872e0573810cde51) Importer(815301076,1909f56bfc062723c751e8b465ee728b) (PreviewImporter) -> (artifact id: '9c6061b6a3723bce22548e11964539e0') in 0.0218497 seconds
Number of updated asset objects reloaded before import = 0Number of asset objects unloaded after import = 3

========================================================================
Received Prepare
Refreshing native plugins compatible for Editor in 1.42 ms, found 4 plugins.
Preloading 0 native plugins for Editor in 0.00 ms.
Unloading 29 Unused Serialized files (Serialized files now loaded: 0)
Unloading 29 unused Assets / (3.4 MB). Loaded Objects now: 7359.
Memory consumption went from 147.8 MB to 144.5 MB.
Total: 8.734400 ms (FindLiveObjects: 0.486000 ms CreateObjectMapping: 0.175200 ms MarkObjects: 7.026200 ms  DeleteObjects: 1.045900 ms)

Prepare: number of updated asset objects reloaded= 166
AssetImportParameters requested are different than current active one (requested -> active):
  buildTarget: platform 20, subtarget 4, extendedPlatform 0 -> platform 20, subtarget 0, extendedPlatform 0
========================================================================
Received Import Request.
  Time since last request: 132.903019 seconds.
  path: Assets/Resources/Art/Image (170).png
  artifactKey: Guid(89314152e3ca46dd8c91513cceb24aaa) Importer(815301076,1909f56bfc062723c751e8b465ee728b)
Start importing Assets/Resources/Art/Image (170).png using Guid(89314152e3ca46dd8c91513cceb24aaa) Importer(815301076,1909f56bfc062723c751e8b465ee728b) (PreviewImporter) -> (artifact id: '3ea3f8d021e377d624086bdefe33540d') in 0.0661335 seconds
Number of updated asset objects reloaded before import = 0Number of asset objects unloaded after import = 3

========================================================================
Received Import Request.
  Time since last request: 0.000017 seconds.
  path: Assets/Resources/Art/Image (199).png
  artifactKey: Guid(7203c46cd5a247a3872e0573810cde51) Importer(815301076,1909f56bfc062723c751e8b465ee728b)
Start importing Assets/Resources/Art/Image (199).png using Guid(7203c46cd5a247a3872e0573810cde51) Importer(815301076,1909f56bfc062723c751e8b465ee728b) (PreviewImporter) -> (artifact id: 'b50c97e5fd6cdee521528d7c5af6ef64') in 0.0520837 seconds
Number of updated asset objects reloaded before import = 0Number of asset objects unloaded after import = 3

========================================================================
Received Import Request.
  Time since last request: 0.000021 seconds.
  path: Assets/Resources/Art/Image (196).png
  artifactKey: Guid(b0b9c386adfe4d0f97f604a078256556) Importer(815301076,1909f56bfc062723c751e8b465ee728b)
Start importing Assets/Resources/Art/Image (196).png using Guid(b0b9c386adfe4d0f97f604a078256556) Importer(815301076,1909f56bfc062723c751e8b465ee728b) (PreviewImporter) -> (artifact id: 'edeb201ec761f1261a348c5a71e467b1') in 0.0471333 seconds
Number of updated asset objects reloaded before import = 0Number of asset objects unloaded after import = 3

========================================================================
Received Import Request.
  Time since last request: 0.000032 seconds.
  path: Assets/Resources/Art/Image (182).png
  artifactKey: Guid(5664d38055c3421498482aa37148270d) Importer(815301076,1909f56bfc062723c751e8b465ee728b)
Start importing Assets/Resources/Art/Image (182).png using Guid(5664d38055c3421498482aa37148270d) Importer(815301076,1909f56bfc062723c751e8b465ee728b) (PreviewImporter) -> (artifact id: '9a85751eaede3ee7717c6ab8ab1ce899') in 0.0393857 seconds
Number of updated asset objects reloaded before import = 0Number of asset objects unloaded after import = 3

========================================================================
Received Import Request.
  Time since last request: 0.000016 seconds.
  path: Assets/Resources/Art/Image (179).png
  artifactKey: Guid(ba7c622adfab472496e79e78c1f9b4d8) Importer(815301076,1909f56bfc062723c751e8b465ee728b)
Start importing Assets/Resources/Art/Image (179).png using Guid(ba7c622adfab472496e79e78c1f9b4d8) Importer(815301076,1909f56bfc062723c751e8b465ee728b) (PreviewImporter) -> (artifact id: 'be8ea20ae1658894ef8eef1094b514b0') in 0.0311274 seconds
Number of updated asset objects reloaded before import = 0Number of asset objects unloaded after import = 3

========================================================================
Received Import Request.
  Time since last request: 0.000024 seconds.
  path: Assets/Resources/Art/Image (175).png
  artifactKey: Guid(2a5d0fd9b97b462ea3b116d16cd36296) Importer(815301076,1909f56bfc062723c751e8b465ee728b)
Start importing Assets/Resources/Art/Image (175).png using Guid(2a5d0fd9b97b462ea3b116d16cd36296) Importer(815301076,1909f56bfc062723c751e8b465ee728b) (PreviewImporter) -> (artifact id: 'bcadc99e7fd14d88118848e82fed0722') in 0.031738 seconds
Number of updated asset objects reloaded before import = 0Number of asset objects unloaded after import = 3

========================================================================
Received Import Request.
  Time since last request: 0.000027 seconds.
  path: Assets/Resources/Art/Image (198).png
  artifactKey: Guid(e24b16018c9146099cfd88010f3e3d6d) Importer(815301076,1909f56bfc062723c751e8b465ee728b)
Start importing Assets/Resources/Art/Image (198).png using Guid(e24b16018c9146099cfd88010f3e3d6d) Importer(815301076,1909f56bfc062723c751e8b465ee728b) (PreviewImporter) -> (artifact id: '438163987b044ce732db5f7c4965fa04') in 0.0317751 seconds
Number of updated asset objects reloaded before import = 0Number of asset objects unloaded after import = 3

========================================================================
Received Import Request.
  Time since last request: 0.000076 seconds.
  path: Assets/Resources/Art/Image (194).png
  artifactKey: Guid(b8febfb153d54e5ca1c846b0e139226c) Importer(815301076,1909f56bfc062723c751e8b465ee728b)
Start importing Assets/Resources/Art/Image (194).png using Guid(b8febfb153d54e5ca1c846b0e139226c) Importer(815301076,1909f56bfc062723c751e8b465ee728b) (PreviewImporter) -> (artifact id: 'f40bb9a07783dd7b859f3b055c7efc1b') in 0.0336929 seconds
Number of updated asset objects reloaded before import = 0Number of asset objects unloaded after import = 3

========================================================================
Received Import Request.
  Time since last request: 0.000022 seconds.
  path: Assets/Resources/Art/Image (193).png
  artifactKey: Guid(faa06771aa534f45bb60a5287f8d020e) Importer(815301076,1909f56bfc062723c751e8b465ee728b)
Start importing Assets/Resources/Art/Image (193).png using Guid(faa06771aa534f45bb60a5287f8d020e) Importer(815301076,1909f56bfc062723c751e8b465ee728b) (PreviewImporter) -> (artifact id: 'cadf3c2ddcfa8a4d0cb989b6181abf30') in 0.0343186 seconds
Number of updated asset objects reloaded before import = 0Number of asset objects unloaded after import = 3

========================================================================
Received Import Request.
  Time since last request: 0.000022 seconds.
  path: Assets/Resources/Art/Image (180).png
  artifactKey: Guid(431e2a1c0263465e9fedb99476bfcdda) Importer(815301076,1909f56bfc062723c751e8b465ee728b)
Start importing Assets/Resources/Art/Image (180).png using Guid(431e2a1c0263465e9fedb99476bfcdda) Importer(815301076,1909f56bfc062723c751e8b465ee728b) (PreviewImporter) -> (artifact id: 'e52c855f4a42d987a548c59c1702964c') in 0.033022 seconds
Number of updated asset objects reloaded before import = 0Number of asset objects unloaded after import = 3

========================================================================
Received Import Request.
  Time since last request: 0.000024 seconds.
  path: Assets/Resources/Art/Image (188).png
  artifactKey: Guid(e1cfab54c32f40868a330005a7eec6d1) Importer(815301076,1909f56bfc062723c751e8b465ee728b)
Start importing Assets/Resources/Art/Image (188).png using Guid(e1cfab54c32f40868a330005a7eec6d1) Importer(815301076,1909f56bfc062723c751e8b465ee728b) (PreviewImporter) -> (artifact id: 'fe1d6c8db467836bb3a7be7fcf6b91da') in 0.0333817 seconds
Number of updated asset objects reloaded before import = 0Number of asset objects unloaded after import = 3

========================================================================
Received Import Request.
  Time since last request: 0.000049 seconds.
  path: Assets/Resources/Art/Image (186).png
  artifactKey: Guid(211be87d80224cfdbd220195dd10df41) Importer(815301076,1909f56bfc062723c751e8b465ee728b)
Start importing Assets/Resources/Art/Image (186).png using Guid(211be87d80224cfdbd220195dd10df41) Importer(815301076,1909f56bfc062723c751e8b465ee728b) (PreviewImporter) -> (artifact id: '21f787760acf0c3c91a5973eca23ce0d') in 0.0310569 seconds
Number of updated asset objects reloaded before import = 0Number of asset objects unloaded after import = 3

========================================================================
Received Import Request.
  Time since last request: 0.000025 seconds.
  path: Assets/Resources/Art/Image (183).png
  artifactKey: Guid(6b7703ee9352409a82198a55e3550c71) Importer(815301076,1909f56bfc062723c751e8b465ee728b)
Start importing Assets/Resources/Art/Image (183).png using Guid(6b7703ee9352409a82198a55e3550c71) Importer(815301076,1909f56bfc062723c751e8b465ee728b) (PreviewImporter) -> (artifact id: 'f62574653996254e95aa89646ff8e877') in 0.0321615 seconds
Number of updated asset objects reloaded before import = 0Number of asset objects unloaded after import = 3

========================================================================
Received Import Request.
  Time since last request: 0.000029 seconds.
  path: Assets/Resources/Art/Image (192).png
  artifactKey: Guid(46799920aa3541e68d54e1c1fdd2f811) Importer(815301076,1909f56bfc062723c751e8b465ee728b)
Start importing Assets/Resources/Art/Image (192).png using Guid(46799920aa3541e68d54e1c1fdd2f811) Importer(815301076,1909f56bfc062723c751e8b465ee728b) (PreviewImporter) -> (artifact id: '865ce58f6b3b277c3134e9fe45c50a4b') in 0.0372317 seconds
Number of updated asset objects reloaded before import = 0Number of asset objects unloaded after import = 3

========================================================================
Received Import Request.
  Time since last request: 0.000029 seconds.
  path: Assets/Resources/Art/Image (191).png
  artifactKey: Guid(bdba044418aa48b3bb93af6f002ac4e9) Importer(815301076,1909f56bfc062723c751e8b465ee728b)
Start importing Assets/Resources/Art/Image (191).png using Guid(bdba044418aa48b3bb93af6f002ac4e9) Importer(815301076,1909f56bfc062723c751e8b465ee728b) (PreviewImporter) -> (artifact id: '1e3f7e44c29dbf0d1b237c9af88be154') in 0.0396889 seconds
Number of updated asset objects reloaded before import = 0Number of asset objects unloaded after import = 3

========================================================================
Received Import Request.
  Time since last request: 0.000035 seconds.
  path: Assets/Resources/Art/Image (195).png
  artifactKey: Guid(15d5d8d3f15e49b99fd83b94ceec908a) Importer(815301076,1909f56bfc062723c751e8b465ee728b)
Start importing Assets/Resources/Art/Image (195).png using Guid(15d5d8d3f15e49b99fd83b94ceec908a) Importer(815301076,1909f56bfc062723c751e8b465ee728b) (PreviewImporter) -> (artifact id: '3c9037110f77711d2fbdcb060fba8d90') in 0.0308022 seconds
Number of updated asset objects reloaded before import = 0Number of asset objects unloaded after import = 3

Editor requested this worker to shutdown with reason: Scaling down because of idle timeout
AssetImportWorkerClient::OnTransportError - code=2 error=End of file
AssetImportWorker is now disconnected from the server
Process exiting
Exiting without the bug reporter. Application will terminate with return code 0