Using pre-set license
Built from '6000.1/staging' branch; Version is '6000.1.7f1 (13a8ffad9172) revision 1288447'; Using compiler version '194234433'; Build Type 'Release'
OS: 'Windows 11  (10.0.26100) 64bit Core' Language: 'en' Physical Memory: 32491 MB
BatchMode: 1, IsHumanControllingUs: 0, StartBugReporterOnCrash: 0, Is64bit: 1, IsPro: 1
Date: 2025-08-04T12:05:52Z

COMMAND LINE ARGUMENTS:
C:\Program Files\Unity\Hub\Editor\6000.1.7f1\Editor\Unity.exe
-adb2
-batchMode
-noUpm
-name
AssetImportWorker14
-projectPath
D:/Projects/Unity/White Screen Test
-logFile
Logs/AssetImportWorker14.log
-srvPort
53295
-job-worker-count
15
-background-job-worker-count
8
-gc-helper-count
1
-name
AssetImport
Successfully changed project path to: D:/Projects/Unity/White Screen Test
D:/Projects/Unity/White Screen Test
[UnityMemory] Configuration Parameters - Can be set up in boot.config
    "memorysetup-allocator-temp-initial-block-size-main=262144"
    "memorysetup-allocator-temp-initial-block-size-worker=262144"
    "memorysetup-bucket-allocator-granularity=16"
    "memorysetup-bucket-allocator-bucket-count=8"
    "memorysetup-bucket-allocator-block-size=33554432"
    "memorysetup-bucket-allocator-block-count=8"
    "memorysetup-main-allocator-block-size=16777216"
    "memorysetup-thread-allocator-block-size=16777216"
    "memorysetup-gfx-main-allocator-block-size=16777216"
    "memorysetup-gfx-thread-allocator-block-size=16777216"
    "memorysetup-cache-allocator-block-size=4194304"
    "memorysetup-typetree-allocator-block-size=2097152"
    "memorysetup-profiler-bucket-allocator-granularity=16"
    "memorysetup-profiler-bucket-allocator-bucket-count=8"
    "memorysetup-profiler-bucket-allocator-block-size=33554432"
    "memorysetup-profiler-bucket-allocator-block-count=8"
    "memorysetup-profiler-allocator-block-size=16777216"
    "memorysetup-profiler-editor-allocator-block-size=1048576"
    "memorysetup-temp-allocator-size-main=16777216"
    "memorysetup-job-temp-allocator-block-size=2097152"
    "memorysetup-job-temp-allocator-block-size-background=1048576"
    "memorysetup-job-temp-allocator-reduction-small-platforms=262144"
    "memorysetup-temp-allocator-size-background-worker=32768"
    "memorysetup-temp-allocator-size-job-worker=262144"
    "memorysetup-temp-allocator-size-preload-manager=33554432"
    "memorysetup-temp-allocator-size-nav-mesh-worker=65536"
    "memorysetup-temp-allocator-size-audio-worker=65536"
    "memorysetup-temp-allocator-size-cloud-worker=32768"
    "memorysetup-temp-allocator-size-gi-baking-worker=262144"
    "memorysetup-temp-allocator-size-gi-baking-worker=262144"
    "memorysetup-temp-allocator-size-gi-baking-worker=262144"
    "memorysetup-temp-allocator-size-gi-baking-worker=262144"
    "memorysetup-temp-allocator-size-gi-baking-worker=262144"
    "memorysetup-temp-allocator-size-gfx=262144"
Player connection [38376]  Target information:

Player connection [38376]  * "[IP] 192.168.31.102 [Port] 0 [Flags] 2 [Guid] 2849274735 [EditorId] 2849274735 [Version] 1048832 [Id] WindowsEditor(7,Roman-PC) [Debug] 1 [PackageName] WindowsEditor [ProjectName] Editor" 

Player connection [38376] Host joined multi-casting on [225.0.0.222:54997]...
Player connection [38376] Host joined alternative multi-casting on [225.0.0.222:34997]...
JobSystem: Creating JobQueue using job-worker-count value 15
Input System module state changed to: Initialized.
[Physics::Module] Initialized fallback backend.
[Physics::Module] Id: 0xdecafbad
Library Redirect Path: Library/
[Physics::Module] Selected backend.
[Physics::Module] Name: PhysX
[Physics::Module] Id: 0xf2b8ea05
[Physics::Module] SDK Version: 4.1.2
[Physics::Module] Integration Version: 1.0.0
[Physics::Module] Threading Mode: Multi-Threaded
Refreshing native plugins compatible for Editor in 1.65 ms, found 4 plugins.
Preloading 0 native plugins for Editor in 0.00 ms.
Initialize engine version: 6000.1.7f1 (13a8ffad9172)
[Subsystems] Discovering subsystems at path C:/Program Files/Unity/Hub/Editor/6000.1.7f1/Editor/Data/Resources/UnitySubsystems
[Subsystems] Discovering subsystems at path D:/Projects/Unity/White Screen Test/Assets
GfxDevice: creating device client; kGfxThreadingModeNonThreaded
Direct3D:
    Version:  Direct3D 11.0 [level 11.1]
    Renderer: NVIDIA GeForce RTX 4080 Laptop GPU (ID=0x27e0)
    Vendor:   NVIDIA
    VRAM:     11997 MB
    Driver:   32.0.15.6094
Initialize mono
Mono path[0] = 'C:/Program Files/Unity/Hub/Editor/6000.1.7f1/Editor/Data/Managed'
Mono path[1] = 'C:/Program Files/Unity/Hub/Editor/6000.1.7f1/Editor/Data/MonoBleedingEdge/lib/mono/unityjit-win32'
Mono config path = 'C:/Program Files/Unity/Hub/Editor/6000.1.7f1/Editor/Data/MonoBleedingEdge/etc'
Using monoOptions --debugger-agent=transport=dt_socket,embedding=1,server=y,suspend=n,address=127.0.0.1:56904
Begin MonoManager ReloadAssembly
Registering precompiled unity dll's ...
Register platform support module: C:/Program Files/Unity/Hub/Editor/6000.1.7f1/Editor/Data/PlaybackEngines/WebGLSupport/UnityEditor.WebGL.Extensions.dll
Register platform support module: C:/Program Files/Unity/Hub/Editor/6000.1.7f1/Editor/Data/PlaybackEngines/WindowsStandaloneSupport/UnityEditor.WindowsStandalone.Extensions.dll
Register platform support module: C:/Program Files/Unity/Hub/Editor/6000.1.7f1/Editor/Data/PlaybackEngines/iOSSupport/UnityEditor.iOS.Extensions.dll
Registered in 0.001426 seconds.
- Loaded All Assemblies, in  0.333 seconds
[usbmuxd] Start listen thread
[usbmuxd] Listen thread started
[usbmuxd] Send listen message
Native extension for iOS target not found
[usbmuxd] Attached: 5 00008110-00040DA62E03801E
Native extension for WindowsStandalone target not found
Native extension for WebGL target not found
Mono: successfully reloaded assembly
- Finished resetting the current domain, in  0.262 seconds
Domain Reload Profiling: 593ms
	BeginReloadAssembly (122ms)
		ExecutionOrderSort (0ms)
		DisableScriptedObjects (0ms)
		BackupInstance (0ms)
		ReleaseScriptingObjects (0ms)
		CreateAndSetChildDomain (1ms)
	RebuildCommonClasses (35ms)
	RebuildNativeTypeToScriptingClass (12ms)
	initialDomainReloadingComplete (43ms)
	LoadAllAssembliesAndSetupDomain (120ms)
		LoadAssemblies (119ms)
		RebuildTransferFunctionScriptingTraits (0ms)
		AnalyzeDomain (117ms)
			TypeCache.Refresh (116ms)
				TypeCache.ScanAssembly (107ms)
			BuildScriptInfoCaches (0ms)
			ResolveRequiredComponents (0ms)
	FinalizeReload (262ms)
		ReleaseScriptCaches (0ms)
		RebuildScriptCaches (0ms)
		SetupLoadedEditorAssemblies (229ms)
			LogAssemblyErrors (0ms)
			InitializePlatformSupportModulesInManaged (48ms)
			SetLoadedEditorAssemblies (4ms)
			BeforeProcessingInitializeOnLoad (53ms)
			ProcessInitializeOnLoadAttributes (92ms)
			ProcessInitializeOnLoadMethodAttributes (32ms)
			AfterProcessingInitializeOnLoad (0ms)
			EditorAssembliesLoaded (0ms)
		ExecutionOrderSort2 (0ms)
		AwakeInstancesAfterBackupRestoration (0ms)
========================================================================
Worker process is ready to serve import requests
Import Worker Mode flag is 0x00
Begin MonoManager ReloadAssembly
- Loaded All Assemblies, in  0.847 seconds
Refreshing native plugins compatible for Editor in 1.54 ms, found 4 plugins.
Native extension for iOS target not found
Native extension for WindowsStandalone target not found
Native extension for WebGL target not found
Refreshing native plugins compatible for Editor in 0.70 ms, found 4 plugins.
Mono: successfully reloaded assembly
- Finished resetting the current domain, in  0.880 seconds
Domain Reload Profiling: 1725ms
	BeginReloadAssembly (154ms)
		ExecutionOrderSort (0ms)
		DisableScriptedObjects (4ms)
		BackupInstance (0ms)
		ReleaseScriptingObjects (0ms)
		CreateAndSetChildDomain (25ms)
	RebuildCommonClasses (34ms)
	RebuildNativeTypeToScriptingClass (10ms)
	initialDomainReloadingComplete (36ms)
	LoadAllAssembliesAndSetupDomain (610ms)
		LoadAssemblies (411ms)
		RebuildTransferFunctionScriptingTraits (0ms)
		AnalyzeDomain (286ms)
			TypeCache.Refresh (204ms)
				TypeCache.ScanAssembly (188ms)
			BuildScriptInfoCaches (70ms)
			ResolveRequiredComponents (9ms)
	FinalizeReload (880ms)
		ReleaseScriptCaches (0ms)
		RebuildScriptCaches (0ms)
		SetupLoadedEditorAssemblies (732ms)
			LogAssemblyErrors (0ms)
			InitializePlatformSupportModulesInManaged (10ms)
			SetLoadedEditorAssemblies (6ms)
			BeforeProcessingInitializeOnLoad (208ms)
			ProcessInitializeOnLoadAttributes (423ms)
			ProcessInitializeOnLoadMethodAttributes (82ms)
			AfterProcessingInitializeOnLoad (2ms)
			EditorAssembliesLoaded (0ms)
		ExecutionOrderSort2 (0ms)
		AwakeInstancesAfterBackupRestoration (4ms)
Launched and connected shader compiler UnityShaderCompiler.exe after 0.03 seconds
Refreshing native plugins compatible for Editor in 1.42 ms, found 4 plugins.
Preloading 0 native plugins for Editor in 0.00 ms.
Unloading 267 Unused Serialized files (Serialized files now loaded: 0)
Unloading 7242 unused Assets / (6.8 MB). Loaded Objects now: 7981.
Memory consumption went from 188.3 MB to 181.4 MB.
Total: 10.633800 ms (FindLiveObjects: 1.278400 ms CreateObjectMapping: 0.631400 ms MarkObjects: 6.012300 ms  DeleteObjects: 2.710500 ms)

========================================================================
Received Import Request.
  Time since last request: 244548.919927 seconds.
  path: Assets/Art/Image (308).png
  artifactKey: Guid(26093f4d193f7d140a37ee9e97a14ab7) Importer(815301076,1909f56bfc062723c751e8b465ee728b)
Start importing Assets/Art/Image (308).png using Guid(26093f4d193f7d140a37ee9e97a14ab7) Importer(815301076,1909f56bfc062723c751e8b465ee728b) (PreviewImporter) -> (artifact id: '4ed751711bf607f88d647a5fe2173ab0') in 0.1938697 seconds
Number of updated asset objects reloaded before import = 0Number of asset objects unloaded after import = 3

========================================================================
Received Import Request.
  Time since last request: 0.000018 seconds.
  path: Assets/Art/Image (735).png
  artifactKey: Guid(f7982300826791a4e8ef63f88bca6a5c) Importer(815301076,1909f56bfc062723c751e8b465ee728b)
Start importing Assets/Art/Image (735).png using Guid(f7982300826791a4e8ef63f88bca6a5c) Importer(815301076,1909f56bfc062723c751e8b465ee728b) (PreviewImporter) -> (artifact id: '6c8f16bf5edc6c09e38189f88fb0aa87') in 0.0370777 seconds
Number of updated asset objects reloaded before import = 0Number of asset objects unloaded after import = 3

========================================================================
Received Import Request.
  Time since last request: 0.000019 seconds.
  path: Assets/Art/Image (485).png
  artifactKey: Guid(f5db9ecd508d0544182e61d1ea7b2342) Importer(815301076,1909f56bfc062723c751e8b465ee728b)
Start importing Assets/Art/Image (485).png using Guid(f5db9ecd508d0544182e61d1ea7b2342) Importer(815301076,1909f56bfc062723c751e8b465ee728b) (PreviewImporter) -> (artifact id: 'a4fc7f547c80f2c81841324dcf9e8e28') in 0.028629 seconds
Number of updated asset objects reloaded before import = 0Number of asset objects unloaded after import = 3

========================================================================
Received Import Request.
  Time since last request: 0.000010 seconds.
  path: Assets/Art/Image (1216).png
  artifactKey: Guid(a52f5594588dfd24c907c9cc1aaf85aa) Importer(815301076,1909f56bfc062723c751e8b465ee728b)
Start importing Assets/Art/Image (1216).png using Guid(a52f5594588dfd24c907c9cc1aaf85aa) Importer(815301076,1909f56bfc062723c751e8b465ee728b) (PreviewImporter) -> (artifact id: '17fb703822ddca3e8fc0b9fe7117ad2e') in 0.0239811 seconds
Number of updated asset objects reloaded before import = 0Number of asset objects unloaded after import = 3

========================================================================
Received Import Request.
  Time since last request: 0.000013 seconds.
  path: Assets/Art/Image (1275).png
  artifactKey: Guid(b62065459cd832046b6d392f8a362923) Importer(815301076,1909f56bfc062723c751e8b465ee728b)
Start importing Assets/Art/Image (1275).png using Guid(b62065459cd832046b6d392f8a362923) Importer(815301076,1909f56bfc062723c751e8b465ee728b) (PreviewImporter) -> (artifact id: 'bbf7c312eb29e26ca40bd44bf39410ec') in 0.0267572 seconds
Number of updated asset objects reloaded before import = 0Number of asset objects unloaded after import = 3

========================================================================
Received Import Request.
  Time since last request: 0.000015 seconds.
  path: Assets/Art/Image (1309).png
  artifactKey: Guid(2fce0aae48a8c5b4389e7990aa1abe0f) Importer(815301076,1909f56bfc062723c751e8b465ee728b)
Start importing Assets/Art/Image (1309).png using Guid(2fce0aae48a8c5b4389e7990aa1abe0f) Importer(815301076,1909f56bfc062723c751e8b465ee728b) (PreviewImporter) -> (artifact id: '3c4fd140c2aa2fcd0823f4a546190dc6') in 0.0289753 seconds
Number of updated asset objects reloaded before import = 0Number of asset objects unloaded after import = 3

========================================================================
Received Import Request.
  Time since last request: 0.000059 seconds.
  path: Assets/Art/Image (1269).png
  artifactKey: Guid(41f208b2fa3567c469b2476f789aa1c3) Importer(815301076,1909f56bfc062723c751e8b465ee728b)
Start importing Assets/Art/Image (1269).png using Guid(41f208b2fa3567c469b2476f789aa1c3) Importer(815301076,1909f56bfc062723c751e8b465ee728b) (PreviewImporter) -> (artifact id: '7e6ffe6167f0e4cf8a49d4b708d0957f') in 0.027083 seconds
Number of updated asset objects reloaded before import = 0Number of asset objects unloaded after import = 3

========================================================================
Received Import Request.
  Time since last request: 0.000021 seconds.
  path: Assets/Art/Image (1351).png
  artifactKey: Guid(1cf09f8b11d0fd742b9a90e7e9bfbecc) Importer(815301076,1909f56bfc062723c751e8b465ee728b)
Start importing Assets/Art/Image (1351).png using Guid(1cf09f8b11d0fd742b9a90e7e9bfbecc) Importer(815301076,1909f56bfc062723c751e8b465ee728b) (PreviewImporter) -> (artifact id: '168adf43d12c4da76c5565ba2fb589de') in 0.0248771 seconds
Number of updated asset objects reloaded before import = 0Number of asset objects unloaded after import = 3

========================================================================
Received Import Request.
  Time since last request: 0.000022 seconds.
  path: Assets/Art/Image (1428).png
  artifactKey: Guid(24081496577457745a86c0766d9267e5) Importer(815301076,1909f56bfc062723c751e8b465ee728b)
Start importing Assets/Art/Image (1428).png using Guid(24081496577457745a86c0766d9267e5) Importer(815301076,1909f56bfc062723c751e8b465ee728b) (PreviewImporter) -> (artifact id: 'a43b0f1bf770d927f252a8d2583ea020') in 0.0233114 seconds
Number of updated asset objects reloaded before import = 0Number of asset objects unloaded after import = 3

========================================================================
Received Import Request.
  Time since last request: 0.000017 seconds.
  path: Assets/Art/Image (1443).png
  artifactKey: Guid(e6fc4528e3db92e46836cefcebb8f32e) Importer(815301076,1909f56bfc062723c751e8b465ee728b)
Start importing Assets/Art/Image (1443).png using Guid(e6fc4528e3db92e46836cefcebb8f32e) Importer(815301076,1909f56bfc062723c751e8b465ee728b) (PreviewImporter) -> (artifact id: 'df9c5180d81815bcbbd630269ddfd012') in 0.025182 seconds
Number of updated asset objects reloaded before import = 0Number of asset objects unloaded after import = 3

========================================================================
Received Import Request.
  Time since last request: 0.000014 seconds.
  path: Assets/Art/Image (1466).png
  artifactKey: Guid(3c3b099730d942f46b89b6e6d899dea4) Importer(815301076,1909f56bfc062723c751e8b465ee728b)
Start importing Assets/Art/Image (1466).png using Guid(3c3b099730d942f46b89b6e6d899dea4) Importer(815301076,1909f56bfc062723c751e8b465ee728b) (PreviewImporter) -> (artifact id: '334e3fb3445c13be4bad81c98610863e') in 0.0297723 seconds
Number of updated asset objects reloaded before import = 0Number of asset objects unloaded after import = 3

========================================================================
Received Import Request.
  Time since last request: 0.000020 seconds.
  path: Assets/Art/Image (1323).png
  artifactKey: Guid(bfd0ee4f73f969546b8daafaba545361) Importer(815301076,1909f56bfc062723c751e8b465ee728b)
Start importing Assets/Art/Image (1323).png using Guid(bfd0ee4f73f969546b8daafaba545361) Importer(815301076,1909f56bfc062723c751e8b465ee728b) (PreviewImporter) -> (artifact id: '23a6a7eae155036fc96b244c3fe0ec74') in 0.0269788 seconds
Number of updated asset objects reloaded before import = 0Number of asset objects unloaded after import = 3

========================================================================
Received Import Request.
  Time since last request: 0.000014 seconds.
  path: Assets/Art/Image (1278).png
  artifactKey: Guid(d673c47d6e0bbd7478c753a19f0def65) Importer(815301076,1909f56bfc062723c751e8b465ee728b)
Start importing Assets/Art/Image (1278).png using Guid(d673c47d6e0bbd7478c753a19f0def65) Importer(815301076,1909f56bfc062723c751e8b465ee728b) (PreviewImporter) -> (artifact id: 'f812f05773b6f5714578634ba658e68a') in 0.0248098 seconds
Number of updated asset objects reloaded before import = 0Number of asset objects unloaded after import = 3

========================================================================
Received Import Request.
  Time since last request: 0.000022 seconds.
  path: Assets/Art/Image (1480).png
  artifactKey: Guid(1eaa74316a74014419a28c3178dfb16a) Importer(815301076,1909f56bfc062723c751e8b465ee728b)
Start importing Assets/Art/Image (1480).png using Guid(1eaa74316a74014419a28c3178dfb16a) Importer(815301076,1909f56bfc062723c751e8b465ee728b) (PreviewImporter) -> (artifact id: 'a4e6ba6f195bd7a96580196e92118c2e') in 0.0273934 seconds
Number of updated asset objects reloaded before import = 0Number of asset objects unloaded after import = 3

========================================================================
Received Import Request.
  Time since last request: 0.000028 seconds.
  path: Assets/Art/Image (1482).png
  artifactKey: Guid(c6f37e8fd456d1047bcfa4393a688919) Importer(815301076,1909f56bfc062723c751e8b465ee728b)
Start importing Assets/Art/Image (1482).png using Guid(c6f37e8fd456d1047bcfa4393a688919) Importer(815301076,1909f56bfc062723c751e8b465ee728b) (PreviewImporter) -> (artifact id: '14a68eacac7079ee298b41ee857168b3') in 0.024075 seconds
Number of updated asset objects reloaded before import = 0Number of asset objects unloaded after import = 3

========================================================================
Received Import Request.
  Time since last request: 0.000019 seconds.
  path: Assets/Art/Image (746).png
  artifactKey: Guid(c05dbf21fc7db4842920a02681155af2) Importer(815301076,1909f56bfc062723c751e8b465ee728b)
Start importing Assets/Art/Image (746).png using Guid(c05dbf21fc7db4842920a02681155af2) Importer(815301076,1909f56bfc062723c751e8b465ee728b) (PreviewImporter) -> (artifact id: '82850726fee007717994365a3fb67c28') in 0.0367272 seconds
Number of updated asset objects reloaded before import = 0Number of asset objects unloaded after import = 3

========================================================================
Received Import Request.
  Time since last request: 0.000013 seconds.
  path: Assets/Art/Image (1341).png
  artifactKey: Guid(ca458802dda03984fba9a3eb2dffbbc8) Importer(815301076,1909f56bfc062723c751e8b465ee728b)
Start importing Assets/Art/Image (1341).png using Guid(ca458802dda03984fba9a3eb2dffbbc8) Importer(815301076,1909f56bfc062723c751e8b465ee728b) (PreviewImporter) -> (artifact id: '32da6c985045c2ac00125fc3cb6f1514') in 0.0298111 seconds
Number of updated asset objects reloaded before import = 0Number of asset objects unloaded after import = 3

========================================================================
Received Import Request.
  Time since last request: 0.000015 seconds.
  path: Assets/Art/Image (1219).png
  artifactKey: Guid(b3e704e67fbb0d5429d0f4550005ecc6) Importer(815301076,1909f56bfc062723c751e8b465ee728b)
Start importing Assets/Art/Image (1219).png using Guid(b3e704e67fbb0d5429d0f4550005ecc6) Importer(815301076,1909f56bfc062723c751e8b465ee728b) (PreviewImporter) -> (artifact id: '7e24fdd73227b220130b8989e9cf0320') in 0.0219212 seconds
Number of updated asset objects reloaded before import = 0Number of asset objects unloaded after import = 3

========================================================================
Received Import Request.
  Time since last request: 0.000013 seconds.
  path: Assets/Art/Image (496).png
  artifactKey: Guid(529db54a4ec266a47b6bcc01bc3241f9) Importer(815301076,1909f56bfc062723c751e8b465ee728b)
Start importing Assets/Art/Image (496).png using Guid(529db54a4ec266a47b6bcc01bc3241f9) Importer(815301076,1909f56bfc062723c751e8b465ee728b) (PreviewImporter) -> (artifact id: 'b25d826b27950b8ef4295036be05b7a3') in 0.0264688 seconds
Number of updated asset objects reloaded before import = 0Number of asset objects unloaded after import = 3

========================================================================
Received Import Request.
  Time since last request: 0.000016 seconds.
  path: Assets/Art/Image (1330).png
  artifactKey: Guid(a0709ba98dddd40439fbb1733246156f) Importer(815301076,1909f56bfc062723c751e8b465ee728b)
Start importing Assets/Art/Image (1330).png using Guid(a0709ba98dddd40439fbb1733246156f) Importer(815301076,1909f56bfc062723c751e8b465ee728b) (PreviewImporter) -> (artifact id: 'c0635f8e6c9a01f574bba8708397b709') in 0.0236678 seconds
Number of updated asset objects reloaded before import = 0Number of asset objects unloaded after import = 3

========================================================================
Received Import Request.
  Time since last request: 0.000020 seconds.
  path: Assets/Art/Image (1365).png
  artifactKey: Guid(231a7532d994cc947960abd62aefa48b) Importer(815301076,1909f56bfc062723c751e8b465ee728b)
Start importing Assets/Art/Image (1365).png using Guid(231a7532d994cc947960abd62aefa48b) Importer(815301076,1909f56bfc062723c751e8b465ee728b) (PreviewImporter) -> (artifact id: '30cee7177b56feb67197f53601b459c9') in 0.0345765 seconds
Number of updated asset objects reloaded before import = 0Number of asset objects unloaded after import = 3

========================================================================
Received Import Request.
  Time since last request: 0.000014 seconds.
  path: Assets/Art/Image (1040).png
  artifactKey: Guid(ff1877dce409ee44abc88dc5ec11c0f5) Importer(815301076,1909f56bfc062723c751e8b465ee728b)
Start importing Assets/Art/Image (1040).png using Guid(ff1877dce409ee44abc88dc5ec11c0f5) Importer(815301076,1909f56bfc062723c751e8b465ee728b) (PreviewImporter) -> (artifact id: '8d2a1f35049b34801734eb9e1f637c80') in 0.0250496 seconds
Number of updated asset objects reloaded before import = 0Number of asset objects unloaded after import = 3

========================================================================
Received Import Request.
  Time since last request: 0.000018 seconds.
  path: Assets/Art/Image (1085).png
  artifactKey: Guid(fdecb495494c6d245a6af2ceb564c715) Importer(815301076,1909f56bfc062723c751e8b465ee728b)
Start importing Assets/Art/Image (1085).png using Guid(fdecb495494c6d245a6af2ceb564c715) Importer(815301076,1909f56bfc062723c751e8b465ee728b) (PreviewImporter) -> (artifact id: '016974c20621b92964fef2af2d29a23b') in 0.0266022 seconds
Number of updated asset objects reloaded before import = 0Number of asset objects unloaded after import = 3

========================================================================
Received Import Request.
  Time since last request: 0.000013 seconds.
  path: Assets/Art/Image (739).png
  artifactKey: Guid(b9b08f02141b80c40846a9c00466df73) Importer(815301076,1909f56bfc062723c751e8b465ee728b)
Start importing Assets/Art/Image (739).png using Guid(b9b08f02141b80c40846a9c00466df73) Importer(815301076,1909f56bfc062723c751e8b465ee728b) (PreviewImporter) -> (artifact id: 'd210e6d4393e6ed52e9e2a8d69f42467') in 0.0246316 seconds
Number of updated asset objects reloaded before import = 0Number of asset objects unloaded after import = 3

========================================================================
Received Import Request.
  Time since last request: 0.000016 seconds.
  path: Assets/Art/Image (1287).png
  artifactKey: Guid(45651ac14d6db994c9f2241367d27051) Importer(815301076,1909f56bfc062723c751e8b465ee728b)
Start importing Assets/Art/Image (1287).png using Guid(45651ac14d6db994c9f2241367d27051) Importer(815301076,1909f56bfc062723c751e8b465ee728b) (PreviewImporter) -> (artifact id: 'da86fe74c1b7d36677f70807b4c4daf2') in 0.0265755 seconds
Number of updated asset objects reloaded before import = 0Number of asset objects unloaded after import = 3

========================================================================
Received Import Request.
  Time since last request: 0.000015 seconds.
  path: Assets/Art/Image (1295).png
  artifactKey: Guid(c2d88940a287ee84c87263107c319c9b) Importer(815301076,1909f56bfc062723c751e8b465ee728b)
Start importing Assets/Art/Image (1295).png using Guid(c2d88940a287ee84c87263107c319c9b) Importer(815301076,1909f56bfc062723c751e8b465ee728b) (PreviewImporter) -> (artifact id: '97511bdc31f97bf314291e70d78fcd39') in 0.0309454 seconds
Number of updated asset objects reloaded before import = 0Number of asset objects unloaded after import = 3

========================================================================
Received Import Request.
  Time since last request: 0.000025 seconds.
  path: Assets/Art/Image (1256).png
  artifactKey: Guid(54815122ea21583488e9bf9aaab1f2c2) Importer(815301076,1909f56bfc062723c751e8b465ee728b)
Start importing Assets/Art/Image (1256).png using Guid(54815122ea21583488e9bf9aaab1f2c2) Importer(815301076,1909f56bfc062723c751e8b465ee728b) (PreviewImporter) -> (artifact id: '3cf391cb29d3530dbff61ab94ec97b60') in 0.0214718 seconds
Number of updated asset objects reloaded before import = 0Number of asset objects unloaded after import = 3

========================================================================
Received Import Request.
  Time since last request: 0.000017 seconds.
  path: Assets/Art/Image (1329).png
  artifactKey: Guid(e46f79492250ab24fa3dc852a81da13a) Importer(815301076,1909f56bfc062723c751e8b465ee728b)
Start importing Assets/Art/Image (1329).png using Guid(e46f79492250ab24fa3dc852a81da13a) Importer(815301076,1909f56bfc062723c751e8b465ee728b) (PreviewImporter) -> (artifact id: '448a2fa97e952be3c58551e88d263671') in 0.0273669 seconds
Number of updated asset objects reloaded before import = 0Number of asset objects unloaded after import = 3

========================================================================
Received Import Request.
  Time since last request: 0.000017 seconds.
  path: Assets/Art/Image (1072).png
  artifactKey: Guid(887f6b8cd044e284d9145f8fb12097ba) Importer(815301076,1909f56bfc062723c751e8b465ee728b)
Start importing Assets/Art/Image (1072).png using Guid(887f6b8cd044e284d9145f8fb12097ba) Importer(815301076,1909f56bfc062723c751e8b465ee728b) (PreviewImporter) -> (artifact id: 'dc102718d583312e3faccb750dbce150') in 0.0233447 seconds
Number of updated asset objects reloaded before import = 0Number of asset objects unloaded after import = 3

========================================================================
Received Import Request.
  Time since last request: 0.000024 seconds.
  path: Assets/Art/Image (1499).png
  artifactKey: Guid(1fe4519ed9812944cb71e563413d50d2) Importer(815301076,1909f56bfc062723c751e8b465ee728b)
Start importing Assets/Art/Image (1499).png using Guid(1fe4519ed9812944cb71e563413d50d2) Importer(815301076,1909f56bfc062723c751e8b465ee728b) (PreviewImporter) -> (artifact id: 'ff03d1d70378c3d3e8c95b0bf497e46b') in 0.0250234 seconds
Number of updated asset objects reloaded before import = 0Number of asset objects unloaded after import = 3

========================================================================
Received Import Request.
  Time since last request: 0.000016 seconds.
  path: Assets/Art/Image (1491).png
  artifactKey: Guid(9ba30b1e372ae134db2544810a44e2bd) Importer(815301076,1909f56bfc062723c751e8b465ee728b)
Start importing Assets/Art/Image (1491).png using Guid(9ba30b1e372ae134db2544810a44e2bd) Importer(815301076,1909f56bfc062723c751e8b465ee728b) (PreviewImporter) -> (artifact id: 'b08628703fa3ae03677d6a011c517d5f') in 0.0229705 seconds
Number of updated asset objects reloaded before import = 0Number of asset objects unloaded after import = 3

========================================================================
Received Import Request.
  Time since last request: 0.000015 seconds.
  path: Assets/Art/Image (324).png
  artifactKey: Guid(b1dc0ed24df05e044bdbadcdcb46c108) Importer(815301076,1909f56bfc062723c751e8b465ee728b)
Start importing Assets/Art/Image (324).png using Guid(b1dc0ed24df05e044bdbadcdcb46c108) Importer(815301076,1909f56bfc062723c751e8b465ee728b) (PreviewImporter) -> (artifact id: 'c039dadc8718e6fa9f5a496cc9fa10a1') in 0.0245884 seconds
Number of updated asset objects reloaded before import = 0Number of asset objects unloaded after import = 3

========================================================================
Received Import Request.
  Time since last request: 0.000019 seconds.
  path: Assets/Art/Image (1343).png
  artifactKey: Guid(2ce99c1fbb9767e4cbcf3a2af9d66405) Importer(815301076,1909f56bfc062723c751e8b465ee728b)
Start importing Assets/Art/Image (1343).png using Guid(2ce99c1fbb9767e4cbcf3a2af9d66405) Importer(815301076,1909f56bfc062723c751e8b465ee728b) (PreviewImporter) -> (artifact id: '9ab3f9238a11cb7b53913dd8e4d6b4fe') in 0.0311167 seconds
Number of updated asset objects reloaded before import = 0Number of asset objects unloaded after import = 3

========================================================================
Received Import Request.
  Time since last request: 0.000013 seconds.
  path: Assets/Art/Image (1274).png
  artifactKey: Guid(a6dba166ee154484c8200be8fdbc786b) Importer(815301076,1909f56bfc062723c751e8b465ee728b)
Start importing Assets/Art/Image (1274).png using Guid(a6dba166ee154484c8200be8fdbc786b) Importer(815301076,1909f56bfc062723c751e8b465ee728b) (PreviewImporter) -> (artifact id: '4f758c45b870263a9eb62c139f076fd3') in 0.0249996 seconds
Number of updated asset objects reloaded before import = 0Number of asset objects unloaded after import = 3

========================================================================
Received Import Request.
  Time since last request: 0.000037 seconds.
  path: Assets/Art/Image (317).png
  artifactKey: Guid(636f73bab64a54a40bfa019c7c7f1169) Importer(815301076,1909f56bfc062723c751e8b465ee728b)
Start importing Assets/Art/Image (317).png using Guid(636f73bab64a54a40bfa019c7c7f1169) Importer(815301076,1909f56bfc062723c751e8b465ee728b) (PreviewImporter) -> (artifact id: '39a2a1366c7b180fc205f12e642f936f') in 0.0244817 seconds
Number of updated asset objects reloaded before import = 0Number of asset objects unloaded after import = 3

========================================================================
Received Import Request.
  Time since last request: 0.000014 seconds.
  path: Assets/Art/Image (1493).png
  artifactKey: Guid(9736db6d92079c14f9bbb97e96b14400) Importer(815301076,1909f56bfc062723c751e8b465ee728b)
Start importing Assets/Art/Image (1493).png using Guid(9736db6d92079c14f9bbb97e96b14400) Importer(815301076,1909f56bfc062723c751e8b465ee728b) (PreviewImporter) -> (artifact id: 'd701ddcdff3cfb122e97c721fe76a60e') in 0.0234601 seconds
Number of updated asset objects reloaded before import = 0Number of asset objects unloaded after import = 3

========================================================================
Received Import Request.
  Time since last request: 0.000013 seconds.
  path: Assets/Art/Image (1503).png
  artifactKey: Guid(d2e926d0e9c9d724eb697f71b8aa2ad9) Importer(815301076,1909f56bfc062723c751e8b465ee728b)
Start importing Assets/Art/Image (1503).png using Guid(d2e926d0e9c9d724eb697f71b8aa2ad9) Importer(815301076,1909f56bfc062723c751e8b465ee728b) (PreviewImporter) -> (artifact id: 'd9410c36f09b657ec90100ae83111988') in 0.021466 seconds
Number of updated asset objects reloaded before import = 0Number of asset objects unloaded after import = 3

========================================================================
Received Import Request.
  Time since last request: 0.000028 seconds.
  path: Assets/Art/Image (502).png
  artifactKey: Guid(4b9c65eeb53b8fc449a72f8b550469f1) Importer(815301076,1909f56bfc062723c751e8b465ee728b)
Start importing Assets/Art/Image (502).png using Guid(4b9c65eeb53b8fc449a72f8b550469f1) Importer(815301076,1909f56bfc062723c751e8b465ee728b) (PreviewImporter) -> (artifact id: 'beda73c6ed33dd5e038b6f67a13dae0a') in 0.0243038 seconds
Number of updated asset objects reloaded before import = 0Number of asset objects unloaded after import = 3

========================================================================
Received Import Request.
  Time since last request: 0.000023 seconds.
  path: Assets/Art/Image (1299).png
  artifactKey: Guid(a618ce0c7f380444b9dd4ab0b7a5bb4b) Importer(815301076,1909f56bfc062723c751e8b465ee728b)
Start importing Assets/Art/Image (1299).png using Guid(a618ce0c7f380444b9dd4ab0b7a5bb4b) Importer(815301076,1909f56bfc062723c751e8b465ee728b) (PreviewImporter) -> (artifact id: '0d25be8fdd9d4b01ba924d76829cd906') in 0.0229051 seconds
Number of updated asset objects reloaded before import = 0Number of asset objects unloaded after import = 3

========================================================================
Received Import Request.
  Time since last request: 0.000017 seconds.
  path: Assets/Art/Image (1375).png
  artifactKey: Guid(71dfe0bb7d79f0b42ab542eb48c56f2d) Importer(815301076,1909f56bfc062723c751e8b465ee728b)
Start importing Assets/Art/Image (1375).png using Guid(71dfe0bb7d79f0b42ab542eb48c56f2d) Importer(815301076,1909f56bfc062723c751e8b465ee728b) (PreviewImporter) -> (artifact id: '0e2af64eed573afbfb97dbd0436522c4') in 0.0255322 seconds
Number of updated asset objects reloaded before import = 0Number of asset objects unloaded after import = 3

========================================================================
Received Import Request.
  Time since last request: 0.000014 seconds.
  path: Assets/Art/Image (1461).png
  artifactKey: Guid(e59984bc31e4ef5458d4e9f8fd27f4ea) Importer(815301076,1909f56bfc062723c751e8b465ee728b)
Start importing Assets/Art/Image (1461).png using Guid(e59984bc31e4ef5458d4e9f8fd27f4ea) Importer(815301076,1909f56bfc062723c751e8b465ee728b) (PreviewImporter) -> (artifact id: '82182b0ceef9014a24520d59f97a7bc5') in 0.024956 seconds
Number of updated asset objects reloaded before import = 0Number of asset objects unloaded after import = 3

========================================================================
Received Import Request.
  Time since last request: 0.000019 seconds.
  path: Assets/Art/Image (1339).png
  artifactKey: Guid(b1a4e4033781ed84385bdc52e68468bb) Importer(815301076,1909f56bfc062723c751e8b465ee728b)
Start importing Assets/Art/Image (1339).png using Guid(b1a4e4033781ed84385bdc52e68468bb) Importer(815301076,1909f56bfc062723c751e8b465ee728b) (PreviewImporter) -> (artifact id: '9222af2e90939d96d34fac1f06c0b271') in 0.0234863 seconds
Number of updated asset objects reloaded before import = 0Number of asset objects unloaded after import = 3

========================================================================
Received Import Request.
  Time since last request: 0.000018 seconds.
  path: Assets/Art/Image (1372).png
  artifactKey: Guid(1a12b07898e636d4eade631f4e987f19) Importer(815301076,1909f56bfc062723c751e8b465ee728b)
Start importing Assets/Art/Image (1372).png using Guid(1a12b07898e636d4eade631f4e987f19) Importer(815301076,1909f56bfc062723c751e8b465ee728b) (PreviewImporter) -> (artifact id: '3e5acb64e6f63c1c7675b01189e262d8') in 0.0288011 seconds
Number of updated asset objects reloaded before import = 0Number of asset objects unloaded after import = 3

========================================================================
Received Import Request.
  Time since last request: 0.000017 seconds.
  path: Assets/Art/Image (1217).png
  artifactKey: Guid(142805b58e7d2f94d9ca3f7753c4d2d2) Importer(815301076,1909f56bfc062723c751e8b465ee728b)
Start importing Assets/Art/Image (1217).png using Guid(142805b58e7d2f94d9ca3f7753c4d2d2) Importer(815301076,1909f56bfc062723c751e8b465ee728b) (PreviewImporter) -> (artifact id: '649054477713f36f8f725bcb09f9ff61') in 0.0258094 seconds
Number of updated asset objects reloaded before import = 0Number of asset objects unloaded after import = 3

========================================================================
Received Import Request.
  Time since last request: 0.000027 seconds.
  path: Assets/Art/Image (1268).png
  artifactKey: Guid(fbbed5295d6f824499c551ec059b45b3) Importer(815301076,1909f56bfc062723c751e8b465ee728b)
Start importing Assets/Art/Image (1268).png using Guid(fbbed5295d6f824499c551ec059b45b3) Importer(815301076,1909f56bfc062723c751e8b465ee728b) (PreviewImporter) -> (artifact id: '3eb7bce29f26af48ea75fdf7d261ec8d') in 0.0255713 seconds
Number of updated asset objects reloaded before import = 0Number of asset objects unloaded after import = 3

========================================================================
Received Import Request.
  Time since last request: 0.000020 seconds.
  path: Assets/Art/Image (1502).png
  artifactKey: Guid(83659a00469bf4b43bfbb71f2a1254f7) Importer(815301076,1909f56bfc062723c751e8b465ee728b)
Start importing Assets/Art/Image (1502).png using Guid(83659a00469bf4b43bfbb71f2a1254f7) Importer(815301076,1909f56bfc062723c751e8b465ee728b) (PreviewImporter) -> (artifact id: 'c98b6c1a38f3d2a00665409952bfe804') in 0.0233117 seconds
Number of updated asset objects reloaded before import = 0Number of asset objects unloaded after import = 3

========================================================================
Received Import Request.
  Time since last request: 0.000018 seconds.
  path: Assets/Art/Image (1304).png
  artifactKey: Guid(12dc754fca690eb468f9007282c98257) Importer(815301076,1909f56bfc062723c751e8b465ee728b)
Start importing Assets/Art/Image (1304).png using Guid(12dc754fca690eb468f9007282c98257) Importer(815301076,1909f56bfc062723c751e8b465ee728b) (PreviewImporter) -> (artifact id: '92ff979b0d6b68403ea7bc1ce2533edd') in 0.02783 seconds
Number of updated asset objects reloaded before import = 0Number of asset objects unloaded after import = 3

========================================================================
Received Import Request.
  Time since last request: 0.000020 seconds.
  path: Assets/Art/Image (884).png
  artifactKey: Guid(b18c3f44ca9484147b1ff80796db906a) Importer(815301076,1909f56bfc062723c751e8b465ee728b)
Start importing Assets/Art/Image (884).png using Guid(b18c3f44ca9484147b1ff80796db906a) Importer(815301076,1909f56bfc062723c751e8b465ee728b) (PreviewImporter) -> (artifact id: '86d726e253c42179d5cf4b6dc32bd435') in 0.0263316 seconds
Number of updated asset objects reloaded before import = 0Number of asset objects unloaded after import = 3

========================================================================
Received Import Request.
  Time since last request: 0.000013 seconds.
  path: Assets/Art/Image (1313).png
  artifactKey: Guid(405322103367c0948a00a79bccec3376) Importer(815301076,1909f56bfc062723c751e8b465ee728b)
Start importing Assets/Art/Image (1313).png using Guid(405322103367c0948a00a79bccec3376) Importer(815301076,1909f56bfc062723c751e8b465ee728b) (PreviewImporter) -> (artifact id: 'd7f24588aad801a79142e995bab5868d') in 0.0314598 seconds
Number of updated asset objects reloaded before import = 0Number of asset objects unloaded after import = 3

========================================================================
Received Import Request.
  Time since last request: 0.000017 seconds.
  path: Assets/Art/Image (1404).png
  artifactKey: Guid(13838ddba49030a4cb023adbf34f8ac5) Importer(815301076,1909f56bfc062723c751e8b465ee728b)
Start importing Assets/Art/Image (1404).png using Guid(13838ddba49030a4cb023adbf34f8ac5) Importer(815301076,1909f56bfc062723c751e8b465ee728b) (PreviewImporter) -> (artifact id: 'a6024ab6131e91e84ec56992fea078c9') in 0.0240326 seconds
Number of updated asset objects reloaded before import = 0Number of asset objects unloaded after import = 3

========================================================================
Received Import Request.
  Time since last request: 4.947753 seconds.
  path: Assets/Art/Image (1454).png
  artifactKey: Guid(6b993a9adc078a6458947d182e43671f) Importer(815301076,1909f56bfc062723c751e8b465ee728b)
Start importing Assets/Art/Image (1454).png using Guid(6b993a9adc078a6458947d182e43671f) Importer(815301076,1909f56bfc062723c751e8b465ee728b) (PreviewImporter) -> (artifact id: 'b7a802f67cc0d6b0861b6e570c485892') in 0.0763096 seconds
Number of updated asset objects reloaded before import = 0Number of asset objects unloaded after import = 3

========================================================================
Received Import Request.
  Time since last request: 0.000016 seconds.
  path: Assets/Art/Image (1108).png
  artifactKey: Guid(ffa08264ea6b4264bac6b91ec2dc1c89) Importer(815301076,1909f56bfc062723c751e8b465ee728b)
Start importing Assets/Art/Image (1108).png using Guid(ffa08264ea6b4264bac6b91ec2dc1c89) Importer(815301076,1909f56bfc062723c751e8b465ee728b) (PreviewImporter) -> (artifact id: '03a9ebd860b82ef610defb5d62e1edd3') in 0.0862028 seconds
Number of updated asset objects reloaded before import = 0Number of asset objects unloaded after import = 3

========================================================================
Received Import Request.
  Time since last request: 0.000017 seconds.
  path: Assets/Art/Image (830).png
  artifactKey: Guid(015f40345276c7c45908faa07f4fe8e2) Importer(815301076,1909f56bfc062723c751e8b465ee728b)
Start importing Assets/Art/Image (830).png using Guid(015f40345276c7c45908faa07f4fe8e2) Importer(815301076,1909f56bfc062723c751e8b465ee728b) (PreviewImporter) -> (artifact id: 'f54448b4e8b16ad62883c67c79823c2e') in 0.025315 seconds
Number of updated asset objects reloaded before import = 0Number of asset objects unloaded after import = 3

========================================================================
Received Import Request.
  Time since last request: 0.000025 seconds.
  path: Assets/Art/Image (547).png
  artifactKey: Guid(0dac905bab70c2b4f864a9e23210a371) Importer(815301076,1909f56bfc062723c751e8b465ee728b)
Start importing Assets/Art/Image (547).png using Guid(0dac905bab70c2b4f864a9e23210a371) Importer(815301076,1909f56bfc062723c751e8b465ee728b) (PreviewImporter) -> (artifact id: 'c9417ef955b66b5a312317e8696c9588') in 0.0221311 seconds
Number of updated asset objects reloaded before import = 0Number of asset objects unloaded after import = 3

========================================================================
Received Import Request.
  Time since last request: 0.000015 seconds.
  path: Assets/Art/Image (1110).png
  artifactKey: Guid(e6333d992cc0ba949be2df1307748cbc) Importer(815301076,1909f56bfc062723c751e8b465ee728b)
Start importing Assets/Art/Image (1110).png using Guid(e6333d992cc0ba949be2df1307748cbc) Importer(815301076,1909f56bfc062723c751e8b465ee728b) (PreviewImporter) -> (artifact id: 'c6a71ae7ed946881838b574818eff011') in 0.0213775 seconds
Number of updated asset objects reloaded before import = 0Number of asset objects unloaded after import = 3

========================================================================
Received Import Request.
  Time since last request: 0.000015 seconds.
  path: Assets/Art/Image (818).png
  artifactKey: Guid(8e92b8f4920ffdb4cbe59e65d51de62d) Importer(815301076,1909f56bfc062723c751e8b465ee728b)
Start importing Assets/Art/Image (818).png using Guid(8e92b8f4920ffdb4cbe59e65d51de62d) Importer(815301076,1909f56bfc062723c751e8b465ee728b) (PreviewImporter) -> (artifact id: '11025a95df0a87f5fd069b6ca29ea583') in 0.0275577 seconds
Number of updated asset objects reloaded before import = 0Number of asset objects unloaded after import = 3

========================================================================
Received Import Request.
  Time since last request: 0.000021 seconds.
  path: Assets/Art/Image (1383).png
  artifactKey: Guid(c9d134fbbf9175549a91adf0991213f0) Importer(815301076,1909f56bfc062723c751e8b465ee728b)
Start importing Assets/Art/Image (1383).png using Guid(c9d134fbbf9175549a91adf0991213f0) Importer(815301076,1909f56bfc062723c751e8b465ee728b) (PreviewImporter) -> (artifact id: '25cfe4eeca399ddaab3c4b0694150aa1') in 0.0284287 seconds
Number of updated asset objects reloaded before import = 0Number of asset objects unloaded after import = 3

========================================================================
Received Import Request.
  Time since last request: 0.000014 seconds.
  path: Assets/Art/Image (433).png
  artifactKey: Guid(0ff110dc26b8df248a51c1e533b6b200) Importer(815301076,1909f56bfc062723c751e8b465ee728b)
Start importing Assets/Art/Image (433).png using Guid(0ff110dc26b8df248a51c1e533b6b200) Importer(815301076,1909f56bfc062723c751e8b465ee728b) (PreviewImporter) -> (artifact id: 'a455051693a38333961f29c50ce93d9a') in 0.0258587 seconds
Number of updated asset objects reloaded before import = 0Number of asset objects unloaded after import = 3

========================================================================
Received Import Request.
  Time since last request: 0.000021 seconds.
  path: Assets/Art/Image (1418).png
  artifactKey: Guid(5308b9a31d8db0d48b37a29e0263387a) Importer(815301076,1909f56bfc062723c751e8b465ee728b)
Start importing Assets/Art/Image (1418).png using Guid(5308b9a31d8db0d48b37a29e0263387a) Importer(815301076,1909f56bfc062723c751e8b465ee728b) (PreviewImporter) -> (artifact id: '3006fec6d6f2dd40f387a777d47bbcee') in 0.0261349 seconds
Number of updated asset objects reloaded before import = 0Number of asset objects unloaded after import = 3

========================================================================
Received Import Request.
  Time since last request: 0.000037 seconds.
  path: Assets/Art/Image (816).png
  artifactKey: Guid(aeabd1ffa14b30b498ee1d0951bc2ec7) Importer(815301076,1909f56bfc062723c751e8b465ee728b)
Start importing Assets/Art/Image (816).png using Guid(aeabd1ffa14b30b498ee1d0951bc2ec7) Importer(815301076,1909f56bfc062723c751e8b465ee728b) (PreviewImporter) -> (artifact id: 'bd16a0e2bf8139a16b8334212bed8057') in 0.0336029 seconds
Number of updated asset objects reloaded before import = 0Number of asset objects unloaded after import = 3

========================================================================
Received Import Request.
  Time since last request: 0.000014 seconds.
  path: Assets/Art/Image (1120).png
  artifactKey: Guid(415222bdbab6e47458f97b3965ed1fb8) Importer(815301076,1909f56bfc062723c751e8b465ee728b)
Start importing Assets/Art/Image (1120).png using Guid(415222bdbab6e47458f97b3965ed1fb8) Importer(815301076,1909f56bfc062723c751e8b465ee728b) (PreviewImporter) -> (artifact id: '4ada162651016510ccec711b097bbb36') in 0.0236318 seconds
Number of updated asset objects reloaded before import = 0Number of asset objects unloaded after import = 3

========================================================================
Received Import Request.
  Time since last request: 0.000020 seconds.
  path: Assets/Art/Image (1377).png
  artifactKey: Guid(52d701412fc9d30459b4c5fc226b3f80) Importer(815301076,1909f56bfc062723c751e8b465ee728b)
Start importing Assets/Art/Image (1377).png using Guid(52d701412fc9d30459b4c5fc226b3f80) Importer(815301076,1909f56bfc062723c751e8b465ee728b) (PreviewImporter) -> (artifact id: '24ada53da0805825c7cb95b5e5fd9c45') in 0.023263 seconds
Number of updated asset objects reloaded before import = 0Number of asset objects unloaded after import = 3

========================================================================
Received Import Request.
  Time since last request: 0.000015 seconds.
  path: Assets/Art/Image (1109).png
  artifactKey: Guid(b2923a64e2425b844a0bd716e698c534) Importer(815301076,1909f56bfc062723c751e8b465ee728b)
Start importing Assets/Art/Image (1109).png using Guid(b2923a64e2425b844a0bd716e698c534) Importer(815301076,1909f56bfc062723c751e8b465ee728b) (PreviewImporter) -> (artifact id: '1fb81de07984e036224b378d4d6a6955') in 0.0210957 seconds
Number of updated asset objects reloaded before import = 0Number of asset objects unloaded after import = 3

Editor requested this worker to shutdown with reason: Scaling down because of idle timeout
AssetImportWorker is now disconnected from the server
Process exiting
Exiting without the bug reporter. Application will terminate with return code 0