Using pre-set license
Built from '6000.1/staging' branch; Version is '6000.1.7f1 (13a8ffad9172) revision 1288447'; Using compiler version '194234433'; Build Type 'Release'
OS: 'Windows 11  (10.0.26100) 64bit Core' Language: 'en' Physical Memory: 32491 MB
BatchMode: 1, IsHumanControllingUs: 0, StartBugReporterOnCrash: 0, Is64bit: 1, IsPro: 1
Date: 2025-08-04T12:05:52Z

COMMAND LINE ARGUMENTS:
C:\Program Files\Unity\Hub\Editor\6000.1.7f1\Editor\Unity.exe
-adb2
-batchMode
-noUpm
-name
AssetImportWorker15
-projectPath
D:/Projects/Unity/White Screen Test
-logFile
Logs/AssetImportWorker15.log
-srvPort
53295
-job-worker-count
15
-background-job-worker-count
8
-gc-helper-count
1
-name
AssetImport
Successfully changed project path to: D:/Projects/Unity/White Screen Test
D:/Projects/Unity/White Screen Test
[UnityMemory] Configuration Parameters - Can be set up in boot.config
    "memorysetup-allocator-temp-initial-block-size-main=262144"
    "memorysetup-allocator-temp-initial-block-size-worker=262144"
    "memorysetup-bucket-allocator-granularity=16"
    "memorysetup-bucket-allocator-bucket-count=8"
    "memorysetup-bucket-allocator-block-size=33554432"
    "memorysetup-bucket-allocator-block-count=8"
    "memorysetup-main-allocator-block-size=16777216"
    "memorysetup-thread-allocator-block-size=16777216"
    "memorysetup-gfx-main-allocator-block-size=16777216"
    "memorysetup-gfx-thread-allocator-block-size=16777216"
    "memorysetup-cache-allocator-block-size=4194304"
    "memorysetup-typetree-allocator-block-size=2097152"
    "memorysetup-profiler-bucket-allocator-granularity=16"
    "memorysetup-profiler-bucket-allocator-bucket-count=8"
    "memorysetup-profiler-bucket-allocator-block-size=33554432"
    "memorysetup-profiler-bucket-allocator-block-count=8"
    "memorysetup-profiler-allocator-block-size=16777216"
    "memorysetup-profiler-editor-allocator-block-size=1048576"
    "memorysetup-temp-allocator-size-main=16777216"
    "memorysetup-job-temp-allocator-block-size=2097152"
    "memorysetup-job-temp-allocator-block-size-background=1048576"
    "memorysetup-job-temp-allocator-reduction-small-platforms=262144"
    "memorysetup-temp-allocator-size-background-worker=32768"
    "memorysetup-temp-allocator-size-job-worker=262144"
    "memorysetup-temp-allocator-size-preload-manager=33554432"
    "memorysetup-temp-allocator-size-nav-mesh-worker=65536"
    "memorysetup-temp-allocator-size-audio-worker=65536"
    "memorysetup-temp-allocator-size-cloud-worker=32768"
    "memorysetup-temp-allocator-size-gi-baking-worker=262144"
    "memorysetup-temp-allocator-size-gi-baking-worker=262144"
    "memorysetup-temp-allocator-size-gi-baking-worker=262144"
    "memorysetup-temp-allocator-size-gi-baking-worker=262144"
    "memorysetup-temp-allocator-size-gi-baking-worker=262144"
    "memorysetup-temp-allocator-size-gfx=262144"
Player connection [44020]  Target information:

Player connection [44020]  * "[IP] 192.168.31.102 [Port] 0 [Flags] 2 [Guid] 1328838520 [EditorId] 1328838520 [Version] 1048832 [Id] WindowsEditor(7,Roman-PC) [Debug] 1 [PackageName] WindowsEditor [ProjectName] Editor" 

Player connection [44020] Host joined multi-casting on [225.0.0.222:54997]...
Player connection [44020] Host joined alternative multi-casting on [225.0.0.222:34997]...
JobSystem: Creating JobQueue using job-worker-count value 15
Input System module state changed to: Initialized.
[Physics::Module] Initialized fallback backend.
[Physics::Module] Id: 0xdecafbad
Library Redirect Path: Library/
[Physics::Module] Selected backend.
[Physics::Module] Name: PhysX
[Physics::Module] Id: 0xf2b8ea05
[Physics::Module] SDK Version: 4.1.2
[Physics::Module] Integration Version: 1.0.0
[Physics::Module] Threading Mode: Multi-Threaded
Refreshing native plugins compatible for Editor in 2.05 ms, found 4 plugins.
Preloading 0 native plugins for Editor in 0.00 ms.
Initialize engine version: 6000.1.7f1 (13a8ffad9172)
[Subsystems] Discovering subsystems at path C:/Program Files/Unity/Hub/Editor/6000.1.7f1/Editor/Data/Resources/UnitySubsystems
[Subsystems] Discovering subsystems at path D:/Projects/Unity/White Screen Test/Assets
GfxDevice: creating device client; kGfxThreadingModeNonThreaded
Direct3D:
    Version:  Direct3D 11.0 [level 11.1]
    Renderer: NVIDIA GeForce RTX 4080 Laptop GPU (ID=0x27e0)
    Vendor:   NVIDIA
    VRAM:     11997 MB
    Driver:   32.0.15.6094
Initialize mono
Mono path[0] = 'C:/Program Files/Unity/Hub/Editor/6000.1.7f1/Editor/Data/Managed'
Mono path[1] = 'C:/Program Files/Unity/Hub/Editor/6000.1.7f1/Editor/Data/MonoBleedingEdge/lib/mono/unityjit-win32'
Mono config path = 'C:/Program Files/Unity/Hub/Editor/6000.1.7f1/Editor/Data/MonoBleedingEdge/etc'
Using monoOptions --debugger-agent=transport=dt_socket,embedding=1,server=y,suspend=n,address=127.0.0.1:56744
Begin MonoManager ReloadAssembly
Registering precompiled unity dll's ...
Register platform support module: C:/Program Files/Unity/Hub/Editor/6000.1.7f1/Editor/Data/PlaybackEngines/WebGLSupport/UnityEditor.WebGL.Extensions.dll
Register platform support module: C:/Program Files/Unity/Hub/Editor/6000.1.7f1/Editor/Data/PlaybackEngines/WindowsStandaloneSupport/UnityEditor.WindowsStandalone.Extensions.dll
Register platform support module: C:/Program Files/Unity/Hub/Editor/6000.1.7f1/Editor/Data/PlaybackEngines/iOSSupport/UnityEditor.iOS.Extensions.dll
Registered in 0.001417 seconds.
- Loaded All Assemblies, in  0.324 seconds
[usbmuxd] Start listen thread
[usbmuxd] Listen thread started
[usbmuxd] Send listen message
[usbmuxd] Attached: 5 00008110-00040DA62E03801E
Native extension for iOS target not found
Native extension for WindowsStandalone target not found
Native extension for WebGL target not found
Mono: successfully reloaded assembly
- Finished resetting the current domain, in  0.268 seconds
Domain Reload Profiling: 592ms
	BeginReloadAssembly (102ms)
		ExecutionOrderSort (0ms)
		DisableScriptedObjects (0ms)
		BackupInstance (0ms)
		ReleaseScriptingObjects (0ms)
		CreateAndSetChildDomain (1ms)
	RebuildCommonClasses (29ms)
	RebuildNativeTypeToScriptingClass (9ms)
	initialDomainReloadingComplete (42ms)
	LoadAllAssembliesAndSetupDomain (141ms)
		LoadAssemblies (100ms)
		RebuildTransferFunctionScriptingTraits (0ms)
		AnalyzeDomain (138ms)
			TypeCache.Refresh (137ms)
				TypeCache.ScanAssembly (127ms)
			BuildScriptInfoCaches (0ms)
			ResolveRequiredComponents (0ms)
	FinalizeReload (269ms)
		ReleaseScriptCaches (0ms)
		RebuildScriptCaches (0ms)
		SetupLoadedEditorAssemblies (236ms)
			LogAssemblyErrors (0ms)
			InitializePlatformSupportModulesInManaged (50ms)
			SetLoadedEditorAssemblies (4ms)
			BeforeProcessingInitializeOnLoad (41ms)
			ProcessInitializeOnLoadAttributes (105ms)
			ProcessInitializeOnLoadMethodAttributes (35ms)
			AfterProcessingInitializeOnLoad (0ms)
			EditorAssembliesLoaded (0ms)
		ExecutionOrderSort2 (0ms)
		AwakeInstancesAfterBackupRestoration (0ms)
========================================================================
Worker process is ready to serve import requests
Import Worker Mode flag is 0x00
Begin MonoManager ReloadAssembly
- Loaded All Assemblies, in  0.861 seconds
Refreshing native plugins compatible for Editor in 0.78 ms, found 4 plugins.
Native extension for iOS target not found
Native extension for WindowsStandalone target not found
Native extension for WebGL target not found
Refreshing native plugins compatible for Editor in 0.66 ms, found 4 plugins.
Mono: successfully reloaded assembly
- Finished resetting the current domain, in  0.870 seconds
Domain Reload Profiling: 1727ms
	BeginReloadAssembly (162ms)
		ExecutionOrderSort (0ms)
		DisableScriptedObjects (4ms)
		BackupInstance (0ms)
		ReleaseScriptingObjects (0ms)
		CreateAndSetChildDomain (25ms)
	RebuildCommonClasses (31ms)
	RebuildNativeTypeToScriptingClass (11ms)
	initialDomainReloadingComplete (41ms)
	LoadAllAssembliesAndSetupDomain (612ms)
		LoadAssemblies (411ms)
		RebuildTransferFunctionScriptingTraits (0ms)
		AnalyzeDomain (297ms)
			TypeCache.Refresh (219ms)
				TypeCache.ScanAssembly (199ms)
			BuildScriptInfoCaches (63ms)
			ResolveRequiredComponents (11ms)
	FinalizeReload (870ms)
		ReleaseScriptCaches (0ms)
		RebuildScriptCaches (0ms)
		SetupLoadedEditorAssemblies (726ms)
			LogAssemblyErrors (0ms)
			InitializePlatformSupportModulesInManaged (7ms)
			SetLoadedEditorAssemblies (5ms)
			BeforeProcessingInitializeOnLoad (202ms)
			ProcessInitializeOnLoadAttributes (429ms)
			ProcessInitializeOnLoadMethodAttributes (80ms)
			AfterProcessingInitializeOnLoad (2ms)
			EditorAssembliesLoaded (0ms)
		ExecutionOrderSort2 (0ms)
		AwakeInstancesAfterBackupRestoration (5ms)
Launched and connected shader compiler UnityShaderCompiler.exe after 0.02 seconds
Refreshing native plugins compatible for Editor in 1.47 ms, found 4 plugins.
Preloading 0 native plugins for Editor in 0.00 ms.
Unloading 267 Unused Serialized files (Serialized files now loaded: 0)
Unloading 7242 unused Assets / (6.6 MB). Loaded Objects now: 7981.
Memory consumption went from 205.6 MB to 199.1 MB.
Total: 11.667600 ms (FindLiveObjects: 0.699200 ms CreateObjectMapping: 0.553900 ms MarkObjects: 6.937500 ms  DeleteObjects: 3.475600 ms)

========================================================================
Received Import Request.
  Time since last request: 244548.904952 seconds.
  path: Assets/Art/Image (302).png
  artifactKey: Guid(4d09ccb7177954f47b40eb052c006b70) Importer(815301076,1909f56bfc062723c751e8b465ee728b)
Start importing Assets/Art/Image (302).png using Guid(4d09ccb7177954f47b40eb052c006b70) Importer(815301076,1909f56bfc062723c751e8b465ee728b) (PreviewImporter) -> (artifact id: '868020966ee749beed72565a2e06d3eb') in 0.1127371 seconds
Number of updated asset objects reloaded before import = 0Number of asset objects unloaded after import = 3

========================================================================
Received Import Request.
  Time since last request: 0.000017 seconds.
  path: Assets/Art/Image (718).png
  artifactKey: Guid(177d73441f3178041a0760f9dc00e535) Importer(815301076,1909f56bfc062723c751e8b465ee728b)
Start importing Assets/Art/Image (718).png using Guid(177d73441f3178041a0760f9dc00e535) Importer(815301076,1909f56bfc062723c751e8b465ee728b) (PreviewImporter) -> (artifact id: '0b1e1ff235ae72376d132e9f1d0eacca') in 0.0840195 seconds
Number of updated asset objects reloaded before import = 0Number of asset objects unloaded after import = 3

========================================================================
Received Import Request.
  Time since last request: 0.000024 seconds.
  path: Assets/Art/Image (1086).png
  artifactKey: Guid(fb3d6bcd5ee44cc44918f373f05fbb73) Importer(815301076,1909f56bfc062723c751e8b465ee728b)
Start importing Assets/Art/Image (1086).png using Guid(fb3d6bcd5ee44cc44918f373f05fbb73) Importer(815301076,1909f56bfc062723c751e8b465ee728b) (PreviewImporter) -> (artifact id: '321e8a8b4c8406387a35ab50988279fb') in 0.0239202 seconds
Number of updated asset objects reloaded before import = 0Number of asset objects unloaded after import = 3

========================================================================
Received Import Request.
  Time since last request: 0.000017 seconds.
  path: Assets/Art/Image (1197).png
  artifactKey: Guid(d23eeec06a64e3242b63255c82b95bb7) Importer(815301076,1909f56bfc062723c751e8b465ee728b)
Start importing Assets/Art/Image (1197).png using Guid(d23eeec06a64e3242b63255c82b95bb7) Importer(815301076,1909f56bfc062723c751e8b465ee728b) (PreviewImporter) -> (artifact id: '2e5e10f7ed44c7f0ade38488218b6fb1') in 0.0248631 seconds
Number of updated asset objects reloaded before import = 0Number of asset objects unloaded after import = 3

========================================================================
Received Import Request.
  Time since last request: 0.000012 seconds.
  path: Assets/Art/Image (1242).png
  artifactKey: Guid(1b678e6c138af6b4e8ab68d1251bb7f1) Importer(815301076,1909f56bfc062723c751e8b465ee728b)
Start importing Assets/Art/Image (1242).png using Guid(1b678e6c138af6b4e8ab68d1251bb7f1) Importer(815301076,1909f56bfc062723c751e8b465ee728b) (PreviewImporter) -> (artifact id: '9ab3ba2eb8bcc035ca45d8feb6983b71') in 0.0298084 seconds
Number of updated asset objects reloaded before import = 0Number of asset objects unloaded after import = 3

========================================================================
Received Import Request.
  Time since last request: 0.000017 seconds.
  path: Assets/Art/Image (723).png
  artifactKey: Guid(14aa985227e9c3c48a4b6ad1d821e7ec) Importer(815301076,1909f56bfc062723c751e8b465ee728b)
Start importing Assets/Art/Image (723).png using Guid(14aa985227e9c3c48a4b6ad1d821e7ec) Importer(815301076,1909f56bfc062723c751e8b465ee728b) (PreviewImporter) -> (artifact id: 'e60e64a6ef53f755f9b167d1f09f831f') in 0.0240499 seconds
Number of updated asset objects reloaded before import = 0Number of asset objects unloaded after import = 3

========================================================================
Received Import Request.
  Time since last request: 0.000016 seconds.
  path: Assets/Art/Image (745).png
  artifactKey: Guid(cf06788bff0089343a6671a083b599d7) Importer(815301076,1909f56bfc062723c751e8b465ee728b)
Start importing Assets/Art/Image (745).png using Guid(cf06788bff0089343a6671a083b599d7) Importer(815301076,1909f56bfc062723c751e8b465ee728b) (PreviewImporter) -> (artifact id: 'f9e85f1ec7e7e295f4408947414f0a1a') in 0.0258484 seconds
Number of updated asset objects reloaded before import = 0Number of asset objects unloaded after import = 3

========================================================================
Received Import Request.
  Time since last request: 0.000017 seconds.
  path: Assets/Art/Image (1208).png
  artifactKey: Guid(4396daaf1e2b6804b9a2d5a4c955ff59) Importer(815301076,1909f56bfc062723c751e8b465ee728b)
Start importing Assets/Art/Image (1208).png using Guid(4396daaf1e2b6804b9a2d5a4c955ff59) Importer(815301076,1909f56bfc062723c751e8b465ee728b) (PreviewImporter) -> (artifact id: '79571ebcafba4ffe8f579b814d60e232') in 0.0222707 seconds
Number of updated asset objects reloaded before import = 0Number of asset objects unloaded after import = 3

========================================================================
Received Import Request.
  Time since last request: 0.000023 seconds.
  path: Assets/Art/Image (1096).png
  artifactKey: Guid(a97fffc511e5a7b4fab29a51deeaa50a) Importer(815301076,1909f56bfc062723c751e8b465ee728b)
Start importing Assets/Art/Image (1096).png using Guid(a97fffc511e5a7b4fab29a51deeaa50a) Importer(815301076,1909f56bfc062723c751e8b465ee728b) (PreviewImporter) -> (artifact id: 'f1029a86d9a9ffba77d9ce004fc425ef') in 0.0247594 seconds
Number of updated asset objects reloaded before import = 0Number of asset objects unloaded after import = 3

========================================================================
Received Import Request.
  Time since last request: 0.000017 seconds.
  path: Assets/Art/Image (1410).png
  artifactKey: Guid(978890acbb738df47895b39b2a9e1d30) Importer(815301076,1909f56bfc062723c751e8b465ee728b)
Start importing Assets/Art/Image (1410).png using Guid(978890acbb738df47895b39b2a9e1d30) Importer(815301076,1909f56bfc062723c751e8b465ee728b) (PreviewImporter) -> (artifact id: '7c4c36b1fe1077759f0cd3daa78a7f26') in 0.0309129 seconds
Number of updated asset objects reloaded before import = 0Number of asset objects unloaded after import = 3

========================================================================
Received Import Request.
  Time since last request: 0.000018 seconds.
  path: Assets/Art/Image (1470).png
  artifactKey: Guid(b4d712a2f686a404f9cf59bab947ed4b) Importer(815301076,1909f56bfc062723c751e8b465ee728b)
Start importing Assets/Art/Image (1470).png using Guid(b4d712a2f686a404f9cf59bab947ed4b) Importer(815301076,1909f56bfc062723c751e8b465ee728b) (PreviewImporter) -> (artifact id: '66cb6d73fa7efdc1ddadc86030e66edd') in 0.0257702 seconds
Number of updated asset objects reloaded before import = 0Number of asset objects unloaded after import = 3

========================================================================
Received Import Request.
  Time since last request: 0.000013 seconds.
  path: Assets/Art/Image (1414).png
  artifactKey: Guid(7e27e3dd5536369479d638d1379353e0) Importer(815301076,1909f56bfc062723c751e8b465ee728b)
Start importing Assets/Art/Image (1414).png using Guid(7e27e3dd5536369479d638d1379353e0) Importer(815301076,1909f56bfc062723c751e8b465ee728b) (PreviewImporter) -> (artifact id: 'df91af02bf70b8e7a85ee546a356a139') in 0.0241399 seconds
Number of updated asset objects reloaded before import = 0Number of asset objects unloaded after import = 3

========================================================================
Received Import Request.
  Time since last request: 0.000018 seconds.
  path: Assets/Art/Image (1041).png
  artifactKey: Guid(c6d20d5d40cc9c844a236a08a78807cc) Importer(815301076,1909f56bfc062723c751e8b465ee728b)
Start importing Assets/Art/Image (1041).png using Guid(c6d20d5d40cc9c844a236a08a78807cc) Importer(815301076,1909f56bfc062723c751e8b465ee728b) (PreviewImporter) -> (artifact id: '54be1bf2e8434013fd37cf3458d010c5') in 0.02539 seconds
Number of updated asset objects reloaded before import = 0Number of asset objects unloaded after import = 3

========================================================================
Received Import Request.
  Time since last request: 0.000017 seconds.
  path: Assets/Art/Image (1300).png
  artifactKey: Guid(03c87c05b05b5c7479941f623afc8857) Importer(815301076,1909f56bfc062723c751e8b465ee728b)
Start importing Assets/Art/Image (1300).png using Guid(03c87c05b05b5c7479941f623afc8857) Importer(815301076,1909f56bfc062723c751e8b465ee728b) (PreviewImporter) -> (artifact id: 'bec71e3b73780bcda751b44266bd5cf2') in 0.0295524 seconds
Number of updated asset objects reloaded before import = 0Number of asset objects unloaded after import = 3

========================================================================
Received Import Request.
  Time since last request: 0.000030 seconds.
  path: Assets/Art/Image (1200).png
  artifactKey: Guid(b03aad5a219b4e4429a39401e359020a) Importer(815301076,1909f56bfc062723c751e8b465ee728b)
Start importing Assets/Art/Image (1200).png using Guid(b03aad5a219b4e4429a39401e359020a) Importer(815301076,1909f56bfc062723c751e8b465ee728b) (PreviewImporter) -> (artifact id: 'e1440dae2c3d2eda8af6555bb4f404a8') in 0.0257412 seconds
Number of updated asset objects reloaded before import = 0Number of asset objects unloaded after import = 3

========================================================================
Received Import Request.
  Time since last request: 0.000019 seconds.
  path: Assets/Art/Image (1037).png
  artifactKey: Guid(badc37b3976cd0d43aad440d4051d78c) Importer(815301076,1909f56bfc062723c751e8b465ee728b)
Start importing Assets/Art/Image (1037).png using Guid(badc37b3976cd0d43aad440d4051d78c) Importer(815301076,1909f56bfc062723c751e8b465ee728b) (PreviewImporter) -> (artifact id: '8b223ce104bdb80dac8cb014265830a3') in 0.0260825 seconds
Number of updated asset objects reloaded before import = 0Number of asset objects unloaded after import = 3

========================================================================
Received Import Request.
  Time since last request: 0.000020 seconds.
  path: Assets/Art/Image (1191).png
  artifactKey: Guid(3faab02b5e5cd7d438ddf6132a5f6445) Importer(815301076,1909f56bfc062723c751e8b465ee728b)
Start importing Assets/Art/Image (1191).png using Guid(3faab02b5e5cd7d438ddf6132a5f6445) Importer(815301076,1909f56bfc062723c751e8b465ee728b) (PreviewImporter) -> (artifact id: '79d1eb116932ffad62cda5c2f1e74fd6') in 0.0314253 seconds
Number of updated asset objects reloaded before import = 0Number of asset objects unloaded after import = 3

========================================================================
Received Import Request.
  Time since last request: 0.000013 seconds.
  path: Assets/Art/Image (743).png
  artifactKey: Guid(fe3fbf29028590a428c5e9dcef19b4d5) Importer(815301076,1909f56bfc062723c751e8b465ee728b)
Start importing Assets/Art/Image (743).png using Guid(fe3fbf29028590a428c5e9dcef19b4d5) Importer(815301076,1909f56bfc062723c751e8b465ee728b) (PreviewImporter) -> (artifact id: 'ef710b17f974212943a066bdd73370c2') in 0.0282244 seconds
Number of updated asset objects reloaded before import = 0Number of asset objects unloaded after import = 3

========================================================================
Received Import Request.
  Time since last request: 0.000012 seconds.
  path: Assets/Art/Image (720).png
  artifactKey: Guid(55fd74b681fb90b4eb3dc625302346b5) Importer(815301076,1909f56bfc062723c751e8b465ee728b)
Start importing Assets/Art/Image (720).png using Guid(55fd74b681fb90b4eb3dc625302346b5) Importer(815301076,1909f56bfc062723c751e8b465ee728b) (PreviewImporter) -> (artifact id: 'fd3dbd47e70c015ed1eb88eeea57ac57') in 0.0268902 seconds
Number of updated asset objects reloaded before import = 0Number of asset objects unloaded after import = 3

========================================================================
Received Import Request.
  Time since last request: 0.000017 seconds.
  path: Assets/Art/Image (1445).png
  artifactKey: Guid(1fe40e9587691ee4da23d0b1b46b5066) Importer(815301076,1909f56bfc062723c751e8b465ee728b)
Start importing Assets/Art/Image (1445).png using Guid(1fe40e9587691ee4da23d0b1b46b5066) Importer(815301076,1909f56bfc062723c751e8b465ee728b) (PreviewImporter) -> (artifact id: '6cdb0024bad0e25ccfd2239ea9ed818e') in 0.0263299 seconds
Number of updated asset objects reloaded before import = 0Number of asset objects unloaded after import = 3

========================================================================
Received Import Request.
  Time since last request: 0.000027 seconds.
  path: Assets/Art/Image (1338).png
  artifactKey: Guid(596651e4c3d5621439ea44bdb6f4399e) Importer(815301076,1909f56bfc062723c751e8b465ee728b)
Start importing Assets/Art/Image (1338).png using Guid(596651e4c3d5621439ea44bdb6f4399e) Importer(815301076,1909f56bfc062723c751e8b465ee728b) (PreviewImporter) -> (artifact id: '86225576a268275940b0179e47039f53') in 0.0235285 seconds
Number of updated asset objects reloaded before import = 0Number of asset objects unloaded after import = 3

========================================================================
Received Import Request.
  Time since last request: 0.000013 seconds.
  path: Assets/Art/Image (1393).png
  artifactKey: Guid(8bc6d302eb41cba43ac5df84d632d529) Importer(815301076,1909f56bfc062723c751e8b465ee728b)
Start importing Assets/Art/Image (1393).png using Guid(8bc6d302eb41cba43ac5df84d632d529) Importer(815301076,1909f56bfc062723c751e8b465ee728b) (PreviewImporter) -> (artifact id: '9ab7a353cbe9bc2ef4ce6c47c4479693') in 0.0262685 seconds
Number of updated asset objects reloaded before import = 0Number of asset objects unloaded after import = 3

========================================================================
Received Import Request.
  Time since last request: 0.000012 seconds.
  path: Assets/Art/Image (1356).png
  artifactKey: Guid(aa55f5f6304081542815e6fc5605c1a3) Importer(815301076,1909f56bfc062723c751e8b465ee728b)
Start importing Assets/Art/Image (1356).png using Guid(aa55f5f6304081542815e6fc5605c1a3) Importer(815301076,1909f56bfc062723c751e8b465ee728b) (PreviewImporter) -> (artifact id: 'e7fa2871565451493ca9b7aa0d644660') in 0.0251024 seconds
Number of updated asset objects reloaded before import = 0Number of asset objects unloaded after import = 3

========================================================================
Received Import Request.
  Time since last request: 0.000011 seconds.
  path: Assets/Art/Image (1084).png
  artifactKey: Guid(9c2697c00786b3d499367004b3976882) Importer(815301076,1909f56bfc062723c751e8b465ee728b)
Start importing Assets/Art/Image (1084).png using Guid(9c2697c00786b3d499367004b3976882) Importer(815301076,1909f56bfc062723c751e8b465ee728b) (PreviewImporter) -> (artifact id: 'e3e3bdceecf8d3d29e8a2f69c219f3f7') in 0.0238179 seconds
Number of updated asset objects reloaded before import = 0Number of asset objects unloaded after import = 3

========================================================================
Received Import Request.
  Time since last request: 0.000022 seconds.
  path: Assets/Art/Image (1361).png
  artifactKey: Guid(07b4c9bad0aba214daa53d627e0b8987) Importer(815301076,1909f56bfc062723c751e8b465ee728b)
Start importing Assets/Art/Image (1361).png using Guid(07b4c9bad0aba214daa53d627e0b8987) Importer(815301076,1909f56bfc062723c751e8b465ee728b) (PreviewImporter) -> (artifact id: 'c73377a585124b3bea98ad53e977dc34') in 0.0214753 seconds
Number of updated asset objects reloaded before import = 0Number of asset objects unloaded after import = 3

========================================================================
Received Import Request.
  Time since last request: 0.000024 seconds.
  path: Assets/Art/Image (1076).png
  artifactKey: Guid(5414e660836b1dc488794b05de3c5ead) Importer(815301076,1909f56bfc062723c751e8b465ee728b)
Start importing Assets/Art/Image (1076).png using Guid(5414e660836b1dc488794b05de3c5ead) Importer(815301076,1909f56bfc062723c751e8b465ee728b) (PreviewImporter) -> (artifact id: 'd33c489e45189e420d3ec4c77bbc9c23') in 0.0263609 seconds
Number of updated asset objects reloaded before import = 0Number of asset objects unloaded after import = 3

========================================================================
Received Import Request.
  Time since last request: 0.000023 seconds.
  path: Assets/Art/Image (1294).png
  artifactKey: Guid(8a4c0381ce9a1634ea8e9725e3c07d95) Importer(815301076,1909f56bfc062723c751e8b465ee728b)
Start importing Assets/Art/Image (1294).png using Guid(8a4c0381ce9a1634ea8e9725e3c07d95) Importer(815301076,1909f56bfc062723c751e8b465ee728b) (PreviewImporter) -> (artifact id: '2d88ea1812cb4e4c123007af80adebaa') in 0.0208887 seconds
Number of updated asset objects reloaded before import = 0Number of asset objects unloaded after import = 3

========================================================================
Received Import Request.
  Time since last request: 0.000017 seconds.
  path: Assets/Art/Image (1386).png
  artifactKey: Guid(d27c57194171d364697bb85e6ab3a13f) Importer(815301076,1909f56bfc062723c751e8b465ee728b)
Start importing Assets/Art/Image (1386).png using Guid(d27c57194171d364697bb85e6ab3a13f) Importer(815301076,1909f56bfc062723c751e8b465ee728b) (PreviewImporter) -> (artifact id: '179189148d3071d1c70d09e0e01e7362') in 0.0223658 seconds
Number of updated asset objects reloaded before import = 0Number of asset objects unloaded after import = 3

========================================================================
Received Import Request.
  Time since last request: 0.000019 seconds.
  path: Assets/Art/Image (1484).png
  artifactKey: Guid(a937ae743549be74ca01bebe424a3c14) Importer(815301076,1909f56bfc062723c751e8b465ee728b)
Start importing Assets/Art/Image (1484).png using Guid(a937ae743549be74ca01bebe424a3c14) Importer(815301076,1909f56bfc062723c751e8b465ee728b) (PreviewImporter) -> (artifact id: '5f3caa1615b69eebbe84bd061f8867d3') in 0.0227832 seconds
Number of updated asset objects reloaded before import = 0Number of asset objects unloaded after import = 3

========================================================================
Received Import Request.
  Time since last request: 0.000019 seconds.
  path: Assets/Art/Image (1305).png
  artifactKey: Guid(92170c8352bf6864e910bb83542f2f1b) Importer(815301076,1909f56bfc062723c751e8b465ee728b)
Start importing Assets/Art/Image (1305).png using Guid(92170c8352bf6864e910bb83542f2f1b) Importer(815301076,1909f56bfc062723c751e8b465ee728b) (PreviewImporter) -> (artifact id: '12f5b5811f9192d140dc0faa5544c8cc') in 0.0225231 seconds
Number of updated asset objects reloaded before import = 0Number of asset objects unloaded after import = 3

========================================================================
Received Import Request.
  Time since last request: 0.000017 seconds.
  path: Assets/Art/Image (1091).png
  artifactKey: Guid(d4d9bb71a982ea644b6a6cdb932e389a) Importer(815301076,1909f56bfc062723c751e8b465ee728b)
Start importing Assets/Art/Image (1091).png using Guid(d4d9bb71a982ea644b6a6cdb932e389a) Importer(815301076,1909f56bfc062723c751e8b465ee728b) (PreviewImporter) -> (artifact id: '33517c467b7168fec54d6d58f9ed7880') in 0.0223328 seconds
Number of updated asset objects reloaded before import = 0Number of asset objects unloaded after import = 3

========================================================================
Received Import Request.
  Time since last request: 0.000015 seconds.
  path: Assets/Art/Image (1083).png
  artifactKey: Guid(79f34131a5c338a40acb3df0b214eb2e) Importer(815301076,1909f56bfc062723c751e8b465ee728b)
Start importing Assets/Art/Image (1083).png using Guid(79f34131a5c338a40acb3df0b214eb2e) Importer(815301076,1909f56bfc062723c751e8b465ee728b) (PreviewImporter) -> (artifact id: '2152aa3c5528e3b513b6c09905a40443') in 0.0219938 seconds
Number of updated asset objects reloaded before import = 0Number of asset objects unloaded after import = 3

========================================================================
Received Import Request.
  Time since last request: 0.000030 seconds.
  path: Assets/Art/Image (1477).png
  artifactKey: Guid(a1d4febf968f14c43a7b64485fe2dd22) Importer(815301076,1909f56bfc062723c751e8b465ee728b)
Start importing Assets/Art/Image (1477).png using Guid(a1d4febf968f14c43a7b64485fe2dd22) Importer(815301076,1909f56bfc062723c751e8b465ee728b) (PreviewImporter) -> (artifact id: 'd4449b546b63acff70ecd217a7db718b') in 0.0230903 seconds
Number of updated asset objects reloaded before import = 0Number of asset objects unloaded after import = 3

========================================================================
Received Import Request.
  Time since last request: 0.000024 seconds.
  path: Assets/Art/Image (730).png
  artifactKey: Guid(35ab62911af82ed45bdcb90deba8e421) Importer(815301076,1909f56bfc062723c751e8b465ee728b)
Start importing Assets/Art/Image (730).png using Guid(35ab62911af82ed45bdcb90deba8e421) Importer(815301076,1909f56bfc062723c751e8b465ee728b) (PreviewImporter) -> (artifact id: 'bc945693fd8e941006b204f09ee2036c') in 0.0278355 seconds
Number of updated asset objects reloaded before import = 0Number of asset objects unloaded after import = 3

========================================================================
Received Import Request.
  Time since last request: 0.000013 seconds.
  path: Assets/Art/Image (319).png
  artifactKey: Guid(0c98819c484916c46906ff9999433c13) Importer(815301076,1909f56bfc062723c751e8b465ee728b)
Start importing Assets/Art/Image (319).png using Guid(0c98819c484916c46906ff9999433c13) Importer(815301076,1909f56bfc062723c751e8b465ee728b) (PreviewImporter) -> (artifact id: '5305c1dda4958ee39db17d3d25a1919d') in 0.023705 seconds
Number of updated asset objects reloaded before import = 0Number of asset objects unloaded after import = 3

========================================================================
Received Import Request.
  Time since last request: 0.000021 seconds.
  path: Assets/Art/Image (1327).png
  artifactKey: Guid(1ac833c3d5e426b4b8ce4fea3ddd9356) Importer(815301076,1909f56bfc062723c751e8b465ee728b)
Start importing Assets/Art/Image (1327).png using Guid(1ac833c3d5e426b4b8ce4fea3ddd9356) Importer(815301076,1909f56bfc062723c751e8b465ee728b) (PreviewImporter) -> (artifact id: 'd06bb88ba3c1dda5b09a710bc534993b') in 0.0251847 seconds
Number of updated asset objects reloaded before import = 0Number of asset objects unloaded after import = 3

========================================================================
Received Import Request.
  Time since last request: 0.000020 seconds.
  path: Assets/Art/Image (728).png
  artifactKey: Guid(440fb7830e8392347aaca06696ebf514) Importer(815301076,1909f56bfc062723c751e8b465ee728b)
Start importing Assets/Art/Image (728).png using Guid(440fb7830e8392347aaca06696ebf514) Importer(815301076,1909f56bfc062723c751e8b465ee728b) (PreviewImporter) -> (artifact id: 'f6306c3a1f4d58ede94f7d39628270e0') in 0.0238628 seconds
Number of updated asset objects reloaded before import = 0Number of asset objects unloaded after import = 3

========================================================================
Received Import Request.
  Time since last request: 0.000017 seconds.
  path: Assets/Art/Image (321).png
  artifactKey: Guid(df25e092bbc72ef41af3422dc3c90201) Importer(815301076,1909f56bfc062723c751e8b465ee728b)
Start importing Assets/Art/Image (321).png using Guid(df25e092bbc72ef41af3422dc3c90201) Importer(815301076,1909f56bfc062723c751e8b465ee728b) (PreviewImporter) -> (artifact id: 'd29271892ad55abb81f87cb43193d79d') in 0.02609 seconds
Number of updated asset objects reloaded before import = 0Number of asset objects unloaded after import = 3

========================================================================
Received Import Request.
  Time since last request: 0.000027 seconds.
  path: Assets/Art/Image (1344).png
  artifactKey: Guid(9da4611bb4835644281b4127a228999c) Importer(815301076,1909f56bfc062723c751e8b465ee728b)
Start importing Assets/Art/Image (1344).png using Guid(9da4611bb4835644281b4127a228999c) Importer(815301076,1909f56bfc062723c751e8b465ee728b) (PreviewImporter) -> (artifact id: '2bc89add89ca3d56c39afe1dd04d3bbc') in 0.0234083 seconds
Number of updated asset objects reloaded before import = 0Number of asset objects unloaded after import = 3

========================================================================
Received Import Request.
  Time since last request: 0.000015 seconds.
  path: Assets/Art/Image (721).png
  artifactKey: Guid(34e3014beb5c7d34f82133caa5156059) Importer(815301076,1909f56bfc062723c751e8b465ee728b)
Start importing Assets/Art/Image (721).png using Guid(34e3014beb5c7d34f82133caa5156059) Importer(815301076,1909f56bfc062723c751e8b465ee728b) (PreviewImporter) -> (artifact id: '2d00b439bfe1a4337951c661b0f28ebf') in 0.0253651 seconds
Number of updated asset objects reloaded before import = 0Number of asset objects unloaded after import = 3

========================================================================
Received Import Request.
  Time since last request: 0.000018 seconds.
  path: Assets/Art/Image (1307).png
  artifactKey: Guid(528a56e34b803e04cb5c1a856586d708) Importer(815301076,1909f56bfc062723c751e8b465ee728b)
Start importing Assets/Art/Image (1307).png using Guid(528a56e34b803e04cb5c1a856586d708) Importer(815301076,1909f56bfc062723c751e8b465ee728b) (PreviewImporter) -> (artifact id: '1bd78c9ad1a02751a892ee1878c97fd6') in 0.0230467 seconds
Number of updated asset objects reloaded before import = 0Number of asset objects unloaded after import = 3

========================================================================
Received Import Request.
  Time since last request: 0.000022 seconds.
  path: Assets/Art/Image (1409).png
  artifactKey: Guid(b158322807817e74b8e330a7424ac5a0) Importer(815301076,1909f56bfc062723c751e8b465ee728b)
Start importing Assets/Art/Image (1409).png using Guid(b158322807817e74b8e330a7424ac5a0) Importer(815301076,1909f56bfc062723c751e8b465ee728b) (PreviewImporter) -> (artifact id: 'dc274a49824ec5f5cd81031f5e189b68') in 0.0311631 seconds
Number of updated asset objects reloaded before import = 0Number of asset objects unloaded after import = 3

========================================================================
Received Import Request.
  Time since last request: 0.000019 seconds.
  path: Assets/Art/Image (1336).png
  artifactKey: Guid(75e86b6bb5911d446a44157a97dcef23) Importer(815301076,1909f56bfc062723c751e8b465ee728b)
Start importing Assets/Art/Image (1336).png using Guid(75e86b6bb5911d446a44157a97dcef23) Importer(815301076,1909f56bfc062723c751e8b465ee728b) (PreviewImporter) -> (artifact id: '387b7986f04cc8abb4d1c25c89478827') in 0.0246588 seconds
Number of updated asset objects reloaded before import = 0Number of asset objects unloaded after import = 3

========================================================================
Received Import Request.
  Time since last request: 0.000017 seconds.
  path: Assets/Art/Image (722).png
  artifactKey: Guid(463109dcfc7b44d4caf31b9c8a139c3d) Importer(815301076,1909f56bfc062723c751e8b465ee728b)
Start importing Assets/Art/Image (722).png using Guid(463109dcfc7b44d4caf31b9c8a139c3d) Importer(815301076,1909f56bfc062723c751e8b465ee728b) (PreviewImporter) -> (artifact id: '9aff0b5466be9a09c9951be9f1182233') in 0.0233109 seconds
Number of updated asset objects reloaded before import = 0Number of asset objects unloaded after import = 3

========================================================================
Received Import Request.
  Time since last request: 0.000031 seconds.
  path: Assets/Art/Image (1388).png
  artifactKey: Guid(9c9f7409d910c1c43bf3dc595d8c28af) Importer(815301076,1909f56bfc062723c751e8b465ee728b)
Start importing Assets/Art/Image (1388).png using Guid(9c9f7409d910c1c43bf3dc595d8c28af) Importer(815301076,1909f56bfc062723c751e8b465ee728b) (PreviewImporter) -> (artifact id: '071de54f182fe3a81e4df8905fb29094') in 0.0229194 seconds
Number of updated asset objects reloaded before import = 0Number of asset objects unloaded after import = 3

========================================================================
Received Import Request.
  Time since last request: 0.000033 seconds.
  path: Assets/Art/Image (1481).png
  artifactKey: Guid(ccd83f86f6fb63b478d99334595375a5) Importer(815301076,1909f56bfc062723c751e8b465ee728b)
Start importing Assets/Art/Image (1481).png using Guid(ccd83f86f6fb63b478d99334595375a5) Importer(815301076,1909f56bfc062723c751e8b465ee728b) (PreviewImporter) -> (artifact id: 'ea28266823743f722151597f9165c306') in 0.021546 seconds
Number of updated asset objects reloaded before import = 0Number of asset objects unloaded after import = 3

========================================================================
Received Import Request.
  Time since last request: 0.000018 seconds.
  path: Assets/Art/Image (1335).png
  artifactKey: Guid(af05fde9b74920d4bbcee937ea547ba1) Importer(815301076,1909f56bfc062723c751e8b465ee728b)
Start importing Assets/Art/Image (1335).png using Guid(af05fde9b74920d4bbcee937ea547ba1) Importer(815301076,1909f56bfc062723c751e8b465ee728b) (PreviewImporter) -> (artifact id: '497494d694883cdccaedcdb553aad6aa') in 0.0235253 seconds
Number of updated asset objects reloaded before import = 0Number of asset objects unloaded after import = 3

========================================================================
Received Import Request.
  Time since last request: 0.000019 seconds.
  path: Assets/Art/Image (1348).png
  artifactKey: Guid(fc1b876d37973bd4abe0336a81730058) Importer(815301076,1909f56bfc062723c751e8b465ee728b)
Start importing Assets/Art/Image (1348).png using Guid(fc1b876d37973bd4abe0336a81730058) Importer(815301076,1909f56bfc062723c751e8b465ee728b) (PreviewImporter) -> (artifact id: '52cbecb0afcad66d4f704b29f6d1e60a') in 0.0246746 seconds
Number of updated asset objects reloaded before import = 0Number of asset objects unloaded after import = 3

========================================================================
Received Import Request.
  Time since last request: 0.000016 seconds.
  path: Assets/Art/Image (1254).png
  artifactKey: Guid(09cab79288243834ca403b281adf45c5) Importer(815301076,1909f56bfc062723c751e8b465ee728b)
Start importing Assets/Art/Image (1254).png using Guid(09cab79288243834ca403b281adf45c5) Importer(815301076,1909f56bfc062723c751e8b465ee728b) (PreviewImporter) -> (artifact id: 'd76cdeb8ac3e08f9aa67dac8edbbaf7c') in 0.0233353 seconds
Number of updated asset objects reloaded before import = 0Number of asset objects unloaded after import = 3

========================================================================
Received Import Request.
  Time since last request: 0.000016 seconds.
  path: Assets/Art/Image (1245).png
  artifactKey: Guid(f9353f36f3df12f47967a6bdf90fb828) Importer(815301076,1909f56bfc062723c751e8b465ee728b)
Start importing Assets/Art/Image (1245).png using Guid(f9353f36f3df12f47967a6bdf90fb828) Importer(815301076,1909f56bfc062723c751e8b465ee728b) (PreviewImporter) -> (artifact id: '8b465c4566399e7a6f8baff58a7893af') in 0.0234366 seconds
Number of updated asset objects reloaded before import = 0Number of asset objects unloaded after import = 3

========================================================================
Received Import Request.
  Time since last request: 0.000025 seconds.
  path: Assets/Art/Image (1464).png
  artifactKey: Guid(5a12737c85621ec41883e99d4299c984) Importer(815301076,1909f56bfc062723c751e8b465ee728b)
Start importing Assets/Art/Image (1464).png using Guid(5a12737c85621ec41883e99d4299c984) Importer(815301076,1909f56bfc062723c751e8b465ee728b) (PreviewImporter) -> (artifact id: 'e1c80078d4e9816638d363fd4b557d9d') in 0.0249708 seconds
Number of updated asset objects reloaded before import = 0Number of asset objects unloaded after import = 3

========================================================================
Received Import Request.
  Time since last request: 0.000014 seconds.
  path: Assets/Art/Image (481).png
  artifactKey: Guid(9629461bd454bd741b025a247a24a99f) Importer(815301076,1909f56bfc062723c751e8b465ee728b)
Start importing Assets/Art/Image (481).png using Guid(9629461bd454bd741b025a247a24a99f) Importer(815301076,1909f56bfc062723c751e8b465ee728b) (PreviewImporter) -> (artifact id: '300ba9fa3c4c97eb9befdafab71febf4') in 0.0251367 seconds
Number of updated asset objects reloaded before import = 0Number of asset objects unloaded after import = 3

========================================================================
Received Import Request.
  Time since last request: 4.937488 seconds.
  path: Assets/Art/Image (1457).png
  artifactKey: Guid(a9907b38597d3b9459d4022a403825a7) Importer(815301076,1909f56bfc062723c751e8b465ee728b)
Start importing Assets/Art/Image (1457).png using Guid(a9907b38597d3b9459d4022a403825a7) Importer(815301076,1909f56bfc062723c751e8b465ee728b) (PreviewImporter) -> (artifact id: '7eec1c7e251945700a895aff90a2b752') in 0.0441027 seconds
Number of updated asset objects reloaded before import = 0Number of asset objects unloaded after import = 3

========================================================================
Received Import Request.
  Time since last request: 0.000013 seconds.
  path: Assets/Art/Image (1380).png
  artifactKey: Guid(1487c582dda50324f9d6595f76eef91a) Importer(815301076,1909f56bfc062723c751e8b465ee728b)
Start importing Assets/Art/Image (1380).png using Guid(1487c582dda50324f9d6595f76eef91a) Importer(815301076,1909f56bfc062723c751e8b465ee728b) (PreviewImporter) -> (artifact id: '717cc375dd50e0f9b0c825a085d339d0') in 0.1101468 seconds
Number of updated asset objects reloaded before import = 0Number of asset objects unloaded after import = 3

========================================================================
Received Import Request.
  Time since last request: 0.000015 seconds.
  path: Assets/Art/Image (826).png
  artifactKey: Guid(124321afadfc3994a8259ab13d4d63b6) Importer(815301076,1909f56bfc062723c751e8b465ee728b)
Start importing Assets/Art/Image (826).png using Guid(124321afadfc3994a8259ab13d4d63b6) Importer(815301076,1909f56bfc062723c751e8b465ee728b) (PreviewImporter) -> (artifact id: '4e3515258f065b9c3fe217df54f146ec') in 0.033662 seconds
Number of updated asset objects reloaded before import = 0Number of asset objects unloaded after import = 3

========================================================================
Received Import Request.
  Time since last request: 0.000023 seconds.
  path: Assets/Art/Image (825).png
  artifactKey: Guid(1ffebd997e3d96a419c6b50527063854) Importer(815301076,1909f56bfc062723c751e8b465ee728b)
Start importing Assets/Art/Image (825).png using Guid(1ffebd997e3d96a419c6b50527063854) Importer(815301076,1909f56bfc062723c751e8b465ee728b) (PreviewImporter) -> (artifact id: 'e9310382eb6a954e90ae7518dd32b784') in 0.0272284 seconds
Number of updated asset objects reloaded before import = 0Number of asset objects unloaded after import = 3

========================================================================
Received Import Request.
  Time since last request: 0.000011 seconds.
  path: Assets/Art/Image (828).png
  artifactKey: Guid(49fbf392dc642ff47b5ea7b240759136) Importer(815301076,1909f56bfc062723c751e8b465ee728b)
Start importing Assets/Art/Image (828).png using Guid(49fbf392dc642ff47b5ea7b240759136) Importer(815301076,1909f56bfc062723c751e8b465ee728b) (PreviewImporter) -> (artifact id: 'a7a58938d000f3a6ec393d88efeb00b7') in 0.0271537 seconds
Number of updated asset objects reloaded before import = 0Number of asset objects unloaded after import = 3

========================================================================
Received Import Request.
  Time since last request: 0.000013 seconds.
  path: Assets/Art/Image (821).png
  artifactKey: Guid(a8cf84d48dfd4244f91ae30e5b95ff95) Importer(815301076,1909f56bfc062723c751e8b465ee728b)
Start importing Assets/Art/Image (821).png using Guid(a8cf84d48dfd4244f91ae30e5b95ff95) Importer(815301076,1909f56bfc062723c751e8b465ee728b) (PreviewImporter) -> (artifact id: '90fa4e72d4c59a185da0956d19fd3326') in 0.0242596 seconds
Number of updated asset objects reloaded before import = 0Number of asset objects unloaded after import = 3

========================================================================
Received Import Request.
  Time since last request: 0.000011 seconds.
  path: Assets/Art/Image (823).png
  artifactKey: Guid(1772e134f528c44469c2043407ac52c0) Importer(815301076,1909f56bfc062723c751e8b465ee728b)
Start importing Assets/Art/Image (823).png using Guid(1772e134f528c44469c2043407ac52c0) Importer(815301076,1909f56bfc062723c751e8b465ee728b) (PreviewImporter) -> (artifact id: 'b145e2f881a69277d164bc32f7a6d709') in 0.0313048 seconds
Number of updated asset objects reloaded before import = 0Number of asset objects unloaded after import = 3

========================================================================
Received Import Request.
  Time since last request: 0.000018 seconds.
  path: Assets/Art/Image (1115).png
  artifactKey: Guid(84c9fdd7757c5d249bffc07f2dba1689) Importer(815301076,1909f56bfc062723c751e8b465ee728b)
Start importing Assets/Art/Image (1115).png using Guid(84c9fdd7757c5d249bffc07f2dba1689) Importer(815301076,1909f56bfc062723c751e8b465ee728b) (PreviewImporter) -> (artifact id: '7daf7b841d2ae01ba43d88299d9e1aac') in 0.0256075 seconds
Number of updated asset objects reloaded before import = 0Number of asset objects unloaded after import = 3

========================================================================
Received Import Request.
  Time since last request: 0.000022 seconds.
  path: Assets/Art/Image (430).png
  artifactKey: Guid(da8c2ebf4634d814485fb957d2222df5) Importer(815301076,1909f56bfc062723c751e8b465ee728b)
Start importing Assets/Art/Image (430).png using Guid(da8c2ebf4634d814485fb957d2222df5) Importer(815301076,1909f56bfc062723c751e8b465ee728b) (PreviewImporter) -> (artifact id: 'a9186b5a42a4c9840ba612ec3d57952a') in 0.0247975 seconds
Number of updated asset objects reloaded before import = 0Number of asset objects unloaded after import = 3

========================================================================
Received Import Request.
  Time since last request: 0.000014 seconds.
  path: Assets/Art/Image (822).png
  artifactKey: Guid(09fe22eb548dfcd40a925ae755e309c9) Importer(815301076,1909f56bfc062723c751e8b465ee728b)
Start importing Assets/Art/Image (822).png using Guid(09fe22eb548dfcd40a925ae755e309c9) Importer(815301076,1909f56bfc062723c751e8b465ee728b) (PreviewImporter) -> (artifact id: '14f6ee552352f42ceed5e73cdb19f458') in 0.0249039 seconds
Number of updated asset objects reloaded before import = 0Number of asset objects unloaded after import = 3

========================================================================
Received Import Request.
  Time since last request: 0.000017 seconds.
  path: Assets/Art/Image (829).png
  artifactKey: Guid(564f2fc7ff6f10d438f4aa57f36489ba) Importer(815301076,1909f56bfc062723c751e8b465ee728b)
Start importing Assets/Art/Image (829).png using Guid(564f2fc7ff6f10d438f4aa57f36489ba) Importer(815301076,1909f56bfc062723c751e8b465ee728b) (PreviewImporter) -> (artifact id: 'ec10837230e644aa9efdffefb9dc9a32') in 0.0247871 seconds
Number of updated asset objects reloaded before import = 0Number of asset objects unloaded after import = 3

========================================================================
Received Import Request.
  Time since last request: 0.000014 seconds.
  path: Assets/Art/Image (1320).png
  artifactKey: Guid(eb98c42ee1b6c094389649c1e666bc1e) Importer(815301076,1909f56bfc062723c751e8b465ee728b)
Start importing Assets/Art/Image (1320).png using Guid(eb98c42ee1b6c094389649c1e666bc1e) Importer(815301076,1909f56bfc062723c751e8b465ee728b) (PreviewImporter) -> (artifact id: '742cea4cd1e458e2ccbb6a8cd3247118') in 0.0249237 seconds
Number of updated asset objects reloaded before import = 0Number of asset objects unloaded after import = 3

========================================================================
Received Import Request.
  Time since last request: 0.000017 seconds.
  path: Assets/Art/Image (1119).png
  artifactKey: Guid(bf8cf6873fe5f9b4e96e4a43d9f85ad7) Importer(815301076,1909f56bfc062723c751e8b465ee728b)
Start importing Assets/Art/Image (1119).png using Guid(bf8cf6873fe5f9b4e96e4a43d9f85ad7) Importer(815301076,1909f56bfc062723c751e8b465ee728b) (PreviewImporter) -> (artifact id: '1d34109da2c6d0b3fbade4c8065cb6ed') in 0.0240848 seconds
Number of updated asset objects reloaded before import = 0Number of asset objects unloaded after import = 3

========================================================================
Received Import Request.
  Time since last request: 0.000024 seconds.
  path: Assets/Art/Image (428).png
  artifactKey: Guid(49912ab4fcebdc34bace99855c4e195a) Importer(815301076,1909f56bfc062723c751e8b465ee728b)
Start importing Assets/Art/Image (428).png using Guid(49912ab4fcebdc34bace99855c4e195a) Importer(815301076,1909f56bfc062723c751e8b465ee728b) (PreviewImporter) -> (artifact id: '1503695c1432644b48ef4793033d63e1') in 0.0220558 seconds
Number of updated asset objects reloaded before import = 0Number of asset objects unloaded after import = 3

========================================================================
Received Import Request.
  Time since last request: 69.640931 seconds.
  path: Assets/Art/Image (342).png
  artifactKey: Guid(bc6b46a6ca8bbfa4488cdb4f20298336) Importer(815301076,1909f56bfc062723c751e8b465ee728b)
Start importing Assets/Art/Image (342).png using Guid(bc6b46a6ca8bbfa4488cdb4f20298336) Importer(815301076,1909f56bfc062723c751e8b465ee728b) (PreviewImporter) -> (artifact id: '84ca870bb488ed48ba781b16ffd68c96') in 0.0645553 seconds
Number of updated asset objects reloaded before import = 0Number of asset objects unloaded after import = 3

========================================================================
Received Import Request.
  Time since last request: 0.000014 seconds.
  path: Assets/Art/Image (347).png
  artifactKey: Guid(224487013ff9e3148a214a7d9f865cf5) Importer(815301076,1909f56bfc062723c751e8b465ee728b)
Start importing Assets/Art/Image (347).png using Guid(224487013ff9e3148a214a7d9f865cf5) Importer(815301076,1909f56bfc062723c751e8b465ee728b) (PreviewImporter) -> (artifact id: '710f85e528b54c23204b92217f36d622') in 0.0887638 seconds
Number of updated asset objects reloaded before import = 0Number of asset objects unloaded after import = 3

========================================================================
Received Import Request.
  Time since last request: 0.000019 seconds.
  path: Assets/Art/Image (565).png
  artifactKey: Guid(19a01d2a5a229854cae379aa594676a2) Importer(815301076,1909f56bfc062723c751e8b465ee728b)
Start importing Assets/Art/Image (565).png using Guid(19a01d2a5a229854cae379aa594676a2) Importer(815301076,1909f56bfc062723c751e8b465ee728b) (PreviewImporter) -> (artifact id: 'c2c55cc24d0ba02f401c861d0bafa197') in 0.0749484 seconds
Number of updated asset objects reloaded before import = 0Number of asset objects unloaded after import = 3

========================================================================
Received Import Request.
  Time since last request: 0.000021 seconds.
  path: Assets/Art/Image (599).png
  artifactKey: Guid(636ed3c07bdc0e2429050f558cb6049e) Importer(815301076,1909f56bfc062723c751e8b465ee728b)
Start importing Assets/Art/Image (599).png using Guid(636ed3c07bdc0e2429050f558cb6049e) Importer(815301076,1909f56bfc062723c751e8b465ee728b) (PreviewImporter) -> (artifact id: '7d836d8e76ae4111a3b881f2d0482c02') in 0.062221 seconds
Number of updated asset objects reloaded before import = 0Number of asset objects unloaded after import = 3

========================================================================
Received Import Request.
  Time since last request: 0.000015 seconds.
  path: Assets/Art/Image (687).png
  artifactKey: Guid(e991c6da4c207de44a6c6cb0d3569c7b) Importer(815301076,1909f56bfc062723c751e8b465ee728b)
Start importing Assets/Art/Image (687).png using Guid(e991c6da4c207de44a6c6cb0d3569c7b) Importer(815301076,1909f56bfc062723c751e8b465ee728b) (PreviewImporter) -> (artifact id: '4e9a7eeb52d16863c60a28f39422576b') in 0.0246065 seconds
Number of updated asset objects reloaded before import = 0Number of asset objects unloaded after import = 3

========================================================================
Received Import Request.
  Time since last request: 0.000015 seconds.
  path: Assets/Art/Image (601).png
  artifactKey: Guid(eb829d9b36c6fbe42bcb5572ae380f7d) Importer(815301076,1909f56bfc062723c751e8b465ee728b)
Start importing Assets/Art/Image (601).png using Guid(eb829d9b36c6fbe42bcb5572ae380f7d) Importer(815301076,1909f56bfc062723c751e8b465ee728b) (PreviewImporter) -> (artifact id: 'bb45c0ab62b745edadb136cfc9245cf8') in 0.0302097 seconds
Number of updated asset objects reloaded before import = 0Number of asset objects unloaded after import = 3

========================================================================
Received Import Request.
  Time since last request: 0.000019 seconds.
  path: Assets/Art/Image (706).png
  artifactKey: Guid(a908be4ead10c9345bd4737c6be72f16) Importer(815301076,1909f56bfc062723c751e8b465ee728b)
Start importing Assets/Art/Image (706).png using Guid(a908be4ead10c9345bd4737c6be72f16) Importer(815301076,1909f56bfc062723c751e8b465ee728b) (PreviewImporter) -> (artifact id: 'e62fafd6764adf81991995499b768882') in 0.0244034 seconds
Number of updated asset objects reloaded before import = 0Number of asset objects unloaded after import = 3

========================================================================
Received Import Request.
  Time since last request: 0.000030 seconds.
  path: Assets/Art/Image (598).png
  artifactKey: Guid(349e8a0fa1082d64aba3d4c49e9100bd) Importer(815301076,1909f56bfc062723c751e8b465ee728b)
Start importing Assets/Art/Image (598).png using Guid(349e8a0fa1082d64aba3d4c49e9100bd) Importer(815301076,1909f56bfc062723c751e8b465ee728b) (PreviewImporter) -> (artifact id: '59c4a1297b920a8505d4313731ec0f6d') in 0.0277852 seconds
Number of updated asset objects reloaded before import = 0Number of asset objects unloaded after import = 3

========================================================================
Received Import Request.
  Time since last request: 0.000037 seconds.
  path: Assets/Art/Image (1048).png
  artifactKey: Guid(3aa25445872fcb14d8ef0b89eed87279) Importer(815301076,1909f56bfc062723c751e8b465ee728b)
Start importing Assets/Art/Image (1048).png using Guid(3aa25445872fcb14d8ef0b89eed87279) Importer(815301076,1909f56bfc062723c751e8b465ee728b) (PreviewImporter) -> (artifact id: '73b6ae0470ccc7902581f81c3049fe46') in 0.0226355 seconds
Number of updated asset objects reloaded before import = 0Number of asset objects unloaded after import = 3

========================================================================
Received Import Request.
  Time since last request: 0.000018 seconds.
  path: Assets/Art/Image (1043).png
  artifactKey: Guid(8c1f2bc00a1797b479925ba960d3b0c1) Importer(815301076,1909f56bfc062723c751e8b465ee728b)
Start importing Assets/Art/Image (1043).png using Guid(8c1f2bc00a1797b479925ba960d3b0c1) Importer(815301076,1909f56bfc062723c751e8b465ee728b) (PreviewImporter) -> (artifact id: '2bf368f0c834a296c48f3691a087bdfd') in 0.0233463 seconds
Number of updated asset objects reloaded before import = 0Number of asset objects unloaded after import = 3

========================================================================
Received Import Request.
  Time since last request: 0.000015 seconds.
  path: Assets/Art/Image (1066).png
  artifactKey: Guid(a344a1414fa715d4786d1d1069bd2e35) Importer(815301076,1909f56bfc062723c751e8b465ee728b)
Start importing Assets/Art/Image (1066).png using Guid(a344a1414fa715d4786d1d1069bd2e35) Importer(815301076,1909f56bfc062723c751e8b465ee728b) (PreviewImporter) -> (artifact id: '6944c20bbfdaa260944cea9809c948b3') in 0.0306782 seconds
Number of updated asset objects reloaded before import = 0Number of asset objects unloaded after import = 3

========================================================================
Received Import Request.
  Time since last request: 0.000021 seconds.
  path: Assets/Art/Image (1141).png
  artifactKey: Guid(e74994217e79d364da44870f702b33e4) Importer(815301076,1909f56bfc062723c751e8b465ee728b)
Start importing Assets/Art/Image (1141).png using Guid(e74994217e79d364da44870f702b33e4) Importer(815301076,1909f56bfc062723c751e8b465ee728b) (PreviewImporter) -> (artifact id: '76cc8ad3d0c5a583cd9dbdfa78a026a4') in 0.0264184 seconds
Number of updated asset objects reloaded before import = 0Number of asset objects unloaded after import = 3

========================================================================
Received Import Request.
  Time since last request: 0.000021 seconds.
  path: Assets/Art/Image (1147).png
  artifactKey: Guid(a4945e8c502574c4b8a223a50c1ef859) Importer(815301076,1909f56bfc062723c751e8b465ee728b)
Start importing Assets/Art/Image (1147).png using Guid(a4945e8c502574c4b8a223a50c1ef859) Importer(815301076,1909f56bfc062723c751e8b465ee728b) (PreviewImporter) -> (artifact id: '6c3b0d12251a1324375714701215ba9a') in 0.0231165 seconds
Number of updated asset objects reloaded before import = 0Number of asset objects unloaded after import = 3

========================================================================
Received Import Request.
  Time since last request: 0.000037 seconds.
  path: Assets/Art/Image (705).png
  artifactKey: Guid(f858dd4116974574682c8c57e9ac67de) Importer(815301076,1909f56bfc062723c751e8b465ee728b)
Start importing Assets/Art/Image (705).png using Guid(f858dd4116974574682c8c57e9ac67de) Importer(815301076,1909f56bfc062723c751e8b465ee728b) (PreviewImporter) -> (artifact id: 'f6f4dcf63a9c68f7626182963318997d') in 0.0221612 seconds
Number of updated asset objects reloaded before import = 0Number of asset objects unloaded after import = 3

========================================================================
Received Import Request.
  Time since last request: 0.000016 seconds.
  path: Assets/Art/Image (350).png
  artifactKey: Guid(6e103099441d8554c848eb7dbd93df77) Importer(815301076,1909f56bfc062723c751e8b465ee728b)
Start importing Assets/Art/Image (350).png using Guid(6e103099441d8554c848eb7dbd93df77) Importer(815301076,1909f56bfc062723c751e8b465ee728b) (PreviewImporter) -> (artifact id: '4bbf8e80d68adca85d0d05322d92fd64') in 0.0233824 seconds
Number of updated asset objects reloaded before import = 0Number of asset objects unloaded after import = 3

========================================================================
Received Import Request.
  Time since last request: 0.000018 seconds.
  path: Assets/Art/Image (688).png
  artifactKey: Guid(3f8af1579f21a404da50a6e19ec34e01) Importer(815301076,1909f56bfc062723c751e8b465ee728b)
Start importing Assets/Art/Image (688).png using Guid(3f8af1579f21a404da50a6e19ec34e01) Importer(815301076,1909f56bfc062723c751e8b465ee728b) (PreviewImporter) -> (artifact id: 'bf96e8a0996c214249751bd5d31bd0f1') in 0.0309588 seconds
Number of updated asset objects reloaded before import = 0Number of asset objects unloaded after import = 3

========================================================================
Received Import Request.
  Time since last request: 0.000023 seconds.
  path: Assets/Art/Image (699).png
  artifactKey: Guid(caacfae01bab1a244a539697d28142f5) Importer(815301076,1909f56bfc062723c751e8b465ee728b)
Start importing Assets/Art/Image (699).png using Guid(caacfae01bab1a244a539697d28142f5) Importer(815301076,1909f56bfc062723c751e8b465ee728b) (PreviewImporter) -> (artifact id: 'ac6c2aaf8a1b245a363e3b3d9f3cf4a8') in 0.0243608 seconds
Number of updated asset objects reloaded before import = 0Number of asset objects unloaded after import = 3

========================================================================
Received Import Request.
  Time since last request: 0.000017 seconds.
  path: Assets/Art/Image (1064).png
  artifactKey: Guid(c717cb5082109bb489166223062ab1a0) Importer(815301076,1909f56bfc062723c751e8b465ee728b)
Start importing Assets/Art/Image (1064).png using Guid(c717cb5082109bb489166223062ab1a0) Importer(815301076,1909f56bfc062723c751e8b465ee728b) (PreviewImporter) -> (artifact id: '012c8a61539b21441c8ed47da138ad49') in 0.0270473 seconds
Number of updated asset objects reloaded before import = 0Number of asset objects unloaded after import = 3

========================================================================
Received Import Request.
  Time since last request: 0.233385 seconds.
  path: Assets/Art/Image (1060).png
  artifactKey: Guid(156a5b858e7d32d4ebd6cbd9663ffc15) Importer(815301076,1909f56bfc062723c751e8b465ee728b)
Start importing Assets/Art/Image (1060).png using Guid(156a5b858e7d32d4ebd6cbd9663ffc15) Importer(815301076,1909f56bfc062723c751e8b465ee728b) (PreviewImporter) -> (artifact id: '5e24fcb721e261f2118bbaae326c0bb7') in 0.0364555 seconds
Number of updated asset objects reloaded before import = 0Number of asset objects unloaded after import = 3

========================================================================
Received Import Request.
  Time since last request: 1.477689 seconds.
  path: Assets/Art/Image (808).png
  artifactKey: Guid(d6d73b27891dd9048bd86c8d017fc8d9) Importer(815301076,1909f56bfc062723c751e8b465ee728b)
Start importing Assets/Art/Image (808).png using Guid(d6d73b27891dd9048bd86c8d017fc8d9) Importer(815301076,1909f56bfc062723c751e8b465ee728b) (PreviewImporter) -> (artifact id: 'c1a3f771dda0b22ee0590b3029e9286a') in 0.0335172 seconds
Number of updated asset objects reloaded before import = 0Number of asset objects unloaded after import = 3

========================================================================
Received Import Request.
  Time since last request: 0.000017 seconds.
  path: Assets/Art/Image (801).png
  artifactKey: Guid(7b52f90334f1f304a91d4d20a2bc9b84) Importer(815301076,1909f56bfc062723c751e8b465ee728b)
Start importing Assets/Art/Image (801).png using Guid(7b52f90334f1f304a91d4d20a2bc9b84) Importer(815301076,1909f56bfc062723c751e8b465ee728b) (PreviewImporter) -> (artifact id: '10bb5ea6b123e1e89d39a30c5d0452d0') in 0.0393524 seconds
Number of updated asset objects reloaded before import = 0Number of asset objects unloaded after import = 3

========================================================================
Received Import Request.
  Time since last request: 0.451036 seconds.
  path: Assets/Art/Image (764).png
  artifactKey: Guid(6da48da0177ecf846bb77487db3fdc63) Importer(815301076,1909f56bfc062723c751e8b465ee728b)
Start importing Assets/Art/Image (764).png using Guid(6da48da0177ecf846bb77487db3fdc63) Importer(815301076,1909f56bfc062723c751e8b465ee728b) (PreviewImporter) -> (artifact id: 'd23c531b876327e8b1d9cc61b166bec6') in 0.0353137 seconds
Number of updated asset objects reloaded before import = 0Number of asset objects unloaded after import = 3

========================================================================
Received Import Request.
  Time since last request: 0.000017 seconds.
  path: Assets/Art/Image (755).png
  artifactKey: Guid(045d27bccbef5154faac6c8980d2dd7b) Importer(815301076,1909f56bfc062723c751e8b465ee728b)
Start importing Assets/Art/Image (755).png using Guid(045d27bccbef5154faac6c8980d2dd7b) Importer(815301076,1909f56bfc062723c751e8b465ee728b) (PreviewImporter) -> (artifact id: '76743ff03bebcd6cdd10f1d5655d52c7') in 0.052731 seconds
Number of updated asset objects reloaded before import = 0Number of asset objects unloaded after import = 3

========================================================================
Received Import Request.
  Time since last request: 0.000015 seconds.
  path: Assets/Art/Image (711).png
  artifactKey: Guid(b7068af6cf2184c469066b7c48773ee5) Importer(815301076,1909f56bfc062723c751e8b465ee728b)
Start importing Assets/Art/Image (711).png using Guid(b7068af6cf2184c469066b7c48773ee5) Importer(815301076,1909f56bfc062723c751e8b465ee728b) (PreviewImporter) -> (artifact id: '70b4732417b0f8775423b331e6beed28') in 0.0286475 seconds
Number of updated asset objects reloaded before import = 0Number of asset objects unloaded after import = 3

========================================================================
Received Import Request.
  Time since last request: 0.000018 seconds.
  path: Assets/Art/Image (691).png
  artifactKey: Guid(0e40285e230e618409b8a98cd43e39b4) Importer(815301076,1909f56bfc062723c751e8b465ee728b)
Start importing Assets/Art/Image (691).png using Guid(0e40285e230e618409b8a98cd43e39b4) Importer(815301076,1909f56bfc062723c751e8b465ee728b) (PreviewImporter) -> (artifact id: '54af927b7031e097c94d947e97850660') in 0.0270478 seconds
Number of updated asset objects reloaded before import = 0Number of asset objects unloaded after import = 3

========================================================================
Received Import Request.
  Time since last request: 0.001390 seconds.
  path: Assets/Art/Image (638).png
  artifactKey: Guid(87cd89ca11456de40a858612dc4a51bf) Importer(815301076,1909f56bfc062723c751e8b465ee728b)
Start importing Assets/Art/Image (638).png using Guid(87cd89ca11456de40a858612dc4a51bf) Importer(815301076,1909f56bfc062723c751e8b465ee728b) (PreviewImporter) -> (artifact id: '8aad692651fad73daf8e48b5a4ddbc30') in 0.0400165 seconds
Number of updated asset objects reloaded before import = 0Number of asset objects unloaded after import = 3

========================================================================
Received Import Request.
  Time since last request: 0.646759 seconds.
  path: Assets/Art/Image (634).png
  artifactKey: Guid(dbb58223d79f5f848a64bd92ccdb8f22) Importer(815301076,1909f56bfc062723c751e8b465ee728b)
Start importing Assets/Art/Image (634).png using Guid(dbb58223d79f5f848a64bd92ccdb8f22) Importer(815301076,1909f56bfc062723c751e8b465ee728b) (PreviewImporter) -> (artifact id: 'ec3dffd92c610c094baedbe798aa69b5') in 0.0271662 seconds
Number of updated asset objects reloaded before import = 0Number of asset objects unloaded after import = 3

========================================================================
Received Import Request.
  Time since last request: 0.000018 seconds.
  path: Assets/Art/Image (625).png
  artifactKey: Guid(b96aec2ad5b98f4449e1022c74786e6d) Importer(815301076,1909f56bfc062723c751e8b465ee728b)
Start importing Assets/Art/Image (625).png using Guid(b96aec2ad5b98f4449e1022c74786e6d) Importer(815301076,1909f56bfc062723c751e8b465ee728b) (PreviewImporter) -> (artifact id: '6fd6114fbd7298a839d5c13bcb209b13') in 0.0266816 seconds
Number of updated asset objects reloaded before import = 0Number of asset objects unloaded after import = 3

========================================================================
Received Import Request.
  Time since last request: 0.000011 seconds.
  path: Assets/Art/Image (575).png
  artifactKey: Guid(5f47fd03e7c053e4f91d38715ca445eb) Importer(815301076,1909f56bfc062723c751e8b465ee728b)
Start importing Assets/Art/Image (575).png using Guid(5f47fd03e7c053e4f91d38715ca445eb) Importer(815301076,1909f56bfc062723c751e8b465ee728b) (PreviewImporter) -> (artifact id: '256ac4c9c5944c30a1e3808ec4260dc1') in 0.0241718 seconds
Number of updated asset objects reloaded before import = 0Number of asset objects unloaded after import = 3

========================================================================
Received Import Request.
  Time since last request: 0.000017 seconds.
  path: Assets/Art/Image (580).png
  artifactKey: Guid(40642bce5080edc44bc288bd14135e3d) Importer(815301076,1909f56bfc062723c751e8b465ee728b)
Start importing Assets/Art/Image (580).png using Guid(40642bce5080edc44bc288bd14135e3d) Importer(815301076,1909f56bfc062723c751e8b465ee728b) (PreviewImporter) -> (artifact id: '9bfd4e02b2b4f122becdbdca7143e6c0') in 0.0299089 seconds
Number of updated asset objects reloaded before import = 0Number of asset objects unloaded after import = 3

========================================================================
Received Import Request.
  Time since last request: 0.000027 seconds.
  path: Assets/Art/Image (589).png
  artifactKey: Guid(31218ff4cf96ab3448c9b7e1217fd2b0) Importer(815301076,1909f56bfc062723c751e8b465ee728b)
Start importing Assets/Art/Image (589).png using Guid(31218ff4cf96ab3448c9b7e1217fd2b0) Importer(815301076,1909f56bfc062723c751e8b465ee728b) (PreviewImporter) -> (artifact id: 'fbd1750af7953bc0a08c665826f477b3') in 0.0266059 seconds
Number of updated asset objects reloaded before import = 0Number of asset objects unloaded after import = 3

========================================================================
Received Import Request.
  Time since last request: 0.000016 seconds.
  path: Assets/Art/Image (462).png
  artifactKey: Guid(25ae47349a1444c4ea1ef32ceeecc13a) Importer(815301076,1909f56bfc062723c751e8b465ee728b)
Start importing Assets/Art/Image (462).png using Guid(25ae47349a1444c4ea1ef32ceeecc13a) Importer(815301076,1909f56bfc062723c751e8b465ee728b) (PreviewImporter) -> (artifact id: '739d469e033132a7b031610e301bf75f') in 0.0333317 seconds
Number of updated asset objects reloaded before import = 0Number of asset objects unloaded after import = 3

========================================================================
Received Import Request.
  Time since last request: 0.000014 seconds.
  path: Assets/Art/Image (473).png
  artifactKey: Guid(28bacc7329ef9744db2b03ec3bc51d6d) Importer(815301076,1909f56bfc062723c751e8b465ee728b)
Start importing Assets/Art/Image (473).png using Guid(28bacc7329ef9744db2b03ec3bc51d6d) Importer(815301076,1909f56bfc062723c751e8b465ee728b) (PreviewImporter) -> (artifact id: 'f521027243d1aa99a654bd7d59fabdc5') in 0.0258962 seconds
Number of updated asset objects reloaded before import = 0Number of asset objects unloaded after import = 3

========================================================================
Received Import Request.
  Time since last request: 0.000013 seconds.
  path: Assets/Art/Image (394).png
  artifactKey: Guid(dff1a4fadb3bbdd4d8d285c0ab29d7b6) Importer(815301076,1909f56bfc062723c751e8b465ee728b)
Start importing Assets/Art/Image (394).png using Guid(dff1a4fadb3bbdd4d8d285c0ab29d7b6) Importer(815301076,1909f56bfc062723c751e8b465ee728b) (PreviewImporter) -> (artifact id: 'd0eba5bd23c62c3f6be4cd8d140cd3a3') in 0.0260479 seconds
Number of updated asset objects reloaded before import = 0Number of asset objects unloaded after import = 3

========================================================================
Received Import Request.
  Time since last request: 0.005835 seconds.
  path: Assets/Art/Image (333).png
  artifactKey: Guid(aa48b96d74570b747acb85f87b0e0170) Importer(815301076,1909f56bfc062723c751e8b465ee728b)
Start importing Assets/Art/Image (333).png using Guid(aa48b96d74570b747acb85f87b0e0170) Importer(815301076,1909f56bfc062723c751e8b465ee728b) (PreviewImporter) -> (artifact id: 'c3a4674c50d4f70bc2c25af33e7810ee') in 0.0293838 seconds
Number of updated asset objects reloaded before import = 0Number of asset objects unloaded after import = 3

========================================================================
Received Import Request.
  Time since last request: 39.174366 seconds.
  path: Assets/Art/Image (34) 2.png
  artifactKey: Guid(5dd3c744d65989540baf1f837357abc0) Importer(815301076,1909f56bfc062723c751e8b465ee728b)
Start importing Assets/Art/Image (34) 2.png using Guid(5dd3c744d65989540baf1f837357abc0) Importer(815301076,1909f56bfc062723c751e8b465ee728b) (PreviewImporter) -> (artifact id: 'bf73760ae6c034166bf5ca56e78620b8') in 0.05481 seconds
Number of updated asset objects reloaded before import = 0Number of asset objects unloaded after import = 3

========================================================================
Received Import Request.
  Time since last request: 1.304995 seconds.
  path: Assets/Art/Image (37) 2.png
  artifactKey: Guid(c66763e27f33be345833997cc4ae82d9) Importer(815301076,1909f56bfc062723c751e8b465ee728b)
Start importing Assets/Art/Image (37) 2.png using Guid(c66763e27f33be345833997cc4ae82d9) Importer(815301076,1909f56bfc062723c751e8b465ee728b) (PreviewImporter) -> (artifact id: '975b962fe3c96ffeeaa44c8dfcc0bb7c') in 0.0428989 seconds
Number of updated asset objects reloaded before import = 0Number of asset objects unloaded after import = 3

========================================================================
Received Import Request.
  Time since last request: 2.201055 seconds.
  path: Assets/Art/Image (39) 2.png
  artifactKey: Guid(17dfc220c99234f44968b413a27948ea) Importer(815301076,1909f56bfc062723c751e8b465ee728b)
Start importing Assets/Art/Image (39) 2.png using Guid(17dfc220c99234f44968b413a27948ea) Importer(815301076,1909f56bfc062723c751e8b465ee728b) (PreviewImporter) -> (artifact id: 'cfcedb59b7a80f65bd1fcc760546f805') in 0.0416804 seconds
Number of updated asset objects reloaded before import = 0Number of asset objects unloaded after import = 3

========================================================================
Received Import Request.
  Time since last request: 0.000013 seconds.
  path: Assets/Art/Image (47) 2.png
  artifactKey: Guid(f74f82bb69376e044aad7bdc74a41a80) Importer(815301076,1909f56bfc062723c751e8b465ee728b)
Start importing Assets/Art/Image (47) 2.png using Guid(f74f82bb69376e044aad7bdc74a41a80) Importer(815301076,1909f56bfc062723c751e8b465ee728b) (PreviewImporter) -> (artifact id: '729b6605c659545996f8a847b631e367') in 0.1074729 seconds
Number of updated asset objects reloaded before import = 0Number of asset objects unloaded after import = 3

Editor requested this worker to shutdown with reason: Scaling down because of idle timeout
AssetImportWorker is now disconnected from the server
Process exiting
Exiting without the bug reporter. Application will terminate with return code 0