Using pre-set license
Built from '6000.1/staging' branch; Version is '6000.1.7f1 (13a8ffad9172) revision 1288447'; Using compiler version '194234433'; Build Type 'Release'
OS: 'Windows 11  (10.0.26100) 64bit Core' Language: 'en' Physical Memory: 32491 MB
BatchMode: 1, IsHumanControllingUs: 0, StartBugReporterOnCrash: 0, Is64bit: 1, IsPro: 1
Date: 2025-08-04T12:05:46Z

COMMAND LINE ARGUMENTS:
C:\Program Files\Unity\Hub\Editor\6000.1.7f1\Editor\Unity.exe
-adb2
-batchMode
-noUpm
-name
AssetImportWorker13
-projectPath
D:/Projects/Unity/White Screen Test
-logFile
Logs/AssetImportWorker13.log
-srvPort
53295
-job-worker-count
15
-background-job-worker-count
8
-gc-helper-count
1
-name
AssetImport
Successfully changed project path to: D:/Projects/Unity/White Screen Test
D:/Projects/Unity/White Screen Test
[UnityMemory] Configuration Parameters - Can be set up in boot.config
    "memorysetup-allocator-temp-initial-block-size-main=262144"
    "memorysetup-allocator-temp-initial-block-size-worker=262144"
    "memorysetup-bucket-allocator-granularity=16"
    "memorysetup-bucket-allocator-bucket-count=8"
    "memorysetup-bucket-allocator-block-size=33554432"
    "memorysetup-bucket-allocator-block-count=8"
    "memorysetup-main-allocator-block-size=16777216"
    "memorysetup-thread-allocator-block-size=16777216"
    "memorysetup-gfx-main-allocator-block-size=16777216"
    "memorysetup-gfx-thread-allocator-block-size=16777216"
    "memorysetup-cache-allocator-block-size=4194304"
    "memorysetup-typetree-allocator-block-size=2097152"
    "memorysetup-profiler-bucket-allocator-granularity=16"
    "memorysetup-profiler-bucket-allocator-bucket-count=8"
    "memorysetup-profiler-bucket-allocator-block-size=33554432"
    "memorysetup-profiler-bucket-allocator-block-count=8"
    "memorysetup-profiler-allocator-block-size=16777216"
    "memorysetup-profiler-editor-allocator-block-size=1048576"
    "memorysetup-temp-allocator-size-main=16777216"
    "memorysetup-job-temp-allocator-block-size=2097152"
    "memorysetup-job-temp-allocator-block-size-background=1048576"
    "memorysetup-job-temp-allocator-reduction-small-platforms=262144"
    "memorysetup-temp-allocator-size-background-worker=32768"
    "memorysetup-temp-allocator-size-job-worker=262144"
    "memorysetup-temp-allocator-size-preload-manager=33554432"
    "memorysetup-temp-allocator-size-nav-mesh-worker=65536"
    "memorysetup-temp-allocator-size-audio-worker=65536"
    "memorysetup-temp-allocator-size-cloud-worker=32768"
    "memorysetup-temp-allocator-size-gi-baking-worker=262144"
    "memorysetup-temp-allocator-size-gi-baking-worker=262144"
    "memorysetup-temp-allocator-size-gi-baking-worker=262144"
    "memorysetup-temp-allocator-size-gi-baking-worker=262144"
    "memorysetup-temp-allocator-size-gi-baking-worker=262144"
    "memorysetup-temp-allocator-size-gfx=262144"
Player connection [29248]  Target information:

Player connection [29248]  * "[IP] 192.168.31.102 [Port] 0 [Flags] 2 [Guid] 365265299 [EditorId] 365265299 [Version] 1048832 [Id] WindowsEditor(7,Roman-PC) [Debug] 1 [PackageName] WindowsEditor [ProjectName] Editor" 

Player connection [29248] Host joined multi-casting on [225.0.0.222:54997]...
Player connection [29248] Host joined alternative multi-casting on [225.0.0.222:34997]...
JobSystem: Creating JobQueue using job-worker-count value 15
Input System module state changed to: Initialized.
[Physics::Module] Initialized fallback backend.
[Physics::Module] Id: 0xdecafbad
Library Redirect Path: Library/
[Physics::Module] Selected backend.
[Physics::Module] Name: PhysX
[Physics::Module] Id: 0xf2b8ea05
[Physics::Module] SDK Version: 4.1.2
[Physics::Module] Integration Version: 1.0.0
[Physics::Module] Threading Mode: Multi-Threaded
Refreshing native plugins compatible for Editor in 2.09 ms, found 4 plugins.
Preloading 0 native plugins for Editor in 0.00 ms.
Initialize engine version: 6000.1.7f1 (13a8ffad9172)
[Subsystems] Discovering subsystems at path C:/Program Files/Unity/Hub/Editor/6000.1.7f1/Editor/Data/Resources/UnitySubsystems
[Subsystems] Discovering subsystems at path D:/Projects/Unity/White Screen Test/Assets
GfxDevice: creating device client; kGfxThreadingModeNonThreaded
Direct3D:
    Version:  Direct3D 11.0 [level 11.1]
    Renderer: NVIDIA GeForce RTX 4080 Laptop GPU (ID=0x27e0)
    Vendor:   NVIDIA
    VRAM:     11997 MB
    Driver:   32.0.15.6094
Initialize mono
Mono path[0] = 'C:/Program Files/Unity/Hub/Editor/6000.1.7f1/Editor/Data/Managed'
Mono path[1] = 'C:/Program Files/Unity/Hub/Editor/6000.1.7f1/Editor/Data/MonoBleedingEdge/lib/mono/unityjit-win32'
Mono config path = 'C:/Program Files/Unity/Hub/Editor/6000.1.7f1/Editor/Data/MonoBleedingEdge/etc'
Using monoOptions --debugger-agent=transport=dt_socket,embedding=1,server=y,suspend=n,address=127.0.0.1:56412
Begin MonoManager ReloadAssembly
Registering precompiled unity dll's ...
Register platform support module: C:/Program Files/Unity/Hub/Editor/6000.1.7f1/Editor/Data/PlaybackEngines/WebGLSupport/UnityEditor.WebGL.Extensions.dll
Register platform support module: C:/Program Files/Unity/Hub/Editor/6000.1.7f1/Editor/Data/PlaybackEngines/WindowsStandaloneSupport/UnityEditor.WindowsStandalone.Extensions.dll
Register platform support module: C:/Program Files/Unity/Hub/Editor/6000.1.7f1/Editor/Data/PlaybackEngines/iOSSupport/UnityEditor.iOS.Extensions.dll
Registered in 0.001019 seconds.
- Loaded All Assemblies, in  0.241 seconds
[usbmuxd] Start listen thread
[usbmuxd] Listen thread started
[usbmuxd] Send listen message
Native extension for iOS target not found
[usbmuxd] Attached: 5 00008110-00040DA62E03801E
Native extension for WindowsStandalone target not found
Native extension for WebGL target not found
Mono: successfully reloaded assembly
- Finished resetting the current domain, in  0.225 seconds
Domain Reload Profiling: 466ms
	BeginReloadAssembly (82ms)
		ExecutionOrderSort (0ms)
		DisableScriptedObjects (0ms)
		BackupInstance (0ms)
		ReleaseScriptingObjects (0ms)
		CreateAndSetChildDomain (1ms)
	RebuildCommonClasses (23ms)
	RebuildNativeTypeToScriptingClass (7ms)
	initialDomainReloadingComplete (28ms)
	LoadAllAssembliesAndSetupDomain (100ms)
		LoadAssemblies (80ms)
		RebuildTransferFunctionScriptingTraits (0ms)
		AnalyzeDomain (98ms)
			TypeCache.Refresh (97ms)
				TypeCache.ScanAssembly (88ms)
			BuildScriptInfoCaches (0ms)
			ResolveRequiredComponents (0ms)
	FinalizeReload (225ms)
		ReleaseScriptCaches (0ms)
		RebuildScriptCaches (0ms)
		SetupLoadedEditorAssemblies (195ms)
			LogAssemblyErrors (0ms)
			InitializePlatformSupportModulesInManaged (41ms)
			SetLoadedEditorAssemblies (3ms)
			BeforeProcessingInitializeOnLoad (36ms)
			ProcessInitializeOnLoadAttributes (84ms)
			ProcessInitializeOnLoadMethodAttributes (30ms)
			AfterProcessingInitializeOnLoad (0ms)
			EditorAssembliesLoaded (0ms)
		ExecutionOrderSort2 (0ms)
		AwakeInstancesAfterBackupRestoration (0ms)
========================================================================
Worker process is ready to serve import requests
Import Worker Mode flag is 0x00
Begin MonoManager ReloadAssembly
- Loaded All Assemblies, in  0.550 seconds
Refreshing native plugins compatible for Editor in 0.59 ms, found 4 plugins.
Native extension for iOS target not found
Native extension for WindowsStandalone target not found
Native extension for WebGL target not found
Refreshing native plugins compatible for Editor in 0.72 ms, found 4 plugins.
Mono: successfully reloaded assembly
- Finished resetting the current domain, in  0.706 seconds
Domain Reload Profiling: 1254ms
	BeginReloadAssembly (105ms)
		ExecutionOrderSort (0ms)
		DisableScriptedObjects (4ms)
		BackupInstance (0ms)
		ReleaseScriptingObjects (0ms)
		CreateAndSetChildDomain (18ms)
	RebuildCommonClasses (23ms)
	RebuildNativeTypeToScriptingClass (7ms)
	initialDomainReloadingComplete (22ms)
	LoadAllAssembliesAndSetupDomain (391ms)
		LoadAssemblies (264ms)
		RebuildTransferFunctionScriptingTraits (0ms)
		AnalyzeDomain (185ms)
			TypeCache.Refresh (134ms)
				TypeCache.ScanAssembly (122ms)
			BuildScriptInfoCaches (41ms)
			ResolveRequiredComponents (7ms)
	FinalizeReload (706ms)
		ReleaseScriptCaches (0ms)
		RebuildScriptCaches (0ms)
		SetupLoadedEditorAssemblies (617ms)
			LogAssemblyErrors (0ms)
			InitializePlatformSupportModulesInManaged (5ms)
			SetLoadedEditorAssemblies (3ms)
			BeforeProcessingInitializeOnLoad (126ms)
			ProcessInitializeOnLoadAttributes (403ms)
			ProcessInitializeOnLoadMethodAttributes (76ms)
			AfterProcessingInitializeOnLoad (2ms)
			EditorAssembliesLoaded (0ms)
		ExecutionOrderSort2 (0ms)
		AwakeInstancesAfterBackupRestoration (4ms)
Launched and connected shader compiler UnityShaderCompiler.exe after 0.06 seconds
Refreshing native plugins compatible for Editor in 0.68 ms, found 4 plugins.
Preloading 0 native plugins for Editor in 0.00 ms.
Unloading 267 Unused Serialized files (Serialized files now loaded: 0)
Unloading 7242 unused Assets / (6.6 MB). Loaded Objects now: 7981.
Memory consumption went from 197.8 MB to 191.2 MB.
Total: 6.506600 ms (FindLiveObjects: 0.451900 ms CreateObjectMapping: 0.265200 ms MarkObjects: 3.675900 ms  DeleteObjects: 2.112700 ms)

========================================================================
Received Import Request.
  Time since last request: 244535.967028 seconds.
  path: Assets/Art/Image (968).png
  artifactKey: Guid(24214f7eadab5754994678b0e10bf1ab) Importer(815301076,1909f56bfc062723c751e8b465ee728b)
Start importing Assets/Art/Image (968).png using Guid(24214f7eadab5754994678b0e10bf1ab) Importer(815301076,1909f56bfc062723c751e8b465ee728b) (PreviewImporter) -> (artifact id: '0e5d30403c7b9fee5bc7ebb7b365ff52') in 0.1151465 seconds
Number of updated asset objects reloaded before import = 0Number of asset objects unloaded after import = 3

========================================================================
Received Import Request.
  Time since last request: 0.000019 seconds.
  path: Assets/Art/Image (949).png
  artifactKey: Guid(7a5ee6a3ea6d2d84199ffc626f5bf45d) Importer(815301076,1909f56bfc062723c751e8b465ee728b)
Start importing Assets/Art/Image (949).png using Guid(7a5ee6a3ea6d2d84199ffc626f5bf45d) Importer(815301076,1909f56bfc062723c751e8b465ee728b) (PreviewImporter) -> (artifact id: '55c9b2b99314120f974c46d13471cc32') in 0.036034 seconds
Number of updated asset objects reloaded before import = 0Number of asset objects unloaded after import = 3

========================================================================
Received Import Request.
  Time since last request: 0.000031 seconds.
  path: Assets/Art/Image (955).png
  artifactKey: Guid(95966593a92213143a2f85f64dd21cc4) Importer(815301076,1909f56bfc062723c751e8b465ee728b)
Start importing Assets/Art/Image (955).png using Guid(95966593a92213143a2f85f64dd21cc4) Importer(815301076,1909f56bfc062723c751e8b465ee728b) (PreviewImporter) -> (artifact id: '3e5394bdc424e50c790302fd2d431b38') in 0.0414947 seconds
Number of updated asset objects reloaded before import = 0Number of asset objects unloaded after import = 3

========================================================================
Received Import Request.
  Time since last request: 0.000016 seconds.
  path: Assets/Art/Image (948).png
  artifactKey: Guid(2a65248b77eed9749b3b9b872d369d4e) Importer(815301076,1909f56bfc062723c751e8b465ee728b)
Start importing Assets/Art/Image (948).png using Guid(2a65248b77eed9749b3b9b872d369d4e) Importer(815301076,1909f56bfc062723c751e8b465ee728b) (PreviewImporter) -> (artifact id: '041dc33a7036a9a398eaf501cf85d582') in 0.0307986 seconds
Number of updated asset objects reloaded before import = 0Number of asset objects unloaded after import = 3

========================================================================
Received Import Request.
  Time since last request: 0.000015 seconds.
  path: Assets/Art/Image (932).png
  artifactKey: Guid(d0cbc0745ad494f4f8eb5e1656748a3e) Importer(815301076,1909f56bfc062723c751e8b465ee728b)
Start importing Assets/Art/Image (932).png using Guid(d0cbc0745ad494f4f8eb5e1656748a3e) Importer(815301076,1909f56bfc062723c751e8b465ee728b) (PreviewImporter) -> (artifact id: '08dd78eb34839448523e3b45111a1384') in 0.0336131 seconds
Number of updated asset objects reloaded before import = 0Number of asset objects unloaded after import = 3

========================================================================
Received Import Request.
  Time since last request: 0.000016 seconds.
  path: Assets/Art/Image (930).png
  artifactKey: Guid(8b6cfb38f78a2134fabf8203a50aefc8) Importer(815301076,1909f56bfc062723c751e8b465ee728b)
Start importing Assets/Art/Image (930).png using Guid(8b6cfb38f78a2134fabf8203a50aefc8) Importer(815301076,1909f56bfc062723c751e8b465ee728b) (PreviewImporter) -> (artifact id: '028e406cee1be4053311a28207b22f37') in 0.0234453 seconds
Number of updated asset objects reloaded before import = 0Number of asset objects unloaded after import = 3

========================================================================
Received Import Request.
  Time since last request: 0.000018 seconds.
  path: Assets/Art/Image (933).png
  artifactKey: Guid(40d440c6ff02b55478b1a831283395d3) Importer(815301076,1909f56bfc062723c751e8b465ee728b)
Start importing Assets/Art/Image (933).png using Guid(40d440c6ff02b55478b1a831283395d3) Importer(815301076,1909f56bfc062723c751e8b465ee728b) (PreviewImporter) -> (artifact id: 'f1e972890095a362cd8537012951cfb5') in 0.0248536 seconds
Number of updated asset objects reloaded before import = 0Number of asset objects unloaded after import = 3

========================================================================
Received Import Request.
  Time since last request: 0.000066 seconds.
  path: Assets/Art/Image (942).png
  artifactKey: Guid(0d83e0dc97a667a45b0484c7901d1ed4) Importer(815301076,1909f56bfc062723c751e8b465ee728b)
Start importing Assets/Art/Image (942).png using Guid(0d83e0dc97a667a45b0484c7901d1ed4) Importer(815301076,1909f56bfc062723c751e8b465ee728b) (PreviewImporter) -> (artifact id: '95734e518ad8ff2e26d7631858a47302') in 0.0314438 seconds
Number of updated asset objects reloaded before import = 0Number of asset objects unloaded after import = 3

========================================================================
Received Import Request.
  Time since last request: 0.000016 seconds.
  path: Assets/Art/Image (947).png
  artifactKey: Guid(22edeb6ce49d6d143acac4208b604e26) Importer(815301076,1909f56bfc062723c751e8b465ee728b)
Start importing Assets/Art/Image (947).png using Guid(22edeb6ce49d6d143acac4208b604e26) Importer(815301076,1909f56bfc062723c751e8b465ee728b) (PreviewImporter) -> (artifact id: '276e6b6568a7b6be88c97240a7e1ed05') in 0.0256049 seconds
Number of updated asset objects reloaded before import = 0Number of asset objects unloaded after import = 3

========================================================================
Received Import Request.
  Time since last request: 0.000014 seconds.
  path: Assets/Art/Image (965).png
  artifactKey: Guid(177661e0755d89949b20c01bfd2c50a8) Importer(815301076,1909f56bfc062723c751e8b465ee728b)
Start importing Assets/Art/Image (965).png using Guid(177661e0755d89949b20c01bfd2c50a8) Importer(815301076,1909f56bfc062723c751e8b465ee728b) (PreviewImporter) -> (artifact id: '5b360d25e62bd1c256eb17aacd0192c1') in 0.0230874 seconds
Number of updated asset objects reloaded before import = 0Number of asset objects unloaded after import = 3

========================================================================
Received Import Request.
  Time since last request: 0.000020 seconds.
  path: Assets/Art/Image (946).png
  artifactKey: Guid(2ff635f1f20674745b5d5f896416b243) Importer(815301076,1909f56bfc062723c751e8b465ee728b)
Start importing Assets/Art/Image (946).png using Guid(2ff635f1f20674745b5d5f896416b243) Importer(815301076,1909f56bfc062723c751e8b465ee728b) (PreviewImporter) -> (artifact id: 'a2a319572448ccf958527400dcb79310') in 0.0247414 seconds
Number of updated asset objects reloaded before import = 0Number of asset objects unloaded after import = 3

========================================================================
Received Import Request.
  Time since last request: 0.000014 seconds.
  path: Assets/Art/Image (921).png
  artifactKey: Guid(b30603ce663957a4db1be07347b411ea) Importer(815301076,1909f56bfc062723c751e8b465ee728b)
Start importing Assets/Art/Image (921).png using Guid(b30603ce663957a4db1be07347b411ea) Importer(815301076,1909f56bfc062723c751e8b465ee728b) (PreviewImporter) -> (artifact id: '6b301452b0bca05095fb5d127df8376d') in 0.0263135 seconds
Number of updated asset objects reloaded before import = 0Number of asset objects unloaded after import = 3

========================================================================
Received Import Request.
  Time since last request: 0.000019 seconds.
  path: Assets/Art/Image (943).png
  artifactKey: Guid(de26750c56e742945a033741323ea826) Importer(815301076,1909f56bfc062723c751e8b465ee728b)
Start importing Assets/Art/Image (943).png using Guid(de26750c56e742945a033741323ea826) Importer(815301076,1909f56bfc062723c751e8b465ee728b) (PreviewImporter) -> (artifact id: '02bd3a8777f2cce3ba595fcd8a393b3c') in 0.0227091 seconds
Number of updated asset objects reloaded before import = 0Number of asset objects unloaded after import = 3

========================================================================
Received Import Request.
  Time since last request: 0.686361 seconds.
  path: Assets/Art/Image (918).png
  artifactKey: Guid(fe610fbe56c7c144b9a8f59298e6b3b4) Importer(815301076,1909f56bfc062723c751e8b465ee728b)
Start importing Assets/Art/Image (918).png using Guid(fe610fbe56c7c144b9a8f59298e6b3b4) Importer(815301076,1909f56bfc062723c751e8b465ee728b) (PreviewImporter) -> (artifact id: 'a67f680a826bea19a452df35803e641a') in 0.0266016 seconds
Number of updated asset objects reloaded before import = 0Number of asset objects unloaded after import = 3

========================================================================
Received Import Request.
  Time since last request: 0.000022 seconds.
  path: Assets/Art/Image (889).png
  artifactKey: Guid(76764eb1e6e9d8d4c8fbb70934bd930b) Importer(815301076,1909f56bfc062723c751e8b465ee728b)
Start importing Assets/Art/Image (889).png using Guid(76764eb1e6e9d8d4c8fbb70934bd930b) Importer(815301076,1909f56bfc062723c751e8b465ee728b) (PreviewImporter) -> (artifact id: 'c56017f39652a6fc470cb0ec761dd84e') in 0.024304 seconds
Number of updated asset objects reloaded before import = 0Number of asset objects unloaded after import = 3

========================================================================
Received Import Request.
  Time since last request: 0.000013 seconds.
  path: Assets/Art/Image (909).png
  artifactKey: Guid(671e1419a3034544ba05f66e55d625f4) Importer(815301076,1909f56bfc062723c751e8b465ee728b)
Start importing Assets/Art/Image (909).png using Guid(671e1419a3034544ba05f66e55d625f4) Importer(815301076,1909f56bfc062723c751e8b465ee728b) (PreviewImporter) -> (artifact id: '1f4fb3778a693734137e0125830a2865') in 0.0265895 seconds
Number of updated asset objects reloaded before import = 0Number of asset objects unloaded after import = 3

========================================================================
Received Import Request.
  Time since last request: 0.000016 seconds.
  path: Assets/Art/Image (795).png
  artifactKey: Guid(e6be24d9de03e6148828c0ca45db0936) Importer(815301076,1909f56bfc062723c751e8b465ee728b)
Start importing Assets/Art/Image (795).png using Guid(e6be24d9de03e6148828c0ca45db0936) Importer(815301076,1909f56bfc062723c751e8b465ee728b) (PreviewImporter) -> (artifact id: '8f5c805c6d9f3fb58579a8ad03a85b20') in 0.0245573 seconds
Number of updated asset objects reloaded before import = 0Number of asset objects unloaded after import = 3

========================================================================
Received Import Request.
  Time since last request: 0.000021 seconds.
  path: Assets/Art/Image (678).png
  artifactKey: Guid(d344daec8853bdf458abfae1b1d52ebc) Importer(815301076,1909f56bfc062723c751e8b465ee728b)
Start importing Assets/Art/Image (678).png using Guid(d344daec8853bdf458abfae1b1d52ebc) Importer(815301076,1909f56bfc062723c751e8b465ee728b) (PreviewImporter) -> (artifact id: '2dcd2b1b147aeedabe20d9cfe8316318') in 0.026717 seconds
Number of updated asset objects reloaded before import = 0Number of asset objects unloaded after import = 3

========================================================================
Received Import Request.
  Time since last request: 0.000015 seconds.
  path: Assets/Art/Image (418).png
  artifactKey: Guid(2d31d0bd238604546b2822f4eca2da62) Importer(815301076,1909f56bfc062723c751e8b465ee728b)
Start importing Assets/Art/Image (418).png using Guid(2d31d0bd238604546b2822f4eca2da62) Importer(815301076,1909f56bfc062723c751e8b465ee728b) (PreviewImporter) -> (artifact id: '6266c261bbc9c1b27b0233583a9d6702') in 0.0258503 seconds
Number of updated asset objects reloaded before import = 0Number of asset objects unloaded after import = 3

========================================================================
Received Import Request.
  Time since last request: 0.000018 seconds.
  path: Assets/Art/Image (892).png
  artifactKey: Guid(98c64ff40dffa3c41bc6d42585d42f01) Importer(815301076,1909f56bfc062723c751e8b465ee728b)
Start importing Assets/Art/Image (892).png using Guid(98c64ff40dffa3c41bc6d42585d42f01) Importer(815301076,1909f56bfc062723c751e8b465ee728b) (PreviewImporter) -> (artifact id: '30c8e9919a65c8b21ba0dd98ffffad1c') in 0.026949 seconds
Number of updated asset objects reloaded before import = 0Number of asset objects unloaded after import = 3

========================================================================
Received Import Request.
  Time since last request: 0.000016 seconds.
  path: Assets/Art/Image (908).png
  artifactKey: Guid(16a5e2d17f77389468a10484b0f54441) Importer(815301076,1909f56bfc062723c751e8b465ee728b)
Start importing Assets/Art/Image (908).png using Guid(16a5e2d17f77389468a10484b0f54441) Importer(815301076,1909f56bfc062723c751e8b465ee728b) (PreviewImporter) -> (artifact id: '78199969063353875e18740411257851') in 0.0325769 seconds
Number of updated asset objects reloaded before import = 0Number of asset objects unloaded after import = 3

========================================================================
Received Import Request.
  Time since last request: 0.000027 seconds.
  path: Assets/Art/Image (901).png
  artifactKey: Guid(66ba95d7af78989479f4eecb9e4f5f16) Importer(815301076,1909f56bfc062723c751e8b465ee728b)
Start importing Assets/Art/Image (901).png using Guid(66ba95d7af78989479f4eecb9e4f5f16) Importer(815301076,1909f56bfc062723c751e8b465ee728b) (PreviewImporter) -> (artifact id: 'aae4a75c450c169a151668e90cb56b42') in 0.0290387 seconds
Number of updated asset objects reloaded before import = 0Number of asset objects unloaded after import = 3

========================================================================
Received Import Request.
  Time since last request: 0.000030 seconds.
  path: Assets/Art/Image (419).png
  artifactKey: Guid(2a993c01fb1214e46a1f12f8f693407d) Importer(815301076,1909f56bfc062723c751e8b465ee728b)
Start importing Assets/Art/Image (419).png using Guid(2a993c01fb1214e46a1f12f8f693407d) Importer(815301076,1909f56bfc062723c751e8b465ee728b) (PreviewImporter) -> (artifact id: '1e18de41eb95eb046dde895700a29fa7') in 0.024882 seconds
Number of updated asset objects reloaded before import = 0Number of asset objects unloaded after import = 3

========================================================================
Received Import Request.
  Time since last request: 0.000021 seconds.
  path: Assets/Art/Image (888).png
  artifactKey: Guid(a196de710024fab429f6c74d7ce8783b) Importer(815301076,1909f56bfc062723c751e8b465ee728b)
Start importing Assets/Art/Image (888).png using Guid(a196de710024fab429f6c74d7ce8783b) Importer(815301076,1909f56bfc062723c751e8b465ee728b) (PreviewImporter) -> (artifact id: '3ba45e3ce42740fa05c11201f04517b4') in 0.028485 seconds
Number of updated asset objects reloaded before import = 0Number of asset objects unloaded after import = 3

========================================================================
Received Import Request.
  Time since last request: 0.000022 seconds.
  path: Assets/Art/Image (422).png
  artifactKey: Guid(4db82066b28e4d449aac4f33c8b36369) Importer(815301076,1909f56bfc062723c751e8b465ee728b)
Start importing Assets/Art/Image (422).png using Guid(4db82066b28e4d449aac4f33c8b36369) Importer(815301076,1909f56bfc062723c751e8b465ee728b) (PreviewImporter) -> (artifact id: '1b08d7a8bc53bb8ffc9c00b972ff861b') in 0.02439 seconds
Number of updated asset objects reloaded before import = 0Number of asset objects unloaded after import = 3

========================================================================
Received Import Request.
  Time since last request: 0.000021 seconds.
  path: Assets/Art/Image (413).png
  artifactKey: Guid(9f52dc6f1dda64241a7e55d45f80404b) Importer(815301076,1909f56bfc062723c751e8b465ee728b)
Start importing Assets/Art/Image (413).png using Guid(9f52dc6f1dda64241a7e55d45f80404b) Importer(815301076,1909f56bfc062723c751e8b465ee728b) (PreviewImporter) -> (artifact id: '573e4be3e4c7f9841d7d733dcf84862d') in 0.0235417 seconds
Number of updated asset objects reloaded before import = 0Number of asset objects unloaded after import = 3

========================================================================
Received Import Request.
  Time since last request: 0.000013 seconds.
  path: Assets/Art/Image (679).png
  artifactKey: Guid(9796938bf89945648b0ec7664051a347) Importer(815301076,1909f56bfc062723c751e8b465ee728b)
Start importing Assets/Art/Image (679).png using Guid(9796938bf89945648b0ec7664051a347) Importer(815301076,1909f56bfc062723c751e8b465ee728b) (PreviewImporter) -> (artifact id: '23f27203f0d0efc408530b8a1f67f843') in 0.02268 seconds
Number of updated asset objects reloaded before import = 0Number of asset objects unloaded after import = 3

========================================================================
Received Import Request.
  Time since last request: 0.000021 seconds.
  path: Assets/Art/Image (773).png
  artifactKey: Guid(07e6ef13a152abc4884bee930dfbc738) Importer(815301076,1909f56bfc062723c751e8b465ee728b)
Start importing Assets/Art/Image (773).png using Guid(07e6ef13a152abc4884bee930dfbc738) Importer(815301076,1909f56bfc062723c751e8b465ee728b) (PreviewImporter) -> (artifact id: 'b2fbafa9decc04ae372eab9b6a84a64f') in 0.0254439 seconds
Number of updated asset objects reloaded before import = 0Number of asset objects unloaded after import = 3

========================================================================
Received Import Request.
  Time since last request: 0.000019 seconds.
  path: Assets/Art/Image (789).png
  artifactKey: Guid(65abb005324d4e742a91eb26c0920852) Importer(815301076,1909f56bfc062723c751e8b465ee728b)
Start importing Assets/Art/Image (789).png using Guid(65abb005324d4e742a91eb26c0920852) Importer(815301076,1909f56bfc062723c751e8b465ee728b) (PreviewImporter) -> (artifact id: 'dc68950263d672c78ea1f10c25d92688') in 0.0289114 seconds
Number of updated asset objects reloaded before import = 0Number of asset objects unloaded after import = 3

========================================================================
Received Import Request.
  Time since last request: 0.000012 seconds.
  path: Assets/Art/Image (886).png
  artifactKey: Guid(f704ef5d22f33e444aca664dfad63fbd) Importer(815301076,1909f56bfc062723c751e8b465ee728b)
Start importing Assets/Art/Image (886).png using Guid(f704ef5d22f33e444aca664dfad63fbd) Importer(815301076,1909f56bfc062723c751e8b465ee728b) (PreviewImporter) -> (artifact id: 'dd66b18773a8f9919fe58643da6c5cd6') in 0.0264498 seconds
Number of updated asset objects reloaded before import = 0Number of asset objects unloaded after import = 3

========================================================================
Received Import Request.
  Time since last request: 0.000019 seconds.
  path: Assets/Art/Image (904).png
  artifactKey: Guid(e19507e9c2462b14c859bf6954d0b598) Importer(815301076,1909f56bfc062723c751e8b465ee728b)
Start importing Assets/Art/Image (904).png using Guid(e19507e9c2462b14c859bf6954d0b598) Importer(815301076,1909f56bfc062723c751e8b465ee728b) (PreviewImporter) -> (artifact id: '6e50f672e887931bbcfb459d9d68c740') in 0.0247655 seconds
Number of updated asset objects reloaded before import = 0Number of asset objects unloaded after import = 3

========================================================================
Received Import Request.
  Time since last request: 0.000020 seconds.
  path: Assets/Art/Image (770).png
  artifactKey: Guid(fb236c1fa29898045a2ea7c6aa2f19a0) Importer(815301076,1909f56bfc062723c751e8b465ee728b)
Start importing Assets/Art/Image (770).png using Guid(fb236c1fa29898045a2ea7c6aa2f19a0) Importer(815301076,1909f56bfc062723c751e8b465ee728b) (PreviewImporter) -> (artifact id: '7dff519b84cb3a3f22b0420f8afa7745') in 0.0243759 seconds
Number of updated asset objects reloaded before import = 0Number of asset objects unloaded after import = 3

========================================================================
Received Import Request.
  Time since last request: 0.000017 seconds.
  path: Assets/Art/Image (673).png
  artifactKey: Guid(072b1e5370a535e42940ac123ad6fdd2) Importer(815301076,1909f56bfc062723c751e8b465ee728b)
Start importing Assets/Art/Image (673).png using Guid(072b1e5370a535e42940ac123ad6fdd2) Importer(815301076,1909f56bfc062723c751e8b465ee728b) (PreviewImporter) -> (artifact id: '02155f7dc82d86b13be28d157a2e1b52') in 0.0302923 seconds
Number of updated asset objects reloaded before import = 0Number of asset objects unloaded after import = 3

========================================================================
Received Import Request.
  Time since last request: 0.000016 seconds.
  path: Assets/Art/Image (396).png
  artifactKey: Guid(977d861f6e93f02458cb3d5b4a4c1617) Importer(815301076,1909f56bfc062723c751e8b465ee728b)
Start importing Assets/Art/Image (396).png using Guid(977d861f6e93f02458cb3d5b4a4c1617) Importer(815301076,1909f56bfc062723c751e8b465ee728b) (PreviewImporter) -> (artifact id: '536b564f5c93d0d91b2424f0e512ab43') in 0.0248948 seconds
Number of updated asset objects reloaded before import = 0Number of asset objects unloaded after import = 3

========================================================================
Received Import Request.
  Time since last request: 0.000020 seconds.
  path: Assets/Art/Image (399).png
  artifactKey: Guid(597d97b5370467148a04722e6d4daf63) Importer(815301076,1909f56bfc062723c751e8b465ee728b)
Start importing Assets/Art/Image (399).png using Guid(597d97b5370467148a04722e6d4daf63) Importer(815301076,1909f56bfc062723c751e8b465ee728b) (PreviewImporter) -> (artifact id: '4b40b1716b02350bad5b52d27f8fa628') in 0.0246221 seconds
Number of updated asset objects reloaded before import = 0Number of asset objects unloaded after import = 3

========================================================================
Received Import Request.
  Time since last request: 0.000050 seconds.
  path: Assets/Art/Image (416).png
  artifactKey: Guid(fc51aadbcc4072949b681dda4edc1fb3) Importer(815301076,1909f56bfc062723c751e8b465ee728b)
Start importing Assets/Art/Image (416).png using Guid(fc51aadbcc4072949b681dda4edc1fb3) Importer(815301076,1909f56bfc062723c751e8b465ee728b) (PreviewImporter) -> (artifact id: 'b973243291a27115398a6725accf949c') in 0.0243508 seconds
Number of updated asset objects reloaded before import = 0Number of asset objects unloaded after import = 3

========================================================================
Received Import Request.
  Time since last request: 0.000020 seconds.
  path: Assets/Art/Image (906).png
  artifactKey: Guid(77560ba4d658e5e4eab98797fbfa7478) Importer(815301076,1909f56bfc062723c751e8b465ee728b)
Start importing Assets/Art/Image (906).png using Guid(77560ba4d658e5e4eab98797fbfa7478) Importer(815301076,1909f56bfc062723c751e8b465ee728b) (PreviewImporter) -> (artifact id: '92e416d476ecc7fa27046e22e0d67252') in 0.0227994 seconds
Number of updated asset objects reloaded before import = 0Number of asset objects unloaded after import = 3

========================================================================
Received Import Request.
  Time since last request: 0.000016 seconds.
  path: Assets/Art/Image (791).png
  artifactKey: Guid(5939a1a9ab3655d4e8373c35e67def7b) Importer(815301076,1909f56bfc062723c751e8b465ee728b)
Start importing Assets/Art/Image (791).png using Guid(5939a1a9ab3655d4e8373c35e67def7b) Importer(815301076,1909f56bfc062723c751e8b465ee728b) (PreviewImporter) -> (artifact id: '0c0f5cc771e97dda4042ea70af5e0d61') in 0.0231876 seconds
Number of updated asset objects reloaded before import = 0Number of asset objects unloaded after import = 3

========================================================================
Received Import Request.
  Time since last request: 0.000019 seconds.
  path: Assets/Art/Image (777).png
  artifactKey: Guid(cb64485f6d43b364eb91a0a869e1ad03) Importer(815301076,1909f56bfc062723c751e8b465ee728b)
Start importing Assets/Art/Image (777).png using Guid(cb64485f6d43b364eb91a0a869e1ad03) Importer(815301076,1909f56bfc062723c751e8b465ee728b) (PreviewImporter) -> (artifact id: 'ad8f63637e9bf17c31a839e9adbf7090') in 0.024168 seconds
Number of updated asset objects reloaded before import = 0Number of asset objects unloaded after import = 3

========================================================================
Received Import Request.
  Time since last request: 0.000021 seconds.
  path: Assets/Art/Image (902).png
  artifactKey: Guid(2a630fe0ba57957469da260b1c0194bb) Importer(815301076,1909f56bfc062723c751e8b465ee728b)
Start importing Assets/Art/Image (902).png using Guid(2a630fe0ba57957469da260b1c0194bb) Importer(815301076,1909f56bfc062723c751e8b465ee728b) (PreviewImporter) -> (artifact id: '533b72d8d7933d4676f3cd7283ed0fe2') in 0.026248 seconds
Number of updated asset objects reloaded before import = 0Number of asset objects unloaded after import = 3

========================================================================
Received Import Request.
  Time since last request: 0.000036 seconds.
  path: Assets/Art/Image (513).png
  artifactKey: Guid(1881de34939f37e43b2ead2b45e68ed7) Importer(815301076,1909f56bfc062723c751e8b465ee728b)
Start importing Assets/Art/Image (513).png using Guid(1881de34939f37e43b2ead2b45e68ed7) Importer(815301076,1909f56bfc062723c751e8b465ee728b) (PreviewImporter) -> (artifact id: '0a544dce38449c404c67a7a594e2682f') in 0.027145 seconds
Number of updated asset objects reloaded before import = 0Number of asset objects unloaded after import = 3

========================================================================
Received Import Request.
  Time since last request: 0.000015 seconds.
  path: Assets/Art/Image (790).png
  artifactKey: Guid(a16b884d03a06f747965ae5fb65105ac) Importer(815301076,1909f56bfc062723c751e8b465ee728b)
Start importing Assets/Art/Image (790).png using Guid(a16b884d03a06f747965ae5fb65105ac) Importer(815301076,1909f56bfc062723c751e8b465ee728b) (PreviewImporter) -> (artifact id: '5140831207bc5fae5604b6850f568c8b') in 0.0261887 seconds
Number of updated asset objects reloaded before import = 0Number of asset objects unloaded after import = 3

========================================================================
Received Import Request.
  Time since last request: 0.000021 seconds.
  path: Assets/Art/Image (767).png
  artifactKey: Guid(7e3e51678301bcb4ebf515f5c397ba0d) Importer(815301076,1909f56bfc062723c751e8b465ee728b)
Start importing Assets/Art/Image (767).png using Guid(7e3e51678301bcb4ebf515f5c397ba0d) Importer(815301076,1909f56bfc062723c751e8b465ee728b) (PreviewImporter) -> (artifact id: 'd3dc0826a8b6e0f3720ebb84649c6540') in 0.0267303 seconds
Number of updated asset objects reloaded before import = 0Number of asset objects unloaded after import = 3

========================================================================
Received Import Request.
  Time since last request: 0.000021 seconds.
  path: Assets/Art/Image (910).png
  artifactKey: Guid(890f8cfe19a2a284e95342af88052f1f) Importer(815301076,1909f56bfc062723c751e8b465ee728b)
Start importing Assets/Art/Image (910).png using Guid(890f8cfe19a2a284e95342af88052f1f) Importer(815301076,1909f56bfc062723c751e8b465ee728b) (PreviewImporter) -> (artifact id: 'bf369d401390f27b446ff3cdb53f63eb') in 0.0308344 seconds
Number of updated asset objects reloaded before import = 0Number of asset objects unloaded after import = 3

========================================================================
Received Import Request.
  Time since last request: 9.873779 seconds.
  path: Assets/Art/Image (305).png
  artifactKey: Guid(5127596782425904686352ab41b057a3) Importer(815301076,1909f56bfc062723c751e8b465ee728b)
Start importing Assets/Art/Image (305).png using Guid(5127596782425904686352ab41b057a3) Importer(815301076,1909f56bfc062723c751e8b465ee728b) (PreviewImporter) -> (artifact id: '7acc6314dd3c5de062e2a0f4ffdc0d93') in 0.06684 seconds
Number of updated asset objects reloaded before import = 0Number of asset objects unloaded after import = 3

========================================================================
Received Import Request.
  Time since last request: 0.000015 seconds.
  path: Assets/Art/Image (487).png
  artifactKey: Guid(42e026e4ad9ae0e4993e459a9643793d) Importer(815301076,1909f56bfc062723c751e8b465ee728b)
Start importing Assets/Art/Image (487).png using Guid(42e026e4ad9ae0e4993e459a9643793d) Importer(815301076,1909f56bfc062723c751e8b465ee728b) (PreviewImporter) -> (artifact id: '974fd0e3475ac7ee8623a123b3a8eb85') in 0.1142723 seconds
Number of updated asset objects reloaded before import = 0Number of asset objects unloaded after import = 3

========================================================================
Received Import Request.
  Time since last request: 0.000020 seconds.
  path: Assets/Art/Image (505).png
  artifactKey: Guid(d834256979420b84587c8a8fdcbd41d8) Importer(815301076,1909f56bfc062723c751e8b465ee728b)
Start importing Assets/Art/Image (505).png using Guid(d834256979420b84587c8a8fdcbd41d8) Importer(815301076,1909f56bfc062723c751e8b465ee728b) (PreviewImporter) -> (artifact id: '53f05dd40b9c5f1b5b958e4ad4ee899b') in 0.0430499 seconds
Number of updated asset objects reloaded before import = 0Number of asset objects unloaded after import = 3

========================================================================
Received Import Request.
  Time since last request: 0.000019 seconds.
  path: Assets/Art/Image (326).png
  artifactKey: Guid(0030c22559a058b47b38499c4d0ae2fb) Importer(815301076,1909f56bfc062723c751e8b465ee728b)
Start importing Assets/Art/Image (326).png using Guid(0030c22559a058b47b38499c4d0ae2fb) Importer(815301076,1909f56bfc062723c751e8b465ee728b) (PreviewImporter) -> (artifact id: '38f89918cc341427f35b05b19ce24ec6') in 0.0243759 seconds
Number of updated asset objects reloaded before import = 0Number of asset objects unloaded after import = 3

========================================================================
Received Import Request.
  Time since last request: 0.000011 seconds.
  path: Assets/Art/Image (1236).png
  artifactKey: Guid(2f856198e1c50e04f98798821fea299a) Importer(815301076,1909f56bfc062723c751e8b465ee728b)
Start importing Assets/Art/Image (1236).png using Guid(2f856198e1c50e04f98798821fea299a) Importer(815301076,1909f56bfc062723c751e8b465ee728b) (PreviewImporter) -> (artifact id: '4fdd3f7632528cf2f416148c889e26ea') in 0.0277147 seconds
Number of updated asset objects reloaded before import = 0Number of asset objects unloaded after import = 3

========================================================================
Received Import Request.
  Time since last request: 0.000016 seconds.
  path: Assets/Art/Image (1077).png
  artifactKey: Guid(1bc409e1cb8ab3746bd70d1c9b435b83) Importer(815301076,1909f56bfc062723c751e8b465ee728b)
Start importing Assets/Art/Image (1077).png using Guid(1bc409e1cb8ab3746bd70d1c9b435b83) Importer(815301076,1909f56bfc062723c751e8b465ee728b) (PreviewImporter) -> (artifact id: 'e92d629e8568ab4596e6b936e16c78be') in 0.0239632 seconds
Number of updated asset objects reloaded before import = 0Number of asset objects unloaded after import = 3

========================================================================
Received Import Request.
  Time since last request: 0.000019 seconds.
  path: Assets/Art/Image (1311).png
  artifactKey: Guid(76bf59acf03aa6643b5656864f702364) Importer(815301076,1909f56bfc062723c751e8b465ee728b)
Start importing Assets/Art/Image (1311).png using Guid(76bf59acf03aa6643b5656864f702364) Importer(815301076,1909f56bfc062723c751e8b465ee728b) (PreviewImporter) -> (artifact id: '0b891218ea842c2cfd671c77c67b3dbd') in 0.0238988 seconds
Number of updated asset objects reloaded before import = 0Number of asset objects unloaded after import = 3

========================================================================
Received Import Request.
  Time since last request: 0.000022 seconds.
  path: Assets/Art/Image (500).png
  artifactKey: Guid(eda96cc9a9b554045ab2c4d9a8daf5c4) Importer(815301076,1909f56bfc062723c751e8b465ee728b)
Start importing Assets/Art/Image (500).png using Guid(eda96cc9a9b554045ab2c4d9a8daf5c4) Importer(815301076,1909f56bfc062723c751e8b465ee728b) (PreviewImporter) -> (artifact id: 'd04b60d5570eccf968e191af27d6dc3c') in 0.0268325 seconds
Number of updated asset objects reloaded before import = 0Number of asset objects unloaded after import = 3

========================================================================
Received Import Request.
  Time since last request: 0.000022 seconds.
  path: Assets/Art/Image (1280).png
  artifactKey: Guid(ea9ff31c416003b44818f8a0441e5e13) Importer(815301076,1909f56bfc062723c751e8b465ee728b)
Start importing Assets/Art/Image (1280).png using Guid(ea9ff31c416003b44818f8a0441e5e13) Importer(815301076,1909f56bfc062723c751e8b465ee728b) (PreviewImporter) -> (artifact id: '53fd2dbfb5322048da5fe2b563c76fcc') in 0.0275953 seconds
Number of updated asset objects reloaded before import = 0Number of asset objects unloaded after import = 3

========================================================================
Received Import Request.
  Time since last request: 0.000022 seconds.
  path: Assets/Art/Image (1429).png
  artifactKey: Guid(d54f30a73a73c734fa1bcf100202c61d) Importer(815301076,1909f56bfc062723c751e8b465ee728b)
Start importing Assets/Art/Image (1429).png using Guid(d54f30a73a73c734fa1bcf100202c61d) Importer(815301076,1909f56bfc062723c751e8b465ee728b) (PreviewImporter) -> (artifact id: '84e0752fdeace2e8544f9c89e85e01c0') in 0.0275421 seconds
Number of updated asset objects reloaded before import = 0Number of asset objects unloaded after import = 3

========================================================================
Received Import Request.
  Time since last request: 0.000013 seconds.
  path: Assets/Art/Image (1437).png
  artifactKey: Guid(bd3da8f497df7844fbc9072becc48ac1) Importer(815301076,1909f56bfc062723c751e8b465ee728b)
Start importing Assets/Art/Image (1437).png using Guid(bd3da8f497df7844fbc9072becc48ac1) Importer(815301076,1909f56bfc062723c751e8b465ee728b) (PreviewImporter) -> (artifact id: '4e9455decda65b4ac767110fab134af9') in 0.0251481 seconds
Number of updated asset objects reloaded before import = 0Number of asset objects unloaded after import = 3

========================================================================
Received Import Request.
  Time since last request: 0.000018 seconds.
  path: Assets/Art/Image (1322).png
  artifactKey: Guid(713856cdf518a864a8985a187b892ba2) Importer(815301076,1909f56bfc062723c751e8b465ee728b)
Start importing Assets/Art/Image (1322).png using Guid(713856cdf518a864a8985a187b892ba2) Importer(815301076,1909f56bfc062723c751e8b465ee728b) (PreviewImporter) -> (artifact id: 'c4e8dff58906f979eeadd78ee336cd39') in 0.0249685 seconds
Number of updated asset objects reloaded before import = 0Number of asset objects unloaded after import = 3

========================================================================
Received Import Request.
  Time since last request: 0.000018 seconds.
  path: Assets/Art/Image (1423).png
  artifactKey: Guid(caceba668da1817498bbe028ef70e839) Importer(815301076,1909f56bfc062723c751e8b465ee728b)
Start importing Assets/Art/Image (1423).png using Guid(caceba668da1817498bbe028ef70e839) Importer(815301076,1909f56bfc062723c751e8b465ee728b) (PreviewImporter) -> (artifact id: 'e4e475038d7dd541a1cf0a40b815024c') in 0.0233093 seconds
Number of updated asset objects reloaded before import = 0Number of asset objects unloaded after import = 3

========================================================================
Received Import Request.
  Time since last request: 0.000015 seconds.
  path: Assets/Art/Image (732).png
  artifactKey: Guid(9856190c1d7ff5943a89a97b1367dde1) Importer(815301076,1909f56bfc062723c751e8b465ee728b)
Start importing Assets/Art/Image (732).png using Guid(9856190c1d7ff5943a89a97b1367dde1) Importer(815301076,1909f56bfc062723c751e8b465ee728b) (PreviewImporter) -> (artifact id: '7e3a31f0e39af81aac4fd2943cc5e254') in 0.0254511 seconds
Number of updated asset objects reloaded before import = 0Number of asset objects unloaded after import = 3

========================================================================
Received Import Request.
  Time since last request: 0.000018 seconds.
  path: Assets/Art/Image (1302).png
  artifactKey: Guid(acf0f3dd0630cd742a812a18d5f88aa5) Importer(815301076,1909f56bfc062723c751e8b465ee728b)
Start importing Assets/Art/Image (1302).png using Guid(acf0f3dd0630cd742a812a18d5f88aa5) Importer(815301076,1909f56bfc062723c751e8b465ee728b) (PreviewImporter) -> (artifact id: 'e5c65f5e7a2d35acf55e7da2b9bb6ae5') in 0.0296047 seconds
Number of updated asset objects reloaded before import = 0Number of asset objects unloaded after import = 3

========================================================================
Received Import Request.
  Time since last request: 0.000021 seconds.
  path: Assets/Art/Image (1463).png
  artifactKey: Guid(712be9890ea5a124ba5fdddefc9f4cc1) Importer(815301076,1909f56bfc062723c751e8b465ee728b)
Start importing Assets/Art/Image (1463).png using Guid(712be9890ea5a124ba5fdddefc9f4cc1) Importer(815301076,1909f56bfc062723c751e8b465ee728b) (PreviewImporter) -> (artifact id: 'cdc5e959709b2943351983056cc2ee4c') in 0.0245086 seconds
Number of updated asset objects reloaded before import = 0Number of asset objects unloaded after import = 3

========================================================================
Received Import Request.
  Time since last request: 0.000012 seconds.
  path: Assets/Art/Image (1366).png
  artifactKey: Guid(a038a2f0f88bc894ab7fcdd36a4b98cd) Importer(815301076,1909f56bfc062723c751e8b465ee728b)
Start importing Assets/Art/Image (1366).png using Guid(a038a2f0f88bc894ab7fcdd36a4b98cd) Importer(815301076,1909f56bfc062723c751e8b465ee728b) (PreviewImporter) -> (artifact id: '7ba53071550c919d080c8476a289652a') in 0.0319512 seconds
Number of updated asset objects reloaded before import = 0Number of asset objects unloaded after import = 3

========================================================================
Received Import Request.
  Time since last request: 0.000012 seconds.
  path: Assets/Art/Image (503).png
  artifactKey: Guid(3805598d938498241842e5dd6b1ac793) Importer(815301076,1909f56bfc062723c751e8b465ee728b)
Start importing Assets/Art/Image (503).png using Guid(3805598d938498241842e5dd6b1ac793) Importer(815301076,1909f56bfc062723c751e8b465ee728b) (PreviewImporter) -> (artifact id: 'bf63a0dc378c1689dbc7deb888843547') in 0.026215 seconds
Number of updated asset objects reloaded before import = 0Number of asset objects unloaded after import = 3

========================================================================
Received Import Request.
  Time since last request: 0.000016 seconds.
  path: Assets/Art/Image (1308).png
  artifactKey: Guid(558358ccd3ed8d34db6ef25594a89ae7) Importer(815301076,1909f56bfc062723c751e8b465ee728b)
Start importing Assets/Art/Image (1308).png using Guid(558358ccd3ed8d34db6ef25594a89ae7) Importer(815301076,1909f56bfc062723c751e8b465ee728b) (PreviewImporter) -> (artifact id: 'a8f95d68f627b0c78496ad63b9db9c41') in 0.0245139 seconds
Number of updated asset objects reloaded before import = 0Number of asset objects unloaded after import = 3

========================================================================
Received Import Request.
  Time since last request: 0.000015 seconds.
  path: Assets/Art/Image (1193).png
  artifactKey: Guid(7f932074641179c41a7dcb255d97c57c) Importer(815301076,1909f56bfc062723c751e8b465ee728b)
Start importing Assets/Art/Image (1193).png using Guid(7f932074641179c41a7dcb255d97c57c) Importer(815301076,1909f56bfc062723c751e8b465ee728b) (PreviewImporter) -> (artifact id: '7bee2c14bdaaedcb1751009a9328f0dd') in 0.0216922 seconds
Number of updated asset objects reloaded before import = 0Number of asset objects unloaded after import = 3

========================================================================
Received Import Request.
  Time since last request: 0.000015 seconds.
  path: Assets/Art/Image (1252).png
  artifactKey: Guid(3a4b2863030600149a5002e1f45a97a2) Importer(815301076,1909f56bfc062723c751e8b465ee728b)
Start importing Assets/Art/Image (1252).png using Guid(3a4b2863030600149a5002e1f45a97a2) Importer(815301076,1909f56bfc062723c751e8b465ee728b) (PreviewImporter) -> (artifact id: 'b2fbcd3b8644b3f64b898f0db89fc17d') in 0.0250312 seconds
Number of updated asset objects reloaded before import = 0Number of asset objects unloaded after import = 3

========================================================================
Received Import Request.
  Time since last request: 0.000027 seconds.
  path: Assets/Art/Image (1475).png
  artifactKey: Guid(b2c1f29da05320447823998e246cc8a2) Importer(815301076,1909f56bfc062723c751e8b465ee728b)
Start importing Assets/Art/Image (1475).png using Guid(b2c1f29da05320447823998e246cc8a2) Importer(815301076,1909f56bfc062723c751e8b465ee728b) (PreviewImporter) -> (artifact id: '28522f2f0810eaa7cea3034513971d33') in 0.0230225 seconds
Number of updated asset objects reloaded before import = 0Number of asset objects unloaded after import = 3

========================================================================
Received Import Request.
  Time since last request: 0.000017 seconds.
  path: Assets/Art/Image (1321).png
  artifactKey: Guid(95d6d83368582d84bbf42b848dc8e410) Importer(815301076,1909f56bfc062723c751e8b465ee728b)
Start importing Assets/Art/Image (1321).png using Guid(95d6d83368582d84bbf42b848dc8e410) Importer(815301076,1909f56bfc062723c751e8b465ee728b) (PreviewImporter) -> (artifact id: '6c83df230c0474df7c245c7f12ecb836') in 0.0219529 seconds
Number of updated asset objects reloaded before import = 0Number of asset objects unloaded after import = 3

========================================================================
Received Import Request.
  Time since last request: 0.000015 seconds.
  path: Assets/Art/Image (1265).png
  artifactKey: Guid(1f32890030067d74e9fc499b30d96828) Importer(815301076,1909f56bfc062723c751e8b465ee728b)
Start importing Assets/Art/Image (1265).png using Guid(1f32890030067d74e9fc499b30d96828) Importer(815301076,1909f56bfc062723c751e8b465ee728b) (PreviewImporter) -> (artifact id: '128bf2448755c68d94158228a757d98b') in 0.0216061 seconds
Number of updated asset objects reloaded before import = 0Number of asset objects unloaded after import = 3

========================================================================
Received Import Request.
  Time since last request: 0.000013 seconds.
  path: Assets/Art/Image (1396).png
  artifactKey: Guid(f37b74fa89d70f34db2ef7160af39a59) Importer(815301076,1909f56bfc062723c751e8b465ee728b)
Start importing Assets/Art/Image (1396).png using Guid(f37b74fa89d70f34db2ef7160af39a59) Importer(815301076,1909f56bfc062723c751e8b465ee728b) (PreviewImporter) -> (artifact id: '8e663f406587952b1b77ea90f1ea802e') in 0.0234782 seconds
Number of updated asset objects reloaded before import = 0Number of asset objects unloaded after import = 3

========================================================================
Received Import Request.
  Time since last request: 0.000017 seconds.
  path: Assets/Art/Image (725).png
  artifactKey: Guid(d90f0a0454c8534419f581b0e28497be) Importer(815301076,1909f56bfc062723c751e8b465ee728b)
Start importing Assets/Art/Image (725).png using Guid(d90f0a0454c8534419f581b0e28497be) Importer(815301076,1909f56bfc062723c751e8b465ee728b) (PreviewImporter) -> (artifact id: '14328eedfae8fccb3d97b32c4619dd33') in 0.0219179 seconds
Number of updated asset objects reloaded before import = 0Number of asset objects unloaded after import = 3

========================================================================
Received Import Request.
  Time since last request: 0.000024 seconds.
  path: Assets/Art/Image (734).png
  artifactKey: Guid(0adeb549c7a6bc1409ed1b458f41c4ee) Importer(815301076,1909f56bfc062723c751e8b465ee728b)
Start importing Assets/Art/Image (734).png using Guid(0adeb549c7a6bc1409ed1b458f41c4ee) Importer(815301076,1909f56bfc062723c751e8b465ee728b) (PreviewImporter) -> (artifact id: '2bd07fe76845a2ed28526879db27c2af') in 0.0274661 seconds
Number of updated asset objects reloaded before import = 0Number of asset objects unloaded after import = 3

========================================================================
Received Import Request.
  Time since last request: 0.000023 seconds.
  path: Assets/Art/Image (1259).png
  artifactKey: Guid(ba49820e0284ed448add1ee57184d6ac) Importer(815301076,1909f56bfc062723c751e8b465ee728b)
Start importing Assets/Art/Image (1259).png using Guid(ba49820e0284ed448add1ee57184d6ac) Importer(815301076,1909f56bfc062723c751e8b465ee728b) (PreviewImporter) -> (artifact id: 'c28d3cc8fdaf5ce2b19d2f13725d6068') in 0.0228086 seconds
Number of updated asset objects reloaded before import = 0Number of asset objects unloaded after import = 3

========================================================================
Received Import Request.
  Time since last request: 0.000013 seconds.
  path: Assets/Art/Image (1439).png
  artifactKey: Guid(402848cb09ee5bd4891ed282599aa158) Importer(815301076,1909f56bfc062723c751e8b465ee728b)
Start importing Assets/Art/Image (1439).png using Guid(402848cb09ee5bd4891ed282599aa158) Importer(815301076,1909f56bfc062723c751e8b465ee728b) (PreviewImporter) -> (artifact id: 'ab33cdc068f26c9ef9c36aea93e5e22d') in 0.0217502 seconds
Number of updated asset objects reloaded before import = 0Number of asset objects unloaded after import = 3

========================================================================
Received Import Request.
  Time since last request: 0.000013 seconds.
  path: Assets/Art/Image (1251).png
  artifactKey: Guid(369d6f28e17dd9347b1df374db33e6ec) Importer(815301076,1909f56bfc062723c751e8b465ee728b)
Start importing Assets/Art/Image (1251).png using Guid(369d6f28e17dd9347b1df374db33e6ec) Importer(815301076,1909f56bfc062723c751e8b465ee728b) (PreviewImporter) -> (artifact id: '7f23c6e86ba23b03fdc072512114b941') in 0.0234901 seconds
Number of updated asset objects reloaded before import = 0Number of asset objects unloaded after import = 3

========================================================================
Received Import Request.
  Time since last request: 0.000019 seconds.
  path: Assets/Art/Image (1255).png
  artifactKey: Guid(eadbd13be43f58f45833ac89666641e1) Importer(815301076,1909f56bfc062723c751e8b465ee728b)
Start importing Assets/Art/Image (1255).png using Guid(eadbd13be43f58f45833ac89666641e1) Importer(815301076,1909f56bfc062723c751e8b465ee728b) (PreviewImporter) -> (artifact id: '9d52384e2c304ef53d646e9779906b3f') in 0.0258204 seconds
Number of updated asset objects reloaded before import = 0Number of asset objects unloaded after import = 3

========================================================================
Received Import Request.
  Time since last request: 0.000015 seconds.
  path: Assets/Art/Image (1080).png
  artifactKey: Guid(cba5a6a6e5612e546a7e86ecd1d891f8) Importer(815301076,1909f56bfc062723c751e8b465ee728b)
Start importing Assets/Art/Image (1080).png using Guid(cba5a6a6e5612e546a7e86ecd1d891f8) Importer(815301076,1909f56bfc062723c751e8b465ee728b) (PreviewImporter) -> (artifact id: '89205a90cfe55c058ad84118b45df1eb') in 0.0270256 seconds
Number of updated asset objects reloaded before import = 0Number of asset objects unloaded after import = 3

========================================================================
Received Import Request.
  Time since last request: 0.000020 seconds.
  path: Assets/Art/Image (1281).png
  artifactKey: Guid(b34bdf6375e5ee2438f908b48c9bd221) Importer(815301076,1909f56bfc062723c751e8b465ee728b)
Start importing Assets/Art/Image (1281).png using Guid(b34bdf6375e5ee2438f908b48c9bd221) Importer(815301076,1909f56bfc062723c751e8b465ee728b) (PreviewImporter) -> (artifact id: 'abf732f1d38cc9b7a42fdc530cb8f46e') in 0.0253401 seconds
Number of updated asset objects reloaded before import = 0Number of asset objects unloaded after import = 3

========================================================================
Received Import Request.
  Time since last request: 0.000027 seconds.
  path: Assets/Art/Image (1476).png
  artifactKey: Guid(06b0dddeccc5fef48b229e9230fa4fe1) Importer(815301076,1909f56bfc062723c751e8b465ee728b)
Start importing Assets/Art/Image (1476).png using Guid(06b0dddeccc5fef48b229e9230fa4fe1) Importer(815301076,1909f56bfc062723c751e8b465ee728b) (PreviewImporter) -> (artifact id: 'd7088e1a46c2baf144f7440d9c0339a0') in 0.0249474 seconds
Number of updated asset objects reloaded before import = 0Number of asset objects unloaded after import = 3

========================================================================
Received Import Request.
  Time since last request: 0.000017 seconds.
  path: Assets/Art/Image (741).png
  artifactKey: Guid(08ed1e8a6cbdae747b8b6be26c047f49) Importer(815301076,1909f56bfc062723c751e8b465ee728b)
Start importing Assets/Art/Image (741).png using Guid(08ed1e8a6cbdae747b8b6be26c047f49) Importer(815301076,1909f56bfc062723c751e8b465ee728b) (PreviewImporter) -> (artifact id: '7875d256ebc0681c953ddf980425876a') in 0.0228649 seconds
Number of updated asset objects reloaded before import = 0Number of asset objects unloaded after import = 3

========================================================================
Received Import Request.
  Time since last request: 0.000015 seconds.
  path: Assets/Art/Image (1425).png
  artifactKey: Guid(e82b94f79edab064d9c58a086f8b0e80) Importer(815301076,1909f56bfc062723c751e8b465ee728b)
Start importing Assets/Art/Image (1425).png using Guid(e82b94f79edab064d9c58a086f8b0e80) Importer(815301076,1909f56bfc062723c751e8b465ee728b) (PreviewImporter) -> (artifact id: 'eb7d18eeffa478c738f807596679326b') in 0.0270908 seconds
Number of updated asset objects reloaded before import = 0Number of asset objects unloaded after import = 3

========================================================================
Received Import Request.
  Time since last request: 0.000019 seconds.
  path: Assets/Art/Image (1451).png
  artifactKey: Guid(171f4afe5b8b4fc4e97a09253bf70e7d) Importer(815301076,1909f56bfc062723c751e8b465ee728b)
Start importing Assets/Art/Image (1451).png using Guid(171f4afe5b8b4fc4e97a09253bf70e7d) Importer(815301076,1909f56bfc062723c751e8b465ee728b) (PreviewImporter) -> (artifact id: '1d465321019ac04adfdbcf575adc2caa') in 0.0230383 seconds
Number of updated asset objects reloaded before import = 0Number of asset objects unloaded after import = 3

========================================================================
Received Import Request.
  Time since last request: 0.000014 seconds.
  path: Assets/Art/Image (1328).png
  artifactKey: Guid(0a7e0890f8a16c743ad773a742455ad1) Importer(815301076,1909f56bfc062723c751e8b465ee728b)
Start importing Assets/Art/Image (1328).png using Guid(0a7e0890f8a16c743ad773a742455ad1) Importer(815301076,1909f56bfc062723c751e8b465ee728b) (PreviewImporter) -> (artifact id: '890c549e7a9ea6f7a3db2b0cf9a2b337') in 0.0228092 seconds
Number of updated asset objects reloaded before import = 0Number of asset objects unloaded after import = 3

========================================================================
Received Import Request.
  Time since last request: 0.000022 seconds.
  path: Assets/Art/Image (1408).png
  artifactKey: Guid(747cbc2d0cb3720418ce011a31bdfd18) Importer(815301076,1909f56bfc062723c751e8b465ee728b)
Start importing Assets/Art/Image (1408).png using Guid(747cbc2d0cb3720418ce011a31bdfd18) Importer(815301076,1909f56bfc062723c751e8b465ee728b) (PreviewImporter) -> (artifact id: 'a4f2fd3a28428ad031617933c0c5d6b9') in 0.0344676 seconds
Number of updated asset objects reloaded before import = 0Number of asset objects unloaded after import = 3

========================================================================
Received Import Request.
  Time since last request: 0.000036 seconds.
  path: Assets/Art/Image (1367).png
  artifactKey: Guid(008681e7b5e70124bae4f85d019e1b2a) Importer(815301076,1909f56bfc062723c751e8b465ee728b)
Start importing Assets/Art/Image (1367).png using Guid(008681e7b5e70124bae4f85d019e1b2a) Importer(815301076,1909f56bfc062723c751e8b465ee728b) (PreviewImporter) -> (artifact id: '0f2e17b14eb4985d19c380be63e8a248') in 0.024323 seconds
Number of updated asset objects reloaded before import = 0Number of asset objects unloaded after import = 3

========================================================================
Received Import Request.
  Time since last request: 0.000017 seconds.
  path: Assets/Art/Image (1358).png
  artifactKey: Guid(72e199d42124c4a41916a95365a0e2e8) Importer(815301076,1909f56bfc062723c751e8b465ee728b)
Start importing Assets/Art/Image (1358).png using Guid(72e199d42124c4a41916a95365a0e2e8) Importer(815301076,1909f56bfc062723c751e8b465ee728b) (PreviewImporter) -> (artifact id: '4d7d90f69ebbf8ed56da246eb8e14699') in 0.0229487 seconds
Number of updated asset objects reloaded before import = 0Number of asset objects unloaded after import = 3

========================================================================
Received Import Request.
  Time since last request: 0.000020 seconds.
  path: Assets/Art/Image (1501).png
  artifactKey: Guid(d7676c7c369fe004e929a32a860914a9) Importer(815301076,1909f56bfc062723c751e8b465ee728b)
Start importing Assets/Art/Image (1501).png using Guid(d7676c7c369fe004e929a32a860914a9) Importer(815301076,1909f56bfc062723c751e8b465ee728b) (PreviewImporter) -> (artifact id: '429c99a9b57a0b70db9cec1bad7bc38e') in 0.0270448 seconds
Number of updated asset objects reloaded before import = 0Number of asset objects unloaded after import = 3

========================================================================
Received Import Request.
  Time since last request: 0.000013 seconds.
  path: Assets/Art/Image (1479).png
  artifactKey: Guid(9074c88e3b3990c46add34c174efb3d1) Importer(815301076,1909f56bfc062723c751e8b465ee728b)
Start importing Assets/Art/Image (1479).png using Guid(9074c88e3b3990c46add34c174efb3d1) Importer(815301076,1909f56bfc062723c751e8b465ee728b) (PreviewImporter) -> (artifact id: '384ca1419f50e6d83d75bdec3b10443e') in 0.0245994 seconds
Number of updated asset objects reloaded before import = 0Number of asset objects unloaded after import = 3

========================================================================
Received Import Request.
  Time since last request: 0.000012 seconds.
  path: Assets/Art/Image (1243).png
  artifactKey: Guid(ded45cb03ed8f034585c4ca552e59687) Importer(815301076,1909f56bfc062723c751e8b465ee728b)
Start importing Assets/Art/Image (1243).png using Guid(ded45cb03ed8f034585c4ca552e59687) Importer(815301076,1909f56bfc062723c751e8b465ee728b) (PreviewImporter) -> (artifact id: '7bed9cd9f3098f5d3a4e280d5e284a62') in 0.0254457 seconds
Number of updated asset objects reloaded before import = 0Number of asset objects unloaded after import = 3

========================================================================
Received Import Request.
  Time since last request: 0.000022 seconds.
  path: Assets/Art/Image (1391).png
  artifactKey: Guid(7fc596d5f6ae47944b38c867513df784) Importer(815301076,1909f56bfc062723c751e8b465ee728b)
Start importing Assets/Art/Image (1391).png using Guid(7fc596d5f6ae47944b38c867513df784) Importer(815301076,1909f56bfc062723c751e8b465ee728b) (PreviewImporter) -> (artifact id: '3cf66900acf2eef43f5aea8f1479a2d9') in 0.0269191 seconds
Number of updated asset objects reloaded before import = 0Number of asset objects unloaded after import = 3

========================================================================
Received Import Request.
  Time since last request: 0.000036 seconds.
  path: Assets/Art/Image (1407).png
  artifactKey: Guid(8d007e7004c5a334e9a932e94e3c44bb) Importer(815301076,1909f56bfc062723c751e8b465ee728b)
Start importing Assets/Art/Image (1407).png using Guid(8d007e7004c5a334e9a932e94e3c44bb) Importer(815301076,1909f56bfc062723c751e8b465ee728b) (PreviewImporter) -> (artifact id: '96c6c27a2bd81349501cd849fc69db77') in 0.0228587 seconds
Number of updated asset objects reloaded before import = 0Number of asset objects unloaded after import = 3

========================================================================
Received Import Request.
  Time since last request: 0.000020 seconds.
  path: Assets/Art/Image (1081).png
  artifactKey: Guid(2afd107300b0140438dea66d46700c7c) Importer(815301076,1909f56bfc062723c751e8b465ee728b)
Start importing Assets/Art/Image (1081).png using Guid(2afd107300b0140438dea66d46700c7c) Importer(815301076,1909f56bfc062723c751e8b465ee728b) (PreviewImporter) -> (artifact id: '61384963a3f059843b85eb4e33861aa1') in 0.0247552 seconds
Number of updated asset objects reloaded before import = 0Number of asset objects unloaded after import = 3

========================================================================
Received Import Request.
  Time since last request: 0.000013 seconds.
  path: Assets/Art/Image (1497).png
  artifactKey: Guid(74c4858c8643d534f840238fc72af864) Importer(815301076,1909f56bfc062723c751e8b465ee728b)
Start importing Assets/Art/Image (1497).png using Guid(74c4858c8643d534f840238fc72af864) Importer(815301076,1909f56bfc062723c751e8b465ee728b) (PreviewImporter) -> (artifact id: 'c8d5ac7b55a77fa2d85424813f003a0d') in 0.0244235 seconds
Number of updated asset objects reloaded before import = 0Number of asset objects unloaded after import = 3

========================================================================
Received Import Request.
  Time since last request: 0.000020 seconds.
  path: Assets/Art/Image (1399).png
  artifactKey: Guid(ca93310beaf8bdb4dad8f301e43beb46) Importer(815301076,1909f56bfc062723c751e8b465ee728b)
Start importing Assets/Art/Image (1399).png using Guid(ca93310beaf8bdb4dad8f301e43beb46) Importer(815301076,1909f56bfc062723c751e8b465ee728b) (PreviewImporter) -> (artifact id: 'f624c29b320611dc094a2644d7dc501c') in 0.0255826 seconds
Number of updated asset objects reloaded before import = 0Number of asset objects unloaded after import = 3

========================================================================
Received Import Request.
  Time since last request: 0.000035 seconds.
  path: Assets/Art/Image (1422).png
  artifactKey: Guid(7186d23cf6093424c874d1d75e61e5a4) Importer(815301076,1909f56bfc062723c751e8b465ee728b)
Start importing Assets/Art/Image (1422).png using Guid(7186d23cf6093424c874d1d75e61e5a4) Importer(815301076,1909f56bfc062723c751e8b465ee728b) (PreviewImporter) -> (artifact id: '67ae3bcd28bc4ec2db8f4b0d0c818023') in 0.0284348 seconds
Number of updated asset objects reloaded before import = 0Number of asset objects unloaded after import = 3

========================================================================
Received Import Request.
  Time since last request: 0.000016 seconds.
  path: Assets/Art/Image (490).png
  artifactKey: Guid(1eca841b7d10abf45b665f82bfbc941e) Importer(815301076,1909f56bfc062723c751e8b465ee728b)
Start importing Assets/Art/Image (490).png using Guid(1eca841b7d10abf45b665f82bfbc941e) Importer(815301076,1909f56bfc062723c751e8b465ee728b) (PreviewImporter) -> (artifact id: 'efe4ed6cf74f6da198787132878c3ce0') in 0.0273942 seconds
Number of updated asset objects reloaded before import = 0Number of asset objects unloaded after import = 3

========================================================================
Received Import Request.
  Time since last request: 4.971914 seconds.
  path: Assets/Art/Image (1460).png
  artifactKey: Guid(dcb7b53bf4a7d5546be86f949de9f559) Importer(815301076,1909f56bfc062723c751e8b465ee728b)
Start importing Assets/Art/Image (1460).png using Guid(dcb7b53bf4a7d5546be86f949de9f559) Importer(815301076,1909f56bfc062723c751e8b465ee728b) (PreviewImporter) -> (artifact id: '90f327a87c7f1feae0c1b0b79bee482d') in 0.1013649 seconds
Number of updated asset objects reloaded before import = 0Number of asset objects unloaded after import = 3

========================================================================
Received Import Request.
  Time since last request: 0.000012 seconds.
  path: Assets/Art/Image (1130).png
  artifactKey: Guid(cb5c7be6919d7ee4196f243657f3e68b) Importer(815301076,1909f56bfc062723c751e8b465ee728b)
Start importing Assets/Art/Image (1130).png using Guid(cb5c7be6919d7ee4196f243657f3e68b) Importer(815301076,1909f56bfc062723c751e8b465ee728b) (PreviewImporter) -> (artifact id: 'fb2930b69f04b809949876470960aa2e') in 0.065973 seconds
Number of updated asset objects reloaded before import = 0Number of asset objects unloaded after import = 3

========================================================================
Received Import Request.
  Time since last request: 0.000019 seconds.
  path: Assets/Art/Image (1379).png
  artifactKey: Guid(91686f2809a05a24ba0995e30d0736dc) Importer(815301076,1909f56bfc062723c751e8b465ee728b)
Start importing Assets/Art/Image (1379).png using Guid(91686f2809a05a24ba0995e30d0736dc) Importer(815301076,1909f56bfc062723c751e8b465ee728b) (PreviewImporter) -> (artifact id: '822d55c8cd068a1002a6ef2b4fa55490') in 0.0277669 seconds
Number of updated asset objects reloaded before import = 0Number of asset objects unloaded after import = 3

========================================================================
Received Import Request.
  Time since last request: 0.000029 seconds.
  path: Assets/Art/Image (832).png
  artifactKey: Guid(735b313dc9e62a941b6f3ddf90d01ff8) Importer(815301076,1909f56bfc062723c751e8b465ee728b)
Start importing Assets/Art/Image (832).png using Guid(735b313dc9e62a941b6f3ddf90d01ff8) Importer(815301076,1909f56bfc062723c751e8b465ee728b) (PreviewImporter) -> (artifact id: '3a321d5862f14a30b5f7d9408a02b671') in 0.0284973 seconds
Number of updated asset objects reloaded before import = 0Number of asset objects unloaded after import = 3

========================================================================
Received Import Request.
  Time since last request: 0.000014 seconds.
  path: Assets/Art/Image (1419).png
  artifactKey: Guid(5acc4666d77f94c4cbee6364b22c754a) Importer(815301076,1909f56bfc062723c751e8b465ee728b)
Start importing Assets/Art/Image (1419).png using Guid(5acc4666d77f94c4cbee6364b22c754a) Importer(815301076,1909f56bfc062723c751e8b465ee728b) (PreviewImporter) -> (artifact id: '4aa272b9aa30c0d89136b451034fff8a') in 0.0266317 seconds
Number of updated asset objects reloaded before import = 0Number of asset objects unloaded after import = 3

========================================================================
Received Import Request.
  Time since last request: 0.000017 seconds.
  path: Assets/Art/Image (1125).png
  artifactKey: Guid(8d5645e550104c04585ff7c26230ab36) Importer(815301076,1909f56bfc062723c751e8b465ee728b)
Start importing Assets/Art/Image (1125).png using Guid(8d5645e550104c04585ff7c26230ab36) Importer(815301076,1909f56bfc062723c751e8b465ee728b) (PreviewImporter) -> (artifact id: '4236e418bd6b35b02d36826df37c5beb') in 0.0227748 seconds
Number of updated asset objects reloaded before import = 0Number of asset objects unloaded after import = 3

========================================================================
Received Import Request.
  Time since last request: 0.000012 seconds.
  path: Assets/Art/Image (827).png
  artifactKey: Guid(648b53422dedc3048976f6aaab31fe32) Importer(815301076,1909f56bfc062723c751e8b465ee728b)
Start importing Assets/Art/Image (827).png using Guid(648b53422dedc3048976f6aaab31fe32) Importer(815301076,1909f56bfc062723c751e8b465ee728b) (PreviewImporter) -> (artifact id: '3feb0a5dc035fab9d4081f9f92a24f85') in 0.0300725 seconds
Number of updated asset objects reloaded before import = 0Number of asset objects unloaded after import = 3

========================================================================
Received Import Request.
  Time since last request: 0.000016 seconds.
  path: Assets/Art/Image (1106).png
  artifactKey: Guid(a3bee0137778ae64cb7d3ae73b18b006) Importer(815301076,1909f56bfc062723c751e8b465ee728b)
Start importing Assets/Art/Image (1106).png using Guid(a3bee0137778ae64cb7d3ae73b18b006) Importer(815301076,1909f56bfc062723c751e8b465ee728b) (PreviewImporter) -> (artifact id: '3fa051e828b282fbafbdf5920923a289') in 0.0271572 seconds
Number of updated asset objects reloaded before import = 0Number of asset objects unloaded after import = 3

========================================================================
Received Import Request.
  Time since last request: 0.000017 seconds.
  path: Assets/Art/Image (834).png
  artifactKey: Guid(9e208e7976f94f64b9bf0bfbcc7855ba) Importer(815301076,1909f56bfc062723c751e8b465ee728b)
Start importing Assets/Art/Image (834).png using Guid(9e208e7976f94f64b9bf0bfbcc7855ba) Importer(815301076,1909f56bfc062723c751e8b465ee728b) (PreviewImporter) -> (artifact id: '93d9cb0f64d1e8351b655c8578ba3f91') in 0.0273933 seconds
Number of updated asset objects reloaded before import = 0Number of asset objects unloaded after import = 3

========================================================================
Received Import Request.
  Time since last request: 0.000030 seconds.
  path: Assets/Art/Image (429).png
  artifactKey: Guid(cf01d83115f4795409871990f5e31772) Importer(815301076,1909f56bfc062723c751e8b465ee728b)
Start importing Assets/Art/Image (429).png using Guid(cf01d83115f4795409871990f5e31772) Importer(815301076,1909f56bfc062723c751e8b465ee728b) (PreviewImporter) -> (artifact id: '8da735962b455a60668d6b275c4b3e49') in 0.0268312 seconds
Number of updated asset objects reloaded before import = 0Number of asset objects unloaded after import = 3

========================================================================
Received Import Request.
  Time since last request: 0.000018 seconds.
  path: Assets/Art/Image (1102).png
  artifactKey: Guid(485498f98eb5a8444892b9f4dd0e1bae) Importer(815301076,1909f56bfc062723c751e8b465ee728b)
Start importing Assets/Art/Image (1102).png using Guid(485498f98eb5a8444892b9f4dd0e1bae) Importer(815301076,1909f56bfc062723c751e8b465ee728b) (PreviewImporter) -> (artifact id: '5ef825092d054326e1fe4a1c961bf70f') in 0.0250831 seconds
Number of updated asset objects reloaded before import = 0Number of asset objects unloaded after import = 3

========================================================================
Received Import Request.
  Time since last request: 0.000016 seconds.
  path: Assets/Art/Image (1116).png
  artifactKey: Guid(6a9b863bec3b75649a6323b2573c4a05) Importer(815301076,1909f56bfc062723c751e8b465ee728b)
Start importing Assets/Art/Image (1116).png using Guid(6a9b863bec3b75649a6323b2573c4a05) Importer(815301076,1909f56bfc062723c751e8b465ee728b) (PreviewImporter) -> (artifact id: '593990018a7c6c3ca97959fbdfd34e53') in 0.0269228 seconds
Number of updated asset objects reloaded before import = 0Number of asset objects unloaded after import = 3

========================================================================
Received Import Request.
  Time since last request: 69.664060 seconds.
  path: Assets/Art/Image (345).png
  artifactKey: Guid(a064b93b267fe794ebefcb4b169220a9) Importer(815301076,1909f56bfc062723c751e8b465ee728b)
Start importing Assets/Art/Image (345).png using Guid(a064b93b267fe794ebefcb4b169220a9) Importer(815301076,1909f56bfc062723c751e8b465ee728b) (PreviewImporter) -> (artifact id: 'f5a5141dfba74f044aa2f86b8ad12394') in 0.0646083 seconds
Number of updated asset objects reloaded before import = 0Number of asset objects unloaded after import = 3

========================================================================
Received Import Request.
  Time since last request: 0.000017 seconds.
  path: Assets/Art/Image (443).png
  artifactKey: Guid(02e65305146b9714eae353fe9057f98b) Importer(815301076,1909f56bfc062723c751e8b465ee728b)
Start importing Assets/Art/Image (443).png using Guid(02e65305146b9714eae353fe9057f98b) Importer(815301076,1909f56bfc062723c751e8b465ee728b) (PreviewImporter) -> (artifact id: '56c198d44d05e9b96dd048ad8587f520') in 0.0837156 seconds
Number of updated asset objects reloaded before import = 0Number of asset objects unloaded after import = 3

========================================================================
Received Import Request.
  Time since last request: 0.000016 seconds.
  path: Assets/Art/Image (563).png
  artifactKey: Guid(21928eba970ac7848a15c59b32177558) Importer(815301076,1909f56bfc062723c751e8b465ee728b)
Start importing Assets/Art/Image (563).png using Guid(21928eba970ac7848a15c59b32177558) Importer(815301076,1909f56bfc062723c751e8b465ee728b) (PreviewImporter) -> (artifact id: '9f9d30834d4d2a3e3caa42eab19fe507') in 0.085117 seconds
Number of updated asset objects reloaded before import = 0Number of asset objects unloaded after import = 3

========================================================================
Received Import Request.
  Time since last request: 0.000020 seconds.
  path: Assets/Art/Image (707).png
  artifactKey: Guid(ca7a0d6c1d10ee248a32f42b6853a524) Importer(815301076,1909f56bfc062723c751e8b465ee728b)
Start importing Assets/Art/Image (707).png using Guid(ca7a0d6c1d10ee248a32f42b6853a524) Importer(815301076,1909f56bfc062723c751e8b465ee728b) (PreviewImporter) -> (artifact id: 'a8b9556b708ae70e205c5517892e9def') in 0.0586046 seconds
Number of updated asset objects reloaded before import = 0Number of asset objects unloaded after import = 3

========================================================================
Received Import Request.
  Time since last request: 0.000016 seconds.
  path: Assets/Art/Image (686).png
  artifactKey: Guid(f2c21bba00521a646886934475e2f5e4) Importer(815301076,1909f56bfc062723c751e8b465ee728b)
Start importing Assets/Art/Image (686).png using Guid(f2c21bba00521a646886934475e2f5e4) Importer(815301076,1909f56bfc062723c751e8b465ee728b) (PreviewImporter) -> (artifact id: '9b6dcd657d91f03c8dc10c29d568a535') in 0.023353 seconds
Number of updated asset objects reloaded before import = 0Number of asset objects unloaded after import = 3

========================================================================
Received Import Request.
  Time since last request: 0.000014 seconds.
  path: Assets/Art/Image (573).png
  artifactKey: Guid(60d0d5b73cd01c5478f3ce39d434e3e3) Importer(815301076,1909f56bfc062723c751e8b465ee728b)
Start importing Assets/Art/Image (573).png using Guid(60d0d5b73cd01c5478f3ce39d434e3e3) Importer(815301076,1909f56bfc062723c751e8b465ee728b) (PreviewImporter) -> (artifact id: '27173abf9411f7e16462517a0c1b12f1') in 0.0290081 seconds
Number of updated asset objects reloaded before import = 0Number of asset objects unloaded after import = 3

========================================================================
Received Import Request.
  Time since last request: 0.000029 seconds.
  path: Assets/Art/Image (697).png
  artifactKey: Guid(2aeccd93b016eed429e2db2e7a8868e2) Importer(815301076,1909f56bfc062723c751e8b465ee728b)
Start importing Assets/Art/Image (697).png using Guid(2aeccd93b016eed429e2db2e7a8868e2) Importer(815301076,1909f56bfc062723c751e8b465ee728b) (PreviewImporter) -> (artifact id: '4c41814cdecea3a2748e3f99e4d2258c') in 0.0264251 seconds
Number of updated asset objects reloaded before import = 0Number of asset objects unloaded after import = 3

========================================================================
Received Import Request.
  Time since last request: 0.000022 seconds.
  path: Assets/Art/Image (552).png
  artifactKey: Guid(08decf8c260210745a06b5cad9a209a2) Importer(815301076,1909f56bfc062723c751e8b465ee728b)
Start importing Assets/Art/Image (552).png using Guid(08decf8c260210745a06b5cad9a209a2) Importer(815301076,1909f56bfc062723c751e8b465ee728b) (PreviewImporter) -> (artifact id: '077833bad718e67c54f3dc8c44683a8e') in 0.0287504 seconds
Number of updated asset objects reloaded before import = 0Number of asset objects unloaded after import = 3

========================================================================
Received Import Request.
  Time since last request: 0.000028 seconds.
  path: Assets/Art/Image (1046).png
  artifactKey: Guid(6ddcf0645c8a45c438f7d8e065b3abba) Importer(815301076,1909f56bfc062723c751e8b465ee728b)
Start importing Assets/Art/Image (1046).png using Guid(6ddcf0645c8a45c438f7d8e065b3abba) Importer(815301076,1909f56bfc062723c751e8b465ee728b) (PreviewImporter) -> (artifact id: 'c14ebd1a4389e1ac6b02eb29dfaaa8fa') in 0.0254227 seconds
Number of updated asset objects reloaded before import = 0Number of asset objects unloaded after import = 3

========================================================================
Received Import Request.
  Time since last request: 0.000022 seconds.
  path: Assets/Art/Image (1065).png
  artifactKey: Guid(aad34564b3dbfe940bd55a9c26d71fe2) Importer(815301076,1909f56bfc062723c751e8b465ee728b)
Start importing Assets/Art/Image (1065).png using Guid(aad34564b3dbfe940bd55a9c26d71fe2) Importer(815301076,1909f56bfc062723c751e8b465ee728b) (PreviewImporter) -> (artifact id: '0baa4f8652e10db8ac36b9ee0d274d7d') in 0.0293431 seconds
Number of updated asset objects reloaded before import = 0Number of asset objects unloaded after import = 3

========================================================================
Received Import Request.
  Time since last request: 0.000013 seconds.
  path: Assets/Art/Image (1053).png
  artifactKey: Guid(34903524768301d4fb33dbb3b98caab7) Importer(815301076,1909f56bfc062723c751e8b465ee728b)
Start importing Assets/Art/Image (1053).png using Guid(34903524768301d4fb33dbb3b98caab7) Importer(815301076,1909f56bfc062723c751e8b465ee728b) (PreviewImporter) -> (artifact id: 'b3bdfec2180572683facc4772281a5ab') in 0.0266664 seconds
Number of updated asset objects reloaded before import = 0Number of asset objects unloaded after import = 3

========================================================================
Received Import Request.
  Time since last request: 0.000018 seconds.
  path: Assets/Art/Image (1140).png
  artifactKey: Guid(24836211853f5d34ebf265d39461cfd7) Importer(815301076,1909f56bfc062723c751e8b465ee728b)
Start importing Assets/Art/Image (1140).png using Guid(24836211853f5d34ebf265d39461cfd7) Importer(815301076,1909f56bfc062723c751e8b465ee728b) (PreviewImporter) -> (artifact id: '8b4a5bb2bfaa084330a411f56cafefab') in 0.0266168 seconds
Number of updated asset objects reloaded before import = 0Number of asset objects unloaded after import = 3

========================================================================
Received Import Request.
  Time since last request: 0.000015 seconds.
  path: Assets/Art/Image (1134).png
  artifactKey: Guid(707c3f68823926949a8225ba3a4b85ea) Importer(815301076,1909f56bfc062723c751e8b465ee728b)
Start importing Assets/Art/Image (1134).png using Guid(707c3f68823926949a8225ba3a4b85ea) Importer(815301076,1909f56bfc062723c751e8b465ee728b) (PreviewImporter) -> (artifact id: '66eaf5cce08b5a8b4e313d575462719f') in 0.023191 seconds
Number of updated asset objects reloaded before import = 0Number of asset objects unloaded after import = 3

========================================================================
Received Import Request.
  Time since last request: 0.000025 seconds.
  path: Assets/Art/Image (600).png
  artifactKey: Guid(1d427a27a7eba904d881226b85a8f5f1) Importer(815301076,1909f56bfc062723c751e8b465ee728b)
Start importing Assets/Art/Image (600).png using Guid(1d427a27a7eba904d881226b85a8f5f1) Importer(815301076,1909f56bfc062723c751e8b465ee728b) (PreviewImporter) -> (artifact id: 'c0baf183dcb3ec6cf5c72ec8f41b34de') in 0.0247715 seconds
Number of updated asset objects reloaded before import = 0Number of asset objects unloaded after import = 3

========================================================================
Received Import Request.
  Time since last request: 0.000023 seconds.
  path: Assets/Art/Image (698).png
  artifactKey: Guid(e18303161d98fac49a7b5d59ffa0eec6) Importer(815301076,1909f56bfc062723c751e8b465ee728b)
Start importing Assets/Art/Image (698).png using Guid(e18303161d98fac49a7b5d59ffa0eec6) Importer(815301076,1909f56bfc062723c751e8b465ee728b) (PreviewImporter) -> (artifact id: 'e9d1df2e27fad7e1caeb4da50f3c5b87') in 0.0266066 seconds
Number of updated asset objects reloaded before import = 0Number of asset objects unloaded after import = 3

========================================================================
Received Import Request.
  Time since last request: 0.000021 seconds.
  path: Assets/Art/Image (603).png
  artifactKey: Guid(30e842f65231da04ca0dc0a3998a3c11) Importer(815301076,1909f56bfc062723c751e8b465ee728b)
Start importing Assets/Art/Image (603).png using Guid(30e842f65231da04ca0dc0a3998a3c11) Importer(815301076,1909f56bfc062723c751e8b465ee728b) (PreviewImporter) -> (artifact id: 'd241163d49e81995ccf59b70184cc0ee') in 0.0249182 seconds
Number of updated asset objects reloaded before import = 0Number of asset objects unloaded after import = 3

========================================================================
Received Import Request.
  Time since last request: 0.000017 seconds.
  path: Assets/Art/Image (1063).png
  artifactKey: Guid(5620e3da967e8b243843396300c6c503) Importer(815301076,1909f56bfc062723c751e8b465ee728b)
Start importing Assets/Art/Image (1063).png using Guid(5620e3da967e8b243843396300c6c503) Importer(815301076,1909f56bfc062723c751e8b465ee728b) (PreviewImporter) -> (artifact id: 'e825dbb6a812ce83b01da6c734cf5fe0') in 0.0259643 seconds
Number of updated asset objects reloaded before import = 0Number of asset objects unloaded after import = 3

========================================================================
Received Import Request.
  Time since last request: 0.000013 seconds.
  path: Assets/Art/Image (797).png
  artifactKey: Guid(9f52cf9cb3fcd5b44a6c7ed9227d0dd5) Importer(815301076,1909f56bfc062723c751e8b465ee728b)
Start importing Assets/Art/Image (797).png using Guid(9f52cf9cb3fcd5b44a6c7ed9227d0dd5) Importer(815301076,1909f56bfc062723c751e8b465ee728b) (PreviewImporter) -> (artifact id: '7887ac39fedf6cc6d5a9d329c522ecce') in 0.0376572 seconds
Number of updated asset objects reloaded before import = 0Number of asset objects unloaded after import = 3

========================================================================
Received Import Request.
  Time since last request: 0.259245 seconds.
  path: Assets/Art/Image (1054).png
  artifactKey: Guid(e599b173a293ba24e8df3551304dd96b) Importer(815301076,1909f56bfc062723c751e8b465ee728b)
Start importing Assets/Art/Image (1054).png using Guid(e599b173a293ba24e8df3551304dd96b) Importer(815301076,1909f56bfc062723c751e8b465ee728b) (PreviewImporter) -> (artifact id: '6a36d38802dc8c19c77e4da3c4497463') in 0.023959 seconds
Number of updated asset objects reloaded before import = 0Number of asset objects unloaded after import = 3

========================================================================
Received Import Request.
  Time since last request: 1.487712 seconds.
  path: Assets/Art/Image (798).png
  artifactKey: Guid(0d75eda4cef564642a4641a981e3a79a) Importer(815301076,1909f56bfc062723c751e8b465ee728b)
Start importing Assets/Art/Image (798).png using Guid(0d75eda4cef564642a4641a981e3a79a) Importer(815301076,1909f56bfc062723c751e8b465ee728b) (PreviewImporter) -> (artifact id: '9c5afa71d455b47b79403904656d01f9') in 0.0367857 seconds
Number of updated asset objects reloaded before import = 0Number of asset objects unloaded after import = 3

========================================================================
Received Import Request.
  Time since last request: 0.000017 seconds.
  path: Assets/Art/Image (800).png
  artifactKey: Guid(cf38deee4855e144c9e381284a1984e8) Importer(815301076,1909f56bfc062723c751e8b465ee728b)
Start importing Assets/Art/Image (800).png using Guid(cf38deee4855e144c9e381284a1984e8) Importer(815301076,1909f56bfc062723c751e8b465ee728b) (PreviewImporter) -> (artifact id: '216a03874d2471a38ba3f6f4dc27c5e4') in 0.0314783 seconds
Number of updated asset objects reloaded before import = 0Number of asset objects unloaded after import = 3

========================================================================
Received Import Request.
  Time since last request: 0.460490 seconds.
  path: Assets/Art/Image (749).png
  artifactKey: Guid(47765ff5587ad004c80667359a6811ad) Importer(815301076,1909f56bfc062723c751e8b465ee728b)
Start importing Assets/Art/Image (749).png using Guid(47765ff5587ad004c80667359a6811ad) Importer(815301076,1909f56bfc062723c751e8b465ee728b) (PreviewImporter) -> (artifact id: '1c92a313449a6973558b572be7ea659d') in 0.0326725 seconds
Number of updated asset objects reloaded before import = 0Number of asset objects unloaded after import = 3

========================================================================
Received Import Request.
  Time since last request: 0.000018 seconds.
  path: Assets/Art/Image (756).png
  artifactKey: Guid(55401e6c104654b469f88ae4beaadfef) Importer(815301076,1909f56bfc062723c751e8b465ee728b)
Start importing Assets/Art/Image (756).png using Guid(55401e6c104654b469f88ae4beaadfef) Importer(815301076,1909f56bfc062723c751e8b465ee728b) (PreviewImporter) -> (artifact id: '8f63ec1e6dd8f9777462bbef4d51009c') in 0.0548456 seconds
Number of updated asset objects reloaded before import = 0Number of asset objects unloaded after import = 3

========================================================================
Received Import Request.
  Time since last request: 0.000021 seconds.
  path: Assets/Art/Image (708).png
  artifactKey: Guid(c2dc4fbcf2c47b840b223a95c3b5d9e6) Importer(815301076,1909f56bfc062723c751e8b465ee728b)
Start importing Assets/Art/Image (708).png using Guid(c2dc4fbcf2c47b840b223a95c3b5d9e6) Importer(815301076,1909f56bfc062723c751e8b465ee728b) (PreviewImporter) -> (artifact id: '6b226529f1eb808d64b51f72b69f9d17') in 0.0386733 seconds
Number of updated asset objects reloaded before import = 0Number of asset objects unloaded after import = 3

========================================================================
Received Import Request.
  Time since last request: 0.759285 seconds.
  path: Assets/Art/Image (620).png
  artifactKey: Guid(9b0083b1d2d514e47aab4eb1b9effce0) Importer(815301076,1909f56bfc062723c751e8b465ee728b)
Start importing Assets/Art/Image (620).png using Guid(9b0083b1d2d514e47aab4eb1b9effce0) Importer(815301076,1909f56bfc062723c751e8b465ee728b) (PreviewImporter) -> (artifact id: '221d1f478581e467e110301a96c732b5') in 0.0307926 seconds
Number of updated asset objects reloaded before import = 0Number of asset objects unloaded after import = 3

========================================================================
Received Import Request.
  Time since last request: 0.000015 seconds.
  path: Assets/Art/Image (588).png
  artifactKey: Guid(6f941237aca72c8449768b82d244dd97) Importer(815301076,1909f56bfc062723c751e8b465ee728b)
Start importing Assets/Art/Image (588).png using Guid(6f941237aca72c8449768b82d244dd97) Importer(815301076,1909f56bfc062723c751e8b465ee728b) (PreviewImporter) -> (artifact id: '5efa069338cdcec2a88f06fd2f9a82c5') in 0.025291 seconds
Number of updated asset objects reloaded before import = 0Number of asset objects unloaded after import = 3

========================================================================
Received Import Request.
  Time since last request: 0.000020 seconds.
  path: Assets/Art/Image (558).png
  artifactKey: Guid(19498a75f41b3084ba1beb159475eee3) Importer(815301076,1909f56bfc062723c751e8b465ee728b)
Start importing Assets/Art/Image (558).png using Guid(19498a75f41b3084ba1beb159475eee3) Importer(815301076,1909f56bfc062723c751e8b465ee728b) (PreviewImporter) -> (artifact id: '825027bed06545737999f416f6f5c5b1') in 0.0247849 seconds
Number of updated asset objects reloaded before import = 0Number of asset objects unloaded after import = 3

========================================================================
Received Import Request.
  Time since last request: 0.000024 seconds.
  path: Assets/Art/Image (611).png
  artifactKey: Guid(9d523f8d1fa1749478e9f66303b1cda9) Importer(815301076,1909f56bfc062723c751e8b465ee728b)
Start importing Assets/Art/Image (611).png using Guid(9d523f8d1fa1749478e9f66303b1cda9) Importer(815301076,1909f56bfc062723c751e8b465ee728b) (PreviewImporter) -> (artifact id: 'f2716afd7c26796d12c2bd087b0daf54') in 0.0233956 seconds
Number of updated asset objects reloaded before import = 0Number of asset objects unloaded after import = 3

========================================================================
Received Import Request.
  Time since last request: 0.000025 seconds.
  path: Assets/Art/Image (629).png
  artifactKey: Guid(e1764aab57e2a6844869af083aabfe43) Importer(815301076,1909f56bfc062723c751e8b465ee728b)
Start importing Assets/Art/Image (629).png using Guid(e1764aab57e2a6844869af083aabfe43) Importer(815301076,1909f56bfc062723c751e8b465ee728b) (PreviewImporter) -> (artifact id: '7b4acb8bdf853c1ca0e159a4e8cf8638') in 0.0261463 seconds
Number of updated asset objects reloaded before import = 0Number of asset objects unloaded after import = 3

========================================================================
Received Import Request.
  Time since last request: 0.000013 seconds.
  path: Assets/Art/Image (469).png
  artifactKey: Guid(98446e723de4f134ba53a85a50c2dd46) Importer(815301076,1909f56bfc062723c751e8b465ee728b)
Start importing Assets/Art/Image (469).png using Guid(98446e723de4f134ba53a85a50c2dd46) Importer(815301076,1909f56bfc062723c751e8b465ee728b) (PreviewImporter) -> (artifact id: '0bbe3eada17597934523a83cd8e47ade') in 0.0284015 seconds
Number of updated asset objects reloaded before import = 0Number of asset objects unloaded after import = 3

========================================================================
Received Import Request.
  Time since last request: 0.000013 seconds.
  path: Assets/Art/Image (610).png
  artifactKey: Guid(4ffeebd8ce3f29e469223024b5803ba5) Importer(815301076,1909f56bfc062723c751e8b465ee728b)
Start importing Assets/Art/Image (610).png using Guid(4ffeebd8ce3f29e469223024b5803ba5) Importer(815301076,1909f56bfc062723c751e8b465ee728b) (PreviewImporter) -> (artifact id: 'b931773890adff6eee1dbf47c7c15b55') in 0.0281903 seconds
Number of updated asset objects reloaded before import = 0Number of asset objects unloaded after import = 3

========================================================================
Received Import Request.
  Time since last request: 0.000018 seconds.
  path: Assets/Art/Image (389).png
  artifactKey: Guid(bfc6a3a640eab5f419633460f5226365) Importer(815301076,1909f56bfc062723c751e8b465ee728b)
Start importing Assets/Art/Image (389).png using Guid(bfc6a3a640eab5f419633460f5226365) Importer(815301076,1909f56bfc062723c751e8b465ee728b) (PreviewImporter) -> (artifact id: '1dc1271fc9ae285cd5e60d317270bbd0') in 0.0283088 seconds
Number of updated asset objects reloaded before import = 0Number of asset objects unloaded after import = 3

========================================================================
Received Import Request.
  Time since last request: 0.000020 seconds.
  path: Assets/Art/Image (337).png
  artifactKey: Guid(2f3bddaf84277bc49ad43feec581fc53) Importer(815301076,1909f56bfc062723c751e8b465ee728b)
Start importing Assets/Art/Image (337).png using Guid(2f3bddaf84277bc49ad43feec581fc53) Importer(815301076,1909f56bfc062723c751e8b465ee728b) (PreviewImporter) -> (artifact id: 'e0ce53e90bced41010f76700b22b5469') in 0.0281456 seconds
Number of updated asset objects reloaded before import = 0Number of asset objects unloaded after import = 3

========================================================================
Received Import Request.
  Time since last request: 42.830386 seconds.
  path: Assets/Art/Image (43) 2.png
  artifactKey: Guid(fc0cedb50520286438ea2c5abafc382c) Importer(815301076,1909f56bfc062723c751e8b465ee728b)
Start importing Assets/Art/Image (43) 2.png using Guid(fc0cedb50520286438ea2c5abafc382c) Importer(815301076,1909f56bfc062723c751e8b465ee728b) (PreviewImporter) -> (artifact id: 'c4ec0b196386e5de784e17014b170de8') in 0.0953615 seconds
Number of updated asset objects reloaded before import = 0Number of asset objects unloaded after import = 3

Editor requested this worker to shutdown with reason: Scaling down because of idle timeout
AssetImportWorker is now disconnected from the server
Process exiting
Exiting without the bug reporter. Application will terminate with return code 0